Archive member included to satisfy reference by file (symbol)

C:/ST/STM32CubeIDE_1.15.0/STM32CubeIDE/plugins/com.st.stm32cube.ide.mcu.externaltools.gnu-tools-for-stm32.12.3.rel1.win32_1.0.100.202403111256/tools/bin/../lib/gcc/arm-none-eabi/12.3.1/../../../../arm-none-eabi/lib/thumb/v7e-m/nofp\libm.a(libm_a-wf_asin.o)
                              ./CommonTx/mlrs-tx.o (asinf)
C:/ST/STM32CubeIDE_1.15.0/STM32CubeIDE/plugins/com.st.stm32cube.ide.mcu.externaltools.gnu-tools-for-stm32.12.3.rel1.win32_1.0.100.202403111256/tools/bin/../lib/gcc/arm-none-eabi/12.3.1/../../../../arm-none-eabi/lib/thumb/v7e-m/nofp\libm.a(libm_a-wf_atan2.o)
                              ./CommonTx/mlrs-tx.o (atan2f)
C:/ST/STM32CubeIDE_1.15.0/STM32CubeIDE/plugins/com.st.stm32cube.ide.mcu.externaltools.gnu-tools-for-stm32.12.3.rel1.win32_1.0.100.202403111256/tools/bin/../lib/gcc/arm-none-eabi/12.3.1/../../../../arm-none-eabi/lib/thumb/v7e-m/nofp\libm.a(libm_a-wf_sqrt.o)
                              ./CommonTx/mlrs-tx.o (sqrtf)
C:/ST/STM32CubeIDE_1.15.0/STM32CubeIDE/plugins/com.st.stm32cube.ide.mcu.externaltools.gnu-tools-for-stm32.12.3.rel1.win32_1.0.100.202403111256/tools/bin/../lib/gcc/arm-none-eabi/12.3.1/../../../../arm-none-eabi/lib/thumb/v7e-m/nofp\libm.a(libm_a-sf_cos.o)
                              ./CommonTx/mlrs-tx.o (cosf)
C:/ST/STM32CubeIDE_1.15.0/STM32CubeIDE/plugins/com.st.stm32cube.ide.mcu.externaltools.gnu-tools-for-stm32.12.3.rel1.win32_1.0.100.202403111256/tools/bin/../lib/gcc/arm-none-eabi/12.3.1/../../../../arm-none-eabi/lib/thumb/v7e-m/nofp\libm.a(libm_a-sf_fabs.o)
                              C:/ST/STM32CubeIDE_1.15.0/STM32CubeIDE/plugins/com.st.stm32cube.ide.mcu.externaltools.gnu-tools-for-stm32.12.3.rel1.win32_1.0.100.202403111256/tools/bin/../lib/gcc/arm-none-eabi/12.3.1/../../../../arm-none-eabi/lib/thumb/v7e-m/nofp\libm.a(libm_a-wf_asin.o) (fabsf)
C:/ST/STM32CubeIDE_1.15.0/STM32CubeIDE/plugins/com.st.stm32cube.ide.mcu.externaltools.gnu-tools-for-stm32.12.3.rel1.win32_1.0.100.202403111256/tools/bin/../lib/gcc/arm-none-eabi/12.3.1/../../../../arm-none-eabi/lib/thumb/v7e-m/nofp\libm.a(libm_a-sf_sin.o)
                              ./CommonTx/mlrs-tx.o (sinf)
C:/ST/STM32CubeIDE_1.15.0/STM32CubeIDE/plugins/com.st.stm32cube.ide.mcu.externaltools.gnu-tools-for-stm32.12.3.rel1.win32_1.0.100.202403111256/tools/bin/../lib/gcc/arm-none-eabi/12.3.1/../../../../arm-none-eabi/lib/thumb/v7e-m/nofp\libm.a(libm_a-sf_nan.o)
                              C:/ST/STM32CubeIDE_1.15.0/STM32CubeIDE/plugins/com.st.stm32cube.ide.mcu.externaltools.gnu-tools-for-stm32.12.3.rel1.win32_1.0.100.202403111256/tools/bin/../lib/gcc/arm-none-eabi/12.3.1/../../../../arm-none-eabi/lib/thumb/v7e-m/nofp\libm.a(libm_a-wf_asin.o) (nanf)
C:/ST/STM32CubeIDE_1.15.0/STM32CubeIDE/plugins/com.st.stm32cube.ide.mcu.externaltools.gnu-tools-for-stm32.12.3.rel1.win32_1.0.100.202403111256/tools/bin/../lib/gcc/arm-none-eabi/12.3.1/../../../../arm-none-eabi/lib/thumb/v7e-m/nofp\libm.a(libm_a-ef_sqrt.o)
                              C:/ST/STM32CubeIDE_1.15.0/STM32CubeIDE/plugins/com.st.stm32cube.ide.mcu.externaltools.gnu-tools-for-stm32.12.3.rel1.win32_1.0.100.202403111256/tools/bin/../lib/gcc/arm-none-eabi/12.3.1/../../../../arm-none-eabi/lib/thumb/v7e-m/nofp\libm.a(libm_a-wf_sqrt.o) (__ieee754_sqrtf)
C:/ST/STM32CubeIDE_1.15.0/STM32CubeIDE/plugins/com.st.stm32cube.ide.mcu.externaltools.gnu-tools-for-stm32.12.3.rel1.win32_1.0.100.202403111256/tools/bin/../lib/gcc/arm-none-eabi/12.3.1/../../../../arm-none-eabi/lib/thumb/v7e-m/nofp\libm.a(libm_a-sf_round.o)
                              ./Common/thirdparty/thirdparty.o (roundf)
C:/ST/STM32CubeIDE_1.15.0/STM32CubeIDE/plugins/com.st.stm32cube.ide.mcu.externaltools.gnu-tools-for-stm32.12.3.rel1.win32_1.0.100.202403111256/tools/bin/../lib/gcc/arm-none-eabi/12.3.1/../../../../arm-none-eabi/lib/thumb/v7e-m/nofp\libm.a(libm_a-kf_cos.o)
                              C:/ST/STM32CubeIDE_1.15.0/STM32CubeIDE/plugins/com.st.stm32cube.ide.mcu.externaltools.gnu-tools-for-stm32.12.3.rel1.win32_1.0.100.202403111256/tools/bin/../lib/gcc/arm-none-eabi/12.3.1/../../../../arm-none-eabi/lib/thumb/v7e-m/nofp\libm.a(libm_a-sf_cos.o) (__kernel_cosf)
C:/ST/STM32CubeIDE_1.15.0/STM32CubeIDE/plugins/com.st.stm32cube.ide.mcu.externaltools.gnu-tools-for-stm32.12.3.rel1.win32_1.0.100.202403111256/tools/bin/../lib/gcc/arm-none-eabi/12.3.1/../../../../arm-none-eabi/lib/thumb/v7e-m/nofp\libm.a(libm_a-kf_sin.o)
                              C:/ST/STM32CubeIDE_1.15.0/STM32CubeIDE/plugins/com.st.stm32cube.ide.mcu.externaltools.gnu-tools-for-stm32.12.3.rel1.win32_1.0.100.202403111256/tools/bin/../lib/gcc/arm-none-eabi/12.3.1/../../../../arm-none-eabi/lib/thumb/v7e-m/nofp\libm.a(libm_a-sf_cos.o) (__kernel_sinf)
[...]
Memory Configuration

Name             Origin             Length             Attributes
RAM              0x20000000         0x00010000         xrw
RAM2             0x10000000         0x00008000         xrw
FLASH            0x08000000         0x00040000         xr
*default*        0x00000000         0xffffffff

Linker script and memory map

LOAD C:/ST/STM32CubeIDE_1.15.0/STM32CubeIDE/plugins/com.st.stm32cube.ide.mcu.externaltools.gnu-tools-for-stm32.12.3.rel1.win32_1.0.100.202403111256/tools/bin/../lib/gcc/arm-none-eabi/12.3.1/thumb/v7e-m/nofp/crti.o
LOAD C:/ST/STM32CubeIDE_1.15.0/STM32CubeIDE/plugins/com.st.stm32cube.ide.mcu.externaltools.gnu-tools-for-stm32.12.3.rel1.win32_1.0.100.202403111256/tools/bin/../lib/gcc/arm-none-eabi/12.3.1/thumb/v7e-m/nofp/crtbegin.o
LOAD C:/ST/STM32CubeIDE_1.15.0/STM32CubeIDE/plugins/com.st.stm32cube.ide.mcu.externaltools.gnu-tools-for-stm32.12.3.rel1.win32_1.0.100.202403111256/tools/bin/../lib/gcc/arm-none-eabi/12.3.1/../../../../arm-none-eabi/lib/thumb/v7e-m/nofp/crt0.o
LOAD ./Common/channel_order.o
LOAD ./Common/common_types.o
LOAD ./Common/diversity.o
LOAD ./Common/fhss.o
LOAD ./Common/link_types.o
LOAD ./Common/while.o
LOAD ./Common/libs/filters.o
LOAD ./Common/thirdparty/gdisp.o
LOAD ./Common/thirdparty/thirdparty.o
LOAD ./CommonTx/config_id.o
LOAD ./CommonTx/in.o
LOAD ./CommonTx/mlrs-tx.o
LOAD ./Core/Src/main.o
LOAD ./Core/Src/stm32wlxx_hal_msp.o
LOAD ./Core/Src/stm32wlxx_it.o
LOAD ./Core/Src/syscalls.o
LOAD ./Core/Src/sysmem.o
LOAD ./Core/Src/system_stm32wlxx.o
LOAD ./Core/Startup/startup_stm32wle5ccux.o
LOAD ./Drivers/STM32WLxx_HAL_Driver/Src/stm32wlxx_hal.o
LOAD ./Drivers/STM32WLxx_HAL_Driver/Src/stm32wlxx_hal_cortex.o
LOAD ./Drivers/STM32WLxx_HAL_Driver/Src/stm32wlxx_hal_flash.o
LOAD ./Drivers/STM32WLxx_HAL_Driver/Src/stm32wlxx_hal_flash_ex.o
LOAD ./Drivers/STM32WLxx_HAL_Driver/Src/stm32wlxx_hal_i2c.o
LOAD ./Drivers/STM32WLxx_HAL_Driver/Src/stm32wlxx_hal_i2c_ex.o
LOAD ./Drivers/STM32WLxx_HAL_Driver/Src/stm32wlxx_hal_pwr.o
LOAD ./Drivers/STM32WLxx_HAL_Driver/Src/stm32wlxx_hal_pwr_ex.o
LOAD ./Drivers/STM32WLxx_HAL_Driver/Src/stm32wlxx_hal_rcc.o
LOAD ./Drivers/STM32WLxx_HAL_Driver/Src/stm32wlxx_hal_rcc_ex.o
LOAD ./Drivers/STM32WLxx_HAL_Driver/Src/stm32wlxx_ll_adc.o
LOAD ./Drivers/STM32WLxx_HAL_Driver/Src/stm32wlxx_ll_comp.o
LOAD ./Drivers/STM32WLxx_HAL_Driver/Src/stm32wlxx_ll_crc.o
LOAD ./Drivers/STM32WLxx_HAL_Driver/Src/stm32wlxx_ll_dac.o
LOAD ./Drivers/STM32WLxx_HAL_Driver/Src/stm32wlxx_ll_dma.o
LOAD ./Drivers/STM32WLxx_HAL_Driver/Src/stm32wlxx_ll_exti.o
LOAD ./Drivers/STM32WLxx_HAL_Driver/Src/stm32wlxx_ll_gpio.o
LOAD ./Drivers/STM32WLxx_HAL_Driver/Src/stm32wlxx_ll_i2c.o
LOAD ./Drivers/STM32WLxx_HAL_Driver/Src/stm32wlxx_ll_lptim.o
LOAD ./Drivers/STM32WLxx_HAL_Driver/Src/stm32wlxx_ll_lpuart.o
LOAD ./Drivers/STM32WLxx_HAL_Driver/Src/stm32wlxx_ll_pka.o
LOAD ./Drivers/STM32WLxx_HAL_Driver/Src/stm32wlxx_ll_pwr.o
LOAD ./Drivers/STM32WLxx_HAL_Driver/Src/stm32wlxx_ll_rcc.o
LOAD ./Drivers/STM32WLxx_HAL_Driver/Src/stm32wlxx_ll_rng.o
LOAD ./Drivers/STM32WLxx_HAL_Driver/Src/stm32wlxx_ll_rtc.o
LOAD ./Drivers/STM32WLxx_HAL_Driver/Src/stm32wlxx_ll_spi.o
LOAD ./Drivers/STM32WLxx_HAL_Driver/Src/stm32wlxx_ll_tim.o
LOAD ./Drivers/STM32WLxx_HAL_Driver/Src/stm32wlxx_ll_usart.o
LOAD ./Drivers/STM32WLxx_HAL_Driver/Src/stm32wlxx_ll_utils.o
LOAD ./modules/stm32-usb-device/usbd_cdc_if.o
LOAD ./modules/stm32-usb-device/usbd_conf.o
LOAD ./modules/stm32-usb-device/usbd_desc.o
LOAD ./modules/stm32ll-lib/src/stdstm32.o
LOAD ./modules/sx12xx-lib/src/sx126x.o
LOAD ./modules/sx12xx-lib/src/sx127x.o
LOAD ./modules/sx12xx-lib/src/sx128x.o
START GROUP
LOAD C:/ST/STM32CubeIDE_1.15.0/STM32CubeIDE/plugins/com.st.stm32cube.ide.mcu.externaltools.gnu-tools-for-stm32.12.3.rel1.win32_1.0.100.202403111256/tools/bin/../lib/gcc/arm-none-eabi/12.3.1/../../../../arm-none-eabi/lib/thumb/v7e-m/nofp\libstdc++_nano.a
LOAD C:/ST/STM32CubeIDE_1.15.0/STM32CubeIDE/plugins/com.st.stm32cube.ide.mcu.externaltools.gnu-tools-for-stm32.12.3.rel1.win32_1.0.100.202403111256/tools/bin/../lib/gcc/arm-none-eabi/12.3.1/../../../../arm-none-eabi/lib/thumb/v7e-m/nofp\libsupc++_nano.a
END GROUP
LOAD C:/ST/STM32CubeIDE_1.15.0/STM32CubeIDE/plugins/com.st.stm32cube.ide.mcu.externaltools.gnu-tools-for-stm32.12.3.rel1.win32_1.0.100.202403111256/tools/bin/../lib/gcc/arm-none-eabi/12.3.1/../../../../arm-none-eabi/lib/thumb/v7e-m/nofp\libstdc++_nano.a
LOAD C:/ST/STM32CubeIDE_1.15.0/STM32CubeIDE/plugins/com.st.stm32cube.ide.mcu.externaltools.gnu-tools-for-stm32.12.3.rel1.win32_1.0.100.202403111256/tools/bin/../lib/gcc/arm-none-eabi/12.3.1/../../../../arm-none-eabi/lib/thumb/v7e-m/nofp\libm.a
LOAD C:/ST/STM32CubeIDE_1.15.0/STM32CubeIDE/plugins/com.st.stm32cube.ide.mcu.externaltools.gnu-tools-for-stm32.12.3.rel1.win32_1.0.100.202403111256/tools/bin/../lib/gcc/arm-none-eabi/12.3.1/../../../../arm-none-eabi/lib/thumb/v7e-m/nofp\libc_nano.a
START GROUP
LOAD C:/ST/STM32CubeIDE_1.15.0/STM32CubeIDE/plugins/com.st.stm32cube.ide.mcu.externaltools.gnu-tools-for-stm32.12.3.rel1.win32_1.0.100.202403111256/tools/bin/../lib/gcc/arm-none-eabi/12.3.1/thumb/v7e-m/nofp\libgcc.a
LOAD C:/ST/STM32CubeIDE_1.15.0/STM32CubeIDE/plugins/com.st.stm32cube.ide.mcu.externaltools.gnu-tools-for-stm32.12.3.rel1.win32_1.0.100.202403111256/tools/bin/../lib/gcc/arm-none-eabi/12.3.1/../../../../arm-none-eabi/lib/thumb/v7e-m/nofp\libc_nano.a
END GROUP
START GROUP
LOAD C:/ST/STM32CubeIDE_1.15.0/STM32CubeIDE/plugins/com.st.stm32cube.ide.mcu.externaltools.gnu-tools-for-stm32.12.3.rel1.win32_1.0.100.202403111256/tools/bin/../lib/gcc/arm-none-eabi/12.3.1/thumb/v7e-m/nofp\libgcc.a
LOAD C:/ST/STM32CubeIDE_1.15.0/STM32CubeIDE/plugins/com.st.stm32cube.ide.mcu.externaltools.gnu-tools-for-stm32.12.3.rel1.win32_1.0.100.202403111256/tools/bin/../lib/gcc/arm-none-eabi/12.3.1/../../../../arm-none-eabi/lib/thumb/v7e-m/nofp\libc_nano.a
LOAD C:/ST/STM32CubeIDE_1.15.0/STM32CubeIDE/plugins/com.st.stm32cube.ide.mcu.externaltools.gnu-tools-for-stm32.12.3.rel1.win32_1.0.100.202403111256/tools/bin/../lib/gcc/arm-none-eabi/12.3.1/../../../../arm-none-eabi/lib/thumb/v7e-m/nofp\libnosys.a
END GROUP
START GROUP
LOAD C:/ST/STM32CubeIDE_1.15.0/STM32CubeIDE/plugins/com.st.stm32cube.ide.mcu.externaltools.gnu-tools-for-stm32.12.3.rel1.win32_1.0.100.202403111256/tools/bin/../lib/gcc/arm-none-eabi/12.3.1/thumb/v7e-m/nofp\libgcc.a
LOAD C:/ST/STM32CubeIDE_1.15.0/STM32CubeIDE/plugins/com.st.stm32cube.ide.mcu.externaltools.gnu-tools-for-stm32.12.3.rel1.win32_1.0.100.202403111256/tools/bin/../lib/gcc/arm-none-eabi/12.3.1/../../../../arm-none-eabi/lib/thumb/v7e-m/nofp\libc_nano.a
LOAD C:/ST/STM32CubeIDE_1.15.0/STM32CubeIDE/plugins/com.st.stm32cube.ide.mcu.externaltools.gnu-tools-for-stm32.12.3.rel1.win32_1.0.100.202403111256/tools/bin/../lib/gcc/arm-none-eabi/12.3.1/../../../../arm-none-eabi/lib/thumb/v7e-m/nofp\libnosys.a
END GROUP
LOAD C:/ST/STM32CubeIDE_1.15.0/STM32CubeIDE/plugins/com.st.stm32cube.ide.mcu.externaltools.gnu-tools-for-stm32.12.3.rel1.win32_1.0.100.202403111256/tools/bin/../lib/gcc/arm-none-eabi/12.3.1/thumb/v7e-m/nofp/crtend.o
LOAD C:/ST/STM32CubeIDE_1.15.0/STM32CubeIDE/plugins/com.st.stm32cube.ide.mcu.externaltools.gnu-tools-for-stm32.12.3.rel1.win32_1.0.100.202403111256/tools/bin/../lib/gcc/arm-none-eabi/12.3.1/thumb/v7e-m/nofp/crtn.o
                0x20010000                        _estack = (ORIGIN (RAM) + LENGTH (RAM))
                0x00000000                        _Min_Heap_Size = 0x0
                0x00000400                        _Min_Stack_Size = 0x400

.isr_vector     0x08000000      0x138
                0x08000000                        . = ALIGN (0x4)
 *(.isr_vector)
 .isr_vector    0x08000000      0x138 ./Core/Startup/startup_stm32wle5ccux.o
                0x08000000                g_pfnVectors
                0x08000138                        . = ALIGN (0x4)

.text           0x08000138     0xfb74
                0x08000138                        . = ALIGN (0x4)
 *(.text)
 .text          0x08000138       0x40 C:/ST/STM32CubeIDE_1.15.0/STM32CubeIDE/plugins/com.st.stm32cube.ide.mcu.externaltools.gnu-tools-for-stm32.12.3.rel1.win32_1.0.100.202403111256/tools/bin/../lib/gcc/arm-none-eabi/12.3.1/thumb/v7e-m/nofp/crtbegin.o
 .text          0x08000178       0x14 C:/ST/STM32CubeIDE_1.15.0/STM32CubeIDE/plugins/com.st.stm32cube.ide.mcu.externaltools.gnu-tools-for-stm32.12.3.rel1.win32_1.0.100.202403111256/tools/bin/../lib/gcc/arm-none-eabi/12.3.1/../../../../arm-none-eabi/lib/thumb/v7e-m/nofp\libc_nano.a(libc_a-strcmp.o)
                0x08000178                strcmp
 .text          0x0800018c       0x10 C:/ST/STM32CubeIDE_1.15.0/STM32CubeIDE/plugins/com.st.stm32cube.ide.mcu.externaltools.gnu-tools-for-stm32.12.3.rel1.win32_1.0.100.202403111256/tools/bin/../lib/gcc/arm-none-eabi/12.3.1/../../../../arm-none-eabi/lib/thumb/v7e-m/nofp\libc_nano.a(libc_a-strlen.o)
                0x0800018c                strlen
 .text          0x0800019c      0x378 C:/ST/STM32CubeIDE_1.15.0/STM32CubeIDE/plugins/com.st.stm32cube.ide.mcu.externaltools.gnu-tools-for-stm32.12.3.rel1.win32_1.0.100.202403111256/tools/bin/../lib/gcc/arm-none-eabi/12.3.1/thumb/v7e-m/nofp\libgcc.a(_arm_addsubdf3.o)
                0x0800019c                __aeabi_drsub
                0x080001a4                __aeabi_dsub
                0x080001a4                __subdf3
                0x080001a8                __aeabi_dadd
                0x080001a8                __adddf3
                0x08000420                __floatunsidf
                0x08000420                __aeabi_ui2d
                0x08000440                __floatsidf
                0x08000440                __aeabi_i2d
                0x08000464                __aeabi_f2d
                0x08000464                __extendsfdf2
                0x080004a8                __floatundidf
                0x080004a8                __aeabi_ul2d
                0x080004b8                __floatdidf
                0x080004b8                __aeabi_l2d
 .text          0x08000514      0x424 C:/ST/STM32CubeIDE_1.15.0/STM32CubeIDE/plugins/com.st.stm32cube.ide.mcu.externaltools.gnu-tools-for-stm32.12.3.rel1.win32_1.0.100.202403111256/tools/bin/../lib/gcc/arm-none-eabi/12.3.1/thumb/v7e-m/nofp\libgcc.a(_arm_muldivdf3.o)
                0x08000514                __aeabi_dmul
                0x08000514                __muldf3
                0x08000768                __divdf3
                0x08000768                __aeabi_ddiv
 .text          0x08000938       0x40 C:/ST/STM32CubeIDE_1.15.0/STM32CubeIDE/plugins/com.st.stm32cube.ide.mcu.externaltools.gnu-tools-for-stm32.12.3.rel1.win32_1.0.100.202403111256/tools/bin/../lib/gcc/arm-none-eabi/12.3.1/thumb/v7e-m/nofp\libgcc.a(_arm_fixunsdfsi.o)
                0x08000938                __aeabi_d2uiz
                0x08000938                __fixunsdfsi
 .text          0x08000978      0x21c C:/ST/STM32CubeIDE_1.15.0/STM32CubeIDE/plugins/com.st.stm32cube.ide.mcu.externaltools.gnu-tools-for-stm32.12.3.rel1.win32_1.0.100.202403111256/tools/bin/../lib/gcc/arm-none-eabi/12.3.1/thumb/v7e-m/nofp\libgcc.a(_arm_addsubsf3.o)
                0x08000978                __aeabi_frsub
                0x08000980                __subsf3
                0x08000980                __aeabi_fsub
                0x08000984                __aeabi_fadd
                0x08000984                __addsf3
                0x08000ae4                __aeabi_ui2f
                0x08000ae4                __floatunsisf
                0x08000aec                __aeabi_i2f
                0x08000aec                __floatsisf
                0x08000b08                __aeabi_ul2f
                0x08000b08                __floatundisf
                0x08000b18                __aeabi_l2f
                0x08000b18                __floatdisf
 .text          0x08000b94      0x2a0 C:/ST/STM32CubeIDE_1.15.0/STM32CubeIDE/plugins/com.st.stm32cube.ide.mcu.externaltools.gnu-tools-for-stm32.12.3.rel1.win32_1.0.100.202403111256/tools/bin/../lib/gcc/arm-none-eabi/12.3.1/thumb/v7e-m/nofp\libgcc.a(_arm_muldivsf3.o)
                0x08000b94                __mulsf3
                0x08000b94                __aeabi_fmul
                0x08000cfc                __aeabi_fdiv
                0x08000cfc                __divsf3
 .text          0x08000e34       0xec C:/ST/STM32CubeIDE_1.15.0/STM32CubeIDE/plugins/com.st.stm32cube.ide.mcu.externaltools.gnu-tools-for-stm32.12.3.rel1.win32_1.0.100.202403111256/tools/bin/../lib/gcc/arm-none-eabi/12.3.1/thumb/v7e-m/nofp\libgcc.a(_arm_cmpsf2.o)
                0x08000e34                __gesf2
                0x08000e34                __gtsf2
                0x08000e3c                __lesf2
                0x08000e3c                __ltsf2
                0x08000e44                __nesf2
                0x08000e44                __eqsf2
                0x08000e44                __cmpsf2
                0x08000ea4                __aeabi_cfrcmple
                0x08000eac                __aeabi_cfcmpeq
                0x08000eac                __aeabi_cfcmple
                0x08000ebc                __aeabi_fcmpeq
                0x08000ed0                __aeabi_fcmplt
                0x08000ee4                __aeabi_fcmple
                0x08000ef8                __aeabi_fcmpge
                0x08000f0c                __aeabi_fcmpgt
 .text          0x08000f20       0x2c C:/ST/STM32CubeIDE_1.15.0/STM32CubeIDE/plugins/com.st.stm32cube.ide.mcu.externaltools.gnu-tools-for-stm32.12.3.rel1.win32_1.0.100.202403111256/tools/bin/../lib/gcc/arm-none-eabi/12.3.1/thumb/v7e-m/nofp\libgcc.a(_arm_unordsf2.o)
                0x08000f20                __unordsf2
                0x08000f20                __aeabi_fcmpun
 .text          0x08000f4c       0x4c C:/ST/STM32CubeIDE_1.15.0/STM32CubeIDE/plugins/com.st.stm32cube.ide.mcu.externaltools.gnu-tools-for-stm32.12.3.rel1.win32_1.0.100.202403111256/tools/bin/../lib/gcc/arm-none-eabi/12.3.1/thumb/v7e-m/nofp\libgcc.a(_arm_fixsfsi.o)
                0x08000f4c                __aeabi_f2iz
                0x08000f4c                __fixsfsi
 .text          0x08000f98       0x40 C:/ST/STM32CubeIDE_1.15.0/STM32CubeIDE/plugins/com.st.stm32cube.ide.mcu.externaltools.gnu-tools-for-stm32.12.3.rel1.win32_1.0.100.202403111256/tools/bin/../lib/gcc/arm-none-eabi/12.3.1/thumb/v7e-m/nofp\libgcc.a(_arm_fixunssfsi.o)
                0x08000f98                __fixunssfsi
                0x08000f98                __aeabi_f2uiz
 *(.text*)
 .text._ZN12ChannelOrderC2Eh
                0x08000fd8       0x1c ./Common/channel_order.o
                0x08000fd8                ChannelOrder::ChannelOrder(unsigned char)
                0x08000fd8                ChannelOrder::ChannelOrder(unsigned char)
 .text._ZN12ChannelOrder3SetEh
                0x08000ff4       0x48 ./Common/channel_order.o
                0x08000ff4                ChannelOrder::Set(unsigned char)
 .text._ZN12ChannelOrder5ApplyEP7tRcData
                0x0800103c       0x3c ./Common/channel_order.o
                0x0800103c                ChannelOrder::Apply(tRcData*)
 .text._Z15rssi_u7_from_i8a
                0x08001078       0x20 ./Common/common_types.o
                0x08001078                rssi_u7_from_i8(signed char)
 .text._Z15rssi_i8_from_u7h
                0x08001098        0xc ./Common/common_types.o
                0x08001098                rssi_i8_from_u7(unsigned char)
 .text._Z13rssi_i8_to_apa
                0x080010a4       0x30 ./Common/common_types.o
                0x080010a4                rssi_i8_to_ap(signed char)
 .text._Z7clip_rcl
                0x080010d4       0x1a ./Common/common_types.o
                0x080010d4                clip_rc(long)
 .text._Z12rc_from_sbust
                0x080010ee       0x18 ./Common/common_types.o
                0x080010ee                rc_from_sbus(unsigned short)
 .text._Z12rc_from_crsft
                0x08001106        0x4 ./Common/common_types.o
                0x08001106                rc_from_crsf(unsigned short)
 .text._Z14crsf_cvt_powera
                0x0800110a       0x4a ./Common/common_types.o
                0x0800110a                crsf_cvt_power(signed char)
 .text._Z13crsf_cvt_modeh
                0x08001154       0x10 ./Common/common_types.o
                0x08001154                crsf_cvt_mode(unsigned char)
 .text._Z12crsf_cvt_fpsh
                0x08001164       0x10 ./Common/common_types.o
                0x08001164                crsf_cvt_fps(unsigned char)
 .text._Z16crsf_cvt_rssi_txa
                0x08001174        0xa ./Common/common_types.o
                0x08001174                crsf_cvt_rssi_tx(signed char)
 *fill*         0x0800117e        0x2 
 .text._Z16crsf_crc8_updatehPKvt
                0x08001180       0x24 ./Common/common_types.o
                0x08001180                crsf_crc8_update(unsigned char, void const*, unsigned short)
 .text._Z24is_valid_bindphrase_charc
                0x080011a4       0x34 ./Common/common_types.o
                0x080011a4                is_valid_bindphrase_char(char)
 .text._Z19sanitize_bindphrasePcPKc
                0x080011d8       0x38 ./Common/common_types.o
                0x080011d8                sanitize_bindphrase(char*, char const*)
 .text._Z19u32_from_bindphrasePc
                0x08001210       0x40 ./Common/common_types.o
                0x08001210                u32_from_bindphrase(char*)
 .text._Z22except_from_bindphrasePc
                0x08001250       0x34 ./Common/common_types.o
                0x08001250                except_from_bindphrase(char*)
 .text._Z20remove_leading_zerosPc
                0x08001284       0x30 ./Common/common_types.o
                0x08001284                remove_leading_zeros(char*)
 .text._Z28power_optstr_from_power_listPcPshh
                0x080012b4       0xfc ./Common/common_types.o
                0x080012b4                power_optstr_from_power_list(char*, short*, unsigned char, unsigned char)
 .text._Z30power_optstr_from_rfpower_listPcPK9rfpower_thh
                0x080013b0       0x28 ./Common/common_types.o
                0x080013b0                power_optstr_from_rfpower_list(char*, rfpower_t const*, unsigned char, unsigned char)
 .text._Z14version_to_u16m
                0x080013d8       0x22 ./Common/common_types.o
                0x080013d8                version_to_u16(unsigned long)
 .text._Z16version_from_u16t
                0x080013fa       0x1a ./Common/common_types.o
                0x080013fa                version_from_u16(unsigned short)
 .text._Z14version_to_strPcm
                0x08001414       0x98 ./Common/common_types.o
                0x08001414                version_to_str(char*, unsigned long)
 .text._Z12strbufstrcpyPcPKct
                0x080014ac       0x24 ./Common/common_types.o
                0x080014ac                strbufstrcpy(char*, char const*, unsigned short)
 .text._Z12strstrbufcpyPcPKct
                0x080014d0       0x26 ./Common/common_types.o
                0x080014d0                strstrbufcpy(char*, char const*, unsigned short)
 .text._Z8strbufeqPcPKct
                0x080014f6       0x2e ./Common/common_types.o
                0x080014f6                strbufeq(char*, char const*, unsigned short)
 .text._ZN11tTDiversity4InitEt
                0x08001524       0x18 ./Common/diversity.o
                0x08001524                tTDiversity::Init(unsigned short)
 .text._ZN9tFhssBase4prngEv
                0x0800153c       0x1c ./Common/fhss.o
                0x0800153c                tFhssBase::prng()
 .text._ZN9tFhssBase8generateEm
                0x08001558       0xcc ./Common/fhss.o
                0x08001558                tFhssBase::generate(unsigned long)
 .text._ZN9tFhssBase21generate_ortho_exceptEmhh
                0x08001624       0xfa ./Common/fhss.o
                0x08001624                tFhssBase::generate_ortho_except(unsigned long, unsigned char, unsigned char)
 .text._ZN9WhileBase4InitEv
                0x0800171e        0x8 ./Common/while.o
                0x0800171e                WhileBase::Init()
 .text._ZN9WhileBase7TriggerEv
                0x08001726       0x1a ./Common/while.o
                0x08001726                WhileBase::Trigger()
 .text._ZN9WhileBase2DoEv
                0x08001740       0x42 ./Common/while.o
                0x08001740                WhileBase::Do()
 *fill*         0x08001782        0x2 
 .text._Z11prep_numberlhh
                0x08001784      0x1bc ./Common/thirdparty/thirdparty.o
                0x08001784                prep_number(long, unsigned char, unsigned char)
 .text._ZN9tConfigId4InitEv
                0x08001940        0x6 ./CommonTx/config_id.o
                0x08001940                tConfigId::Init()
 *fill*         0x08001946        0x2 
 .text._ZN9tConfigId6ChangeEh
                0x08001948       0x28 ./CommonTx/config_id.o
                0x08001948                tConfigId::Change(unsigned char)
 .text._ZN9tConfigId2DoEv
                0x08001970       0x3c ./CommonTx/config_id.o
                0x08001970                tConfigId::Do()
 .text._ZN6InBase4InitEb
                0x080019ac       0x10 ./CommonTx/in.o
                0x080019ac                InBase::Init(bool)
 .text._ZN6InBase9ConfigureEh
                0x080019bc       0x4a ./CommonTx/in.o
                0x080019bc                InBase::Configure(unsigned char)
 .text._ZN6InBase13get_sbus_dataEP7tRcData
                0x08001a06      0x182 ./CommonTx/in.o
                0x08001a06                InBase::get_sbus_data(tRcData*)
 .text._ZN6InBase10parse_sbusEP7tRcData
                0x08001b88       0x72 ./CommonTx/in.o
                0x08001b88                InBase::parse_sbus(tRcData*)
 .text._ZN6InBase6UpdateEP7tRcData
                0x08001bfa       0x12 ./CommonTx/in.o
                0x08001bfa                InBase::Update(tRcData*)
 .text._ZN11tSerialBase8InitOnceEv
                0x08001c0c        0x2 ./CommonTx/mlrs-tx.o
                0x08001c0c                tSerialBase::InitOnce()
 .text._ZN11tSerialBase4InitEv
                0x08001c0e        0x2 ./CommonTx/mlrs-tx.o
                0x08001c0e                tSerialBase::Init()
 .text._ZN11tSerialBase11SetBaudRateEm
                0x08001c10        0x2 ./CommonTx/mlrs-tx.o
                0x08001c10                tSerialBase::SetBaudRate(unsigned long)
 .text._ZN11tSerialBase4putcEc
                0x08001c12        0x2 ./CommonTx/mlrs-tx.o
                0x08001c12                tSerialBase::putc(char)
 .text._ZN11tSerialBase9availableEv
                0x08001c14        0x4 ./CommonTx/mlrs-tx.o
                0x08001c14                tSerialBase::available()
 .text._ZN11tSerialBase4getcEv
                0x08001c18        0x4 ./CommonTx/mlrs-tx.o
                0x08001c18                tSerialBase::getc()
 .text._ZN11tSerialBase5flushEv
                0x08001c1c        0x2 ./CommonTx/mlrs-tx.o
                0x08001c1c                tSerialBase::flush()
 .text._ZN11tSerialBase15bytes_availableEv
                0x08001c1e        0x4 ./CommonTx/mlrs-tx.o
                0x08001c1e                tSerialBase::bytes_available()
 .text.LL_AHB2_GRP1_EnableClock
                0x08001c22       0x18 ./CommonTx/mlrs-tx.o
 .text.LL_APB1_GRP1_EnableClock
                0x08001c3a       0x18 ./CommonTx/mlrs-tx.o
 .text.LL_APB2_GRP1_EnableClock
                0x08001c52       0x18 ./CommonTx/mlrs-tx.o
 .text.LL_USART_EnableIT_TXE_TXFNF
                0x08001c6a       0x12 ./CommonTx/mlrs-tx.o
 .text.LL_USART_DisableIT_RXNE_RXFNE
                0x08001c7c       0x12 ./CommonTx/mlrs-tx.o
 .text.LL_USART_DisableIT_TC
                0x08001c8e       0x12 ./CommonTx/mlrs-tx.o
 .text.LL_USART_DisableIT_TXE_TXFNF
                0x08001ca0       0x12 ./CommonTx/mlrs-tx.o
 .text._ZN16Sx126xDriverBase8SetDelayEt
                0x08001cb2        0x2 ./CommonTx/mlrs-tx.o
                0x08001cb2                Sx126xDriverBase::SetDelay(unsigned short)
 .text.fmav_crc_accumulate
                0x08001cb4       0x18 ./CommonTx/mlrs-tx.o
 .text.fmav_crc_accumulate_buf
                0x08001ccc       0x38 ./CommonTx/mlrs-tx.o
 .text.fmav_crc_calculate
                0x08001d04       0x30 ./CommonTx/mlrs-tx.o
 .text.fmav_parse_and_check_to_frame_buf
                0x08001d34      0x228 ./CommonTx/mlrs-tx.o
 .text._ZN7StatsLQ9Update1HzEv
                0x08001f5c       0x20 ./CommonTx/mlrs-tx.o
                0x08001f5c                StatsLQ::Update1Hz()
 .text._ZN10StatsBytes9Update1HzEv
                0x08001f7c        0xc ./CommonTx/mlrs-tx.o
                0x08001f7c                StatsBytes::Update1Hz()
 .text._ZN11tSerialPort9availableEv
                0x08001f88       0x28 ./CommonTx/mlrs-tx.o
                0x08001f88                tSerialPort::available()
 .text._Z20uart_rx_putc_torxbufh
                0x08001fb0       0x28 ./CommonTx/mlrs-tx.o
                0x08001fb0                uart_rx_putc_torxbuf(unsigned char)
 .text._ZN8tMBridge5flushEv
                0x08001fd8       0x18 ./CommonTx/mlrs-tx.o
                0x08001fd8                tMBridge::flush()
                0x08001fe4                non-virtual thunk to tMBridge::flush()
 .text._ZN7tTxCrsf14parse_nextcharEh
                0x08001ff0       0xc0 ./CommonTx/mlrs-tx.o
                0x08001ff0                tTxCrsf::parse_nextchar(unsigned char)
 .text._ZN3tIn9availableEv
                0x080020b0       0x1c ./CommonTx/mlrs-tx.o
                0x080020b0                tIn::available()
 .text._ZN9WhileBase6handleEv
                0x080020cc        0x2 ./CommonTx/mlrs-tx.o
                0x080020cc                WhileBase::handle()
 *fill*         0x080020ce        0x2 
 .text._ZL32connected_and_rx_setup_availablev
                0x080020d0       0x1c ./CommonTx/mlrs-tx.o
 .text._ZN8tMBridge9availableEv
                0x080020ec       0x28 ./CommonTx/mlrs-tx.o
                0x080020ec                tMBridge::available()
                0x0800210e                non-virtual thunk to tMBridge::available()
 .text._ZN8tMBridge4getcEv
                0x08002114       0x2c ./CommonTx/mlrs-tx.o
                0x08002114                tMBridge::getc()
                0x0800213a                non-virtual thunk to tMBridge::getc()
 .text._ZL10fmavX_initv
                0x08002140       0x1c ./CommonTx/mlrs-tx.o
 .text.fmav_msg_battery_status_decode
                0x0800215c       0x3a ./CommonTx/mlrs-tx.o
 .text.fmav_msg_attitude_decode
                0x08002196       0x36 ./CommonTx/mlrs-tx.o
 .text.fmav_msg_rangefinder_decode
                0x080021cc       0x30 ./CommonTx/mlrs-tx.o
 .text.fmav_frame_buf_to_msg
                0x080021fc       0xda ./CommonTx/mlrs-tx.o
 .text.fmav_msg_to_frame_buf
                0x080022d6       0x9e ./CommonTx/mlrs-tx.o
 .text.fmav_msg_heartbeat_decode
                0x08002374       0x34 ./CommonTx/mlrs-tx.o
 .text.uartb_rx_enableisr.part.0
                0x080023a8       0x28 ./CommonTx/mlrs-tx.o
 .text._Z11sxReadFramehPvS_h.part.0
                0x080023d0       0x2c ./CommonTx/mlrs-tx.o
 .text.delay_ns.constprop.0
                0x080023fc       0x3c ./CommonTx/mlrs-tx.o
 .text.rcc_init_spi.part.0
                0x08002438       0x1c ./CommonTx/mlrs-tx.o
 .text._ZN8FifoBaseIhLt128EE3PutEh.isra.0
                0x08002454       0x18 ./CommonTx/mlrs-tx.o
 .text._ZN8tMBridge4putcEc
                0x0800246c       0x28 ./CommonTx/mlrs-tx.o
                0x0800246c                tMBridge::putc(char)
                0x0800248e                non-virtual thunk to tMBridge::putc(char)
 .text.fmav_router_find_or_add_component.isra.0
                0x08002494       0x48 ./CommonTx/mlrs-tx.o
 .text.fmav_router_handle_message
                0x080024dc       0xa0 ./CommonTx/mlrs-tx.o
 .text._ZN6tTxCli4putcEc.isra.0
                0x0800257c        0x6 ./CommonTx/mlrs-tx.o
 .text._Z22uart_rx_callback_dummyh
                0x08002582        0x2 ./CommonTx/mlrs-tx.o
                0x08002582                uart_rx_callback_dummy(unsigned char)
 .text._Z22uart_tc_callback_dummyv
                0x08002584        0x2 ./CommonTx/mlrs-tx.o
                0x08002584                uart_tc_callback_dummy()
 *fill*         0x08002586        0x2 
 .text._ZN12Sx126xDriver9SpiSelectEv
                0x08002588       0x18 ./CommonTx/mlrs-tx.o
                0x08002588                Sx126xDriver::SpiSelect()
 .text._ZN12Sx126xDriver11SpiDeselectEv
                0x080025a0       0x1c ./CommonTx/mlrs-tx.o
                0x080025a0                Sx126xDriver::SpiDeselect()
 .text._ZN11tSerialPort5flushEv
                0x080025bc       0x30 ./CommonTx/mlrs-tx.o
                0x080025bc                tSerialPort::flush()
 .text._ZN8tComPort5flushEv
                0x080025ec       0x2c ./CommonTx/mlrs-tx.o
                0x080025ec                tComPort::flush()
 .text.uart_rx_enableisr.part.0
                0x08002618       0x28 ./CommonTx/mlrs-tx.o
 .text._ZN8tComPort9availableEv
                0x08002640       0x2c ./CommonTx/mlrs-tx.o
                0x08002640                tComPort::available()
 .text._ZN11tSerialBase6putbufEPvt
                0x0800266c       0x1c ./CommonTx/mlrs-tx.o
                0x0800266c                tSerialBase::putbuf(void*, unsigned short)
 .text._ZN11tSerialBase4putsEPKc
                0x08002688       0x18 ./CommonTx/mlrs-tx.o
                0x08002688                tSerialBase::puts(char const*)
 .text._ZN6tTxCli4putsEPKc.isra.0
                0x080026a0        0x8 ./CommonTx/mlrs-tx.o
 .text.rcc_init_gpio
                0x080026a8       0x38 ./CommonTx/mlrs-tx.o
                0x080026a8                rcc_init_gpio
 .text.rcc_init_tim
                0x080026e0       0x40 ./CommonTx/mlrs-tx.o
                0x080026e0                rcc_init_tim
 .text._gpio_init
                0x08002720      0x102 ./CommonTx/mlrs-tx.o
                0x08002720                _gpio_init
 .text.gpio_init
                0x08002822       0x14 ./CommonTx/mlrs-tx.o
 *fill*         0x08002836        0x2 
 .text._ZN15tPin5BridgeBase14pin5_tx_enableEb.part.0
                0x08002838       0x40 ./CommonTx/mlrs-tx.o
 .text.tim_config_up
                0x08002878       0xac ./CommonTx/mlrs-tx.o
                0x08002878                tim_config_up
 .text.tim_init_up
                0x08002924       0x12 ./CommonTx/mlrs-tx.o
                0x08002924                tim_init_up
 .text.tim_init_1us_freerunning
                0x08002936        0xa ./CommonTx/mlrs-tx.o
                0x08002936                tim_init_1us_freerunning
 .text.BootLoaderInit
                0x08002940       0x84 ./CommonTx/mlrs-tx.o
                0x08002940                BootLoaderInit
 .text.stack_check_init
                0x080029c4       0x28 ./CommonTx/mlrs-tx.o
                0x080029c4                stack_check_init
 .text.subghz_is_busy
                0x080029ec       0x14 ./CommonTx/mlrs-tx.o
                0x080029ec                subghz_is_busy
 .text.subghz_init
                0x08002a00       0x6c ./CommonTx/mlrs-tx.o
                0x08002a00                subghz_init
 .text._Z12sx_init_gpiov
                0x08002a6c       0x22 ./CommonTx/mlrs-tx.o
                0x08002a6c                sx_init_gpio()
 .text._Z12sx_busy_readv
                0x08002a8e        0xe ./CommonTx/mlrs-tx.o
                0x08002a8e                sx_busy_read()
 .text._ZN12Sx126xDriver10WaitOnBusyEv
                0x08002a9c        0xe ./CommonTx/mlrs-tx.o
                0x08002a9c                Sx126xDriver::WaitOnBusy()
 .text._Z15sx_amp_transmitv
                0x08002aaa        0xe ./CommonTx/mlrs-tx.o
                0x08002aaa                sx_amp_transmit()
 .text._Z14sx_amp_receivev
                0x08002ab8        0xe ./CommonTx/mlrs-tx.o
                0x08002ab8                sx_amp_receive()
 *fill*         0x08002ac6        0x2 
 .text._Z22sx_dio_enable_exti_isrv
                0x08002ac8       0x10 ./CommonTx/mlrs-tx.o
                0x08002ac8                sx_dio_enable_exti_isr()
 .text._Z11button_initv
                0x08002ad8        0xe ./CommonTx/mlrs-tx.o
                0x08002ad8                button_init()
 .text._Z14button_pressedv
                0x08002ae6       0x10 ./CommonTx/mlrs-tx.o
                0x08002ae6                button_pressed()
 *fill*         0x08002af6        0x2 
 .text._Z9leds_initv
                0x08002af8       0x24 ./CommonTx/mlrs-tx.o
                0x08002af8                leds_init()
 .text._Z16led_green_togglev
                0x08002b1c       0x1c ./CommonTx/mlrs-tx.o
                0x08002b1c                led_green_toggle()
 .text._Z14led_red_togglev
                0x08002b38       0x1c ./CommonTx/mlrs-tx.o
                0x08002b38                led_red_toggle()
 .text._Z15ser_or_com_initv
                0x08002b54       0x40 ./CommonTx/mlrs-tx.o
                0x08002b54                ser_or_com_init()
 .text.delay_init
                0x08002b94       0x38 ./CommonTx/mlrs-tx.o
                0x08002b94                delay_init
 .text.delay_us
                0x08002bcc       0x28 ./CommonTx/mlrs-tx.o
                0x08002bcc                delay_us
 .text.FLASH_ErasePage
                0x08002bf4       0x22 ./CommonTx/mlrs-tx.o
                0x08002bf4                FLASH_ErasePage
 .text.FLASH_ProgramDoubleWord
                0x08002c16       0x14 ./CommonTx/mlrs-tx.o
                0x08002c16                FLASH_ProgramDoubleWord
 .text.ee_hal_erasepage
                0x08002c2a        0xe ./CommonTx/mlrs-tx.o
                0x08002c2a                ee_hal_erasepage
 .text.ee_hal_programdoubleword
                0x08002c38        0xe ./CommonTx/mlrs-tx.o
                0x08002c38                ee_hal_programdoubleword
 *fill*         0x08002c46        0x2 
 .text._ee_write_to
                0x08002c48       0xbc ./CommonTx/mlrs-tx.o
                0x08002c48                _ee_write_to
 .text.ee_format
                0x08002d04       0x34 ./CommonTx/mlrs-tx.o
                0x08002d04                ee_format
 .text.ee_readdata
                0x08002d38       0x28 ./CommonTx/mlrs-tx.o
                0x08002d38                ee_readdata
 .text.ee_writedata
                0x08002d60       0x28 ./CommonTx/mlrs-tx.o
                0x08002d60                ee_writedata
 .text.ee_init  0x08002d88       0x50 ./CommonTx/mlrs-tx.o
                0x08002d88                ee_init
 .text.spi_transmitchar
                0x08002dd8       0x18 ./CommonTx/mlrs-tx.o
                0x08002dd8                spi_transmitchar
 .text._ZN12Sx126xDriver15SpiTransferByteEPhS0_
                0x08002df0        0xe ./CommonTx/mlrs-tx.o
                0x08002df0                Sx126xDriver::SpiTransferByte(unsigned char*, unsigned char*)
 *fill*         0x08002dfe        0x2 
 .text.spi_init
                0x08002e00       0x70 ./CommonTx/mlrs-tx.o
                0x08002e00                spi_init
 .text.USART1_IRQHandler
                0x08002e70       0x8c ./CommonTx/mlrs-tx.o
                0x08002e70                USART1_IRQHandler
 .text.uartb_putc
                0x08002efc       0x3c ./CommonTx/mlrs-tx.o
                0x08002efc                uartb_putc
 .text._ZN8tComPort4putcEc
                0x08002f38       0x14 ./CommonTx/mlrs-tx.o
                0x08002f38                tComPort::putc(char)
 .text._ZN11tSerialPort4putcEc
                0x08002f4c       0x14 ./CommonTx/mlrs-tx.o
                0x08002f4c                tSerialPort::putc(char)
 .text.uartb_rx_bytesavailable
                0x08002f60       0x20 ./CommonTx/mlrs-tx.o
                0x08002f60                uartb_rx_bytesavailable
 .text._ZN11tSerialPort15bytes_availableEv
                0x08002f80       0x10 ./CommonTx/mlrs-tx.o
                0x08002f80                tSerialPort::bytes_available()
 .text.uartb_getc
                0x08002f90       0x30 ./CommonTx/mlrs-tx.o
                0x08002f90                uartb_getc
 .text._ZN11tSerialPort4getcEv
                0x08002fc0       0x10 ./CommonTx/mlrs-tx.o
                0x08002fc0                tSerialPort::getc()
 .text._ZN8tComPort4getcEv
                0x08002fd0       0x14 ./CommonTx/mlrs-tx.o
                0x08002fd0                tComPort::getc()
 .text._uartb_initprotocol
                0x08002fe4       0x38 ./CommonTx/mlrs-tx.o
                0x08002fe4                _uartb_initprotocol
 .text.uartb_setprotocol
                0x0800301c       0x20 ./CommonTx/mlrs-tx.o
                0x0800301c                uartb_setprotocol
 .text._ZN11tSerialPort11SetBaudRateEm
                0x0800303c       0x18 ./CommonTx/mlrs-tx.o
                0x0800303c                tSerialPort::SetBaudRate(unsigned long)
 .text.uartb_setbaudrate
                0x08003054        0x8 ./CommonTx/mlrs-tx.o
                0x08003054                uartb_setbaudrate
 .text.uartb_init_isroff
                0x0800305c       0xe0 ./CommonTx/mlrs-tx.o
                0x0800305c                uartb_init_isroff
 .text.uartb_init
                0x0800313c        0xe ./CommonTx/mlrs-tx.o
                0x0800313c                uartb_init
 *fill*         0x0800314a        0x2 
 .text._ZN11tSerialPort4InitEv
                0x0800314c       0x24 ./CommonTx/mlrs-tx.o
                0x0800314c                tSerialPort::Init()
 .text._swuart_tx_start
                0x08003170       0x2c ./CommonTx/mlrs-tx.o
                0x08003170                _swuart_tx_start
 .text.TIM17_IRQHandler
                0x0800319c       0xe8 ./CommonTx/mlrs-tx.o
                0x0800319c                TIM17_IRQHandler
 .text.swuart_putc
                0x08003284       0x34 ./CommonTx/mlrs-tx.o
                0x08003284                swuart_putc
 .text._ZN10tDebugPort4putcEc
                0x080032b8        0x6 ./CommonTx/mlrs-tx.o
                0x080032b8                tDebugPort::putc(char)
 *fill*         0x080032be        0x2 
 .text.swuart_setbaudrate
                0x080032c0       0x44 ./CommonTx/mlrs-tx.o
                0x080032c0                swuart_setbaudrate
 .text.swuart_init_isroff
                0x08003304       0x94 ./CommonTx/mlrs-tx.o
                0x08003304                swuart_init_isroff
 .text._ZN10tDebugPort4InitEv
                0x08003398        0x4 ./CommonTx/mlrs-tx.o
                0x08003398                tDebugPort::Init()
 .text._Z24setup_configure_metadatav
                0x0800339c       0x84 ./CommonTx/mlrs-tx.o
                0x0800339c                setup_configure_metadata()
 .text._Z19inc_bindphrase_charPch
                0x08003420       0x2c ./CommonTx/mlrs-tx.o
                0x08003420                inc_bindphrase_char(char*, unsigned char)
 .text._Z24setup_default_bindphrasePchPKc
                0x0800344c       0x20 ./CommonTx/mlrs-tx.o
                0x0800344c                setup_default_bindphrase(char*, unsigned char, char const*)
 .text._Z13setup_defaulth
                0x0800346c       0x88 ./CommonTx/mlrs-tx.o
                0x0800346c                setup_default(unsigned char)
 .text._Z21setup_sanitize_configh
                0x080034f4      0x57c ./CommonTx/mlrs-tx.o
                0x080034f4                setup_sanitize_config(unsigned char)
 .text._Z14configure_modeh
                0x08003a70       0x60 ./CommonTx/mlrs-tx.o
                0x08003a70                configure_mode(unsigned char)
 .text._Z22setup_configure_configh
                0x08003ad0      0x204 ./CommonTx/mlrs-tx.o
                0x08003ad0                setup_configure_config(unsigned char)
 .text._Z11setup_clearv
                0x08003cd4       0x10 ./CommonTx/mlrs-tx.o
                0x08003cd4                setup_clear()
 .text._Z21setup_store_to_EEPROMv
                0x08003ce4       0x10 ./CommonTx/mlrs-tx.o
                0x08003ce4                setup_store_to_EEPROM()
 .text._Z26setup_retrieve_from_EEPROMv
                0x08003cf4       0x10 ./CommonTx/mlrs-tx.o
                0x08003cf4                setup_retrieve_from_EEPROM()
 .text._Z12setup_reloadv
                0x08003d04       0x18 ./CommonTx/mlrs-tx.o
                0x08003d04                setup_reload()
 .text._Z10setup_initv
                0x08003d1c      0x1a8 ./CommonTx/mlrs-tx.o
                0x08003d1c                setup_init()
 .text._Z19sx126x_rfpower_calcaPhPahh
                0x08003ec4       0x28 ./CommonTx/mlrs-tx.o
                0x08003ec4                sx126x_rfpower_calc(signed char, unsigned char*, signed char*, unsigned char, unsigned char)
 .text._ZN12Sx126xDriver11RfPowerCalcEaPhPa
                0x08003eec       0x18 ./CommonTx/mlrs-tx.o
                0x08003eec                Sx126xDriver::RfPowerCalc(signed char, unsigned char*, signed char*)
 .text._ZN18Sx126xDriverCommon27SetLoraConfigurationByIndexEh
                0x08003f04       0x4c ./CommonTx/mlrs-tx.o
                0x08003f04                Sx126xDriverCommon::SetLoraConfigurationByIndex(unsigned char)
 .text._ZN18Sx126xDriverCommon14SetRfPower_dbmEa
                0x08003f50       0x20 ./CommonTx/mlrs-tx.o
                0x08003f50                Sx126xDriverCommon::SetRfPower_dbm(signed char)
 .text._ZN18Sx126xDriverCommon9ConfigureEP15tSxGlobalConfig
                0x08003f70      0x134 ./CommonTx/mlrs-tx.o
                0x08003f70                Sx126xDriverCommon::Configure(tSxGlobalConfig*)
 .text._ZN18Sx126xDriverCommon9SetToIdleEv
                0x080040a4       0x16 ./CommonTx/mlrs-tx.o
                0x080040a4                Sx126xDriverCommon::SetToIdle()
 *fill*         0x080040ba        0x2 
 .text._ZN18Sx126xDriverCommon11config_calcEv
                0x080040bc       0x40 ./CommonTx/mlrs-tx.o
                0x080040bc                Sx126xDriverCommon::config_calc()
 .text._ZN13WhileTransmit8dtmax_usEv
                0x080040fc       0x2c ./CommonTx/mlrs-tx.o
                0x080040fc                WhileTransmit::dtmax_us()
 .text._ZN18Sx126xDriverCommon23ReceiverSensitivity_dbmEv
                0x08004128       0x26 ./CommonTx/mlrs-tx.o
                0x08004128                Sx126xDriverCommon::ReceiverSensitivity_dbm()
 .text._ZN18Sx126xDriverCommon11RfPower_dbmEv
                0x0800414e       0x16 ./CommonTx/mlrs-tx.o
                0x0800414e                Sx126xDriverCommon::RfPower_dbm()
 .text._ZN13LqCounterBase4InitEh
                0x08004164       0x36 ./CommonTx/mlrs-tx.o
                0x08004164                LqCounterBase::Init(unsigned char)
 .text._ZN13LqCounterBase4NextEv
                0x0800419a       0x58 ./CommonTx/mlrs-tx.o
                0x0800419a                LqCounterBase::Next()
 *fill*         0x080041f2        0x2 
 .text._ZN9tFhssBase11GetCurrFreqEv
                0x080041f4       0x2c ./CommonTx/mlrs-tx.o
                0x080041f4                tFhssBase::GetCurrFreq()
 .text._Z20_pack_txframe_w_typeP8tTxFramehP11tFrameStatsP7tRcDataPhh
                0x08004220      0x264 ./CommonTx/mlrs-tx.o
                0x08004220                _pack_txframe_w_type(tTxFrame*, unsigned char, tFrameStats*, tRcData*, unsigned char*, unsigned char)
 .text._Z12pack_txframeP8tTxFrameP11tFrameStatsP7tRcDataPhh
                0x08004484       0x18 ./CommonTx/mlrs-tx.o
                0x08004484                pack_txframe(tTxFrame*, tFrameStats*, tRcData*, unsigned char*, unsigned char)
 .text._Z13check_rxframeP8tRxFrame
                0x0800449c       0x58 ./CommonTx/mlrs-tx.o
                0x0800449c                check_rxframe(tRxFrame*)
 .text._Z42cmdframerxparameters_rxparams_from_rxsetupP21tCmdFrameRxParameters
                0x080044f4       0xd4 ./CommonTx/mlrs-tx.o
                0x080044f4                cmdframerxparameters_rxparams_from_rxsetup(tCmdFrameRxParameters*)
 .text._Z40cmdframerxparameters_rxparams_to_rxsetupP21tCmdFrameRxParameters
                0x080045c8       0xc4 ./CommonTx/mlrs-tx.o
                0x080045c8                cmdframerxparameters_rxparams_to_rxsetup(tCmdFrameRxParameters*)
 .text._Z19pack_txcmdframe_cmdP8tTxFrameP11tFrameStatsP7tRcDatah
                0x0800468c       0x1e ./CommonTx/mlrs-tx.o
                0x0800468c                pack_txcmdframe_cmd(tTxFrame*, tFrameStats*, tRcData*, unsigned char)
 *fill*         0x080046aa        0x2 
 .text._Z29unpack_rxcmdframe_rxsetupdataP8tRxFrame
                0x080046ac       0x90 ./CommonTx/mlrs-tx.o
                0x080046ac                unpack_rxcmdframe_rxsetupdata(tRxFrame*)
 .text._Z27pack_txcmdframe_setrxparamsP8tTxFrameP11tFrameStatsP7tRcData
                0x0800473c       0x98 ./CommonTx/mlrs-tx.o
                0x0800473c                pack_txcmdframe_setrxparams(tTxFrame*, tFrameStats*, tRcData*)
 .text._ZN5Stats9Update1HzEv
                0x080047d4       0x32 ./CommonTx/mlrs-tx.o
                0x080047d4                Stats::Update1Hz()
 *fill*         0x08004806        0x2 
 .text._ZN8BindBase4InitEv
                0x08004808       0x38 ./CommonTx/mlrs-tx.o
                0x08004808                BindBase::Init()
 .text._ZN8BindBase13ConfigForBindEv
                0x08004840       0x30 ./CommonTx/mlrs-tx.o
                0x08004840                BindBase::ConfigForBind()
 .text._ZN8BindBase2DoEv
                0x08004870       0xa0 ./CommonTx/mlrs-tx.o
                0x08004870                BindBase::Do()
 .text._ZN8BindBase4TaskEv
                0x08004910       0x1c ./CommonTx/mlrs-tx.o
                0x08004910                BindBase::Task()
 .text._Z11fail_do_dbgP11tSerialBasePKc
                0x0800492c       0x34 ./CommonTx/mlrs-tx.o
                0x0800492c                fail_do_dbg(tSerialBase*, char const*)
 .text._Z4failP11tSerialBasehPKc
                0x08004960      0x1c4 ./CommonTx/mlrs-tx.o
                0x08004960                fail(tSerialBase*, unsigned char, char const*)
 .text.HAL_IncTick
                0x08004b24       0x24 ./CommonTx/mlrs-tx.o
                0x08004b24                HAL_IncTick
 .text._Z8millis32v
                0x08004b48        0xc ./CommonTx/mlrs-tx.o
                0x08004b48                millis32()
 .text._Z11sxSendFramehPvht
                0x08004b54       0x44 ./CommonTx/mlrs-tx.o
                0x08004b54                sxSendFrame(unsigned char, void*, unsigned char, unsigned short)
 .text._ZN8BindBase11do_transmitEh
                0x08004b98       0x9c ./CommonTx/mlrs-tx.o
                0x08004b98                BindBase::do_transmit(unsigned char)
 .text._Z17sxGetPacketStatushP5Stats
                0x08004c34       0x54 ./CommonTx/mlrs-tx.o
                0x08004c34                sxGetPacketStatus(unsigned char, Stats*)
 .text._ZN8BindBase10do_receiveEhb
                0x08004c88       0x4c ./CommonTx/mlrs-tx.o
                0x08004c88                BindBase::do_receive(unsigned char, bool)
 .text._Z10FAILALWAYShPKc
                0x08004cd4       0x10 ./CommonTx/mlrs-tx.o
                0x08004cd4                FAILALWAYS(unsigned char, char const*)
 .text._Z17FAILALWAYS_WSTATEhPKcthhh
                0x08004ce4       0x90 ./CommonTx/mlrs-tx.o
                0x08004ce4                FAILALWAYS_WSTATE(unsigned char, char const*, unsigned short, unsigned char, unsigned char, unsigned char)
 .text._Z11micros_initv
                0x08004d74        0xc ./CommonTx/mlrs-tx.o
                0x08004d74                micros_init()
 .text._Z6microsv
                0x08004d80        0xc ./CommonTx/mlrs-tx.o
                0x08004d80                micros()
 .text._ZN8tTxStats4InitEh
                0x08004d8c       0x80 ./CommonTx/mlrs-tx.o
                0x08004d8c                tTxStats::Init(unsigned char)
 .text._ZN8tTxStats4NextEv
                0x08004e0c       0x14 ./CommonTx/mlrs-tx.o
                0x08004e0c                tTxStats::Next()
 .text._ZN8tTxStats5ClearEv
                0x08004e20       0x58 ./CommonTx/mlrs-tx.o
                0x08004e20                tTxStats::Clear()
 .text._ZN8tTxStats15doFrameReceivedEv
                0x08004e78       0x20 ./CommonTx/mlrs-tx.o
                0x08004e78                tTxStats::doFrameReceived()
 .text._ZN8tTxStats20doValidFrameReceivedEv
                0x08004e98       0x20 ./CommonTx/mlrs-tx.o
                0x08004e98                tTxStats::doValidFrameReceived()
 .text._ZN8tTxStats12GetLQ_serialEv
                0x08004eb8       0x24 ./CommonTx/mlrs-tx.o
                0x08004eb8                tTxStats::GetLQ_serial()
 .text._Z17setup_param_is_txh
                0x08004edc       0x24 ./CommonTx/mlrs-tx.o
                0x08004edc                setup_param_is_tx(unsigned char)
 .text._Z17setup_param_is_rxh
                0x08004f00       0x24 ./CommonTx/mlrs-tx.o
                0x08004f00                setup_param_is_rx(unsigned char)
 .text._Z21setup_param_is_for_rxh
                0x08004f24       0x24 ./CommonTx/mlrs-tx.o
                0x08004f24                setup_param_is_for_rx(unsigned char)
 .text._Z17SetupParameterPtrh
                0x08004f48       0x38 ./CommonTx/mlrs-tx.o
                0x08004f48                SetupParameterPtr(unsigned char)
 .text._Z15setup_set_paramh11tParamValue
                0x08004f80       0x78 ./CommonTx/mlrs-tx.o
                0x08004f80                setup_set_param(unsigned char, tParamValue)
 .text._Z20setup_set_param_str6hPc
                0x08004ff8       0x48 ./CommonTx/mlrs-tx.o
                0x08004ff8                setup_set_param_str6(unsigned char, char*)
 .text._Z29_param_get_listval_fromoptstrPchhh
                0x08005040       0xfc ./CommonTx/mlrs-tx.o
                0x08005040                _param_get_listval_fromoptstr(char*, unsigned char, unsigned char, unsigned char)
 .text._Z22param_get_allowed_maskh
                0x0800513c       0x1c ./CommonTx/mlrs-tx.o
                0x0800513c                param_get_allowed_mask(unsigned char)
 .text._Z17param_get_opt_numh
                0x08005158       0x34 ./CommonTx/mlrs-tx.o
                0x08005158                param_get_opt_num(unsigned char)
 .text._Z25param_get_allowed_opt_numh
                0x0800518c       0x44 ./CommonTx/mlrs-tx.o
                0x0800518c                param_get_allowed_opt_num(unsigned char)
 .text._Z13param_get_idxPhPc
                0x080051d0       0x74 ./CommonTx/mlrs-tx.o
                0x080051d0                param_get_idx(unsigned char*, char*)
 .text._Z26param_get_val_formattedstrPchh
                0x08005244       0x84 ./CommonTx/mlrs-tx.o
                0x08005244                param_get_val_formattedstr(char*, unsigned char, unsigned char)
 .text._Z21param_set_val_fromintPblh
                0x080052c8       0x6c ./CommonTx/mlrs-tx.o
                0x080052c8                param_set_val_fromint(bool*, long, unsigned char)
 .text._Z17param_set_str6valPbPch
                0x08005334       0x58 ./CommonTx/mlrs-tx.o
                0x08005334                param_set_str6val(bool*, char*, unsigned char)
 .text._Z21param_set_val_fromstrPbPch
                0x0800538c       0x4c ./CommonTx/mlrs-tx.o
                0x0800538c                param_set_val_fromstr(bool*, char*, unsigned char)
 .text._ZN6tTxCli5putsnEPKc
                0x080053d8       0x18 ./CommonTx/mlrs-tx.o
                0x080053d8                tTxCli::putsn(char const*)
 .text._ZN6tTxCli4InitEP11tSerialBase
                0x080053f0       0x34 ./CommonTx/mlrs-tx.o
                0x080053f0                tTxCli::Init(tSerialBase*)
 .text._ZN6tTxCli3SetEh
                0x08005424       0x30 ./CommonTx/mlrs-tx.o
                0x08005424                tTxCli::Set(unsigned char)
 .text._ZN6tTxCli4addcEh
                0x08005454       0x1c ./CommonTx/mlrs-tx.o
                0x08005454                tTxCli::addc(unsigned char)
 .text._ZN6tTxCli6is_cmdEPKc
                0x08005470       0x10 ./CommonTx/mlrs-tx.o
                0x08005470                tTxCli::is_cmd(char const*)
 .text._ZN6tTxCli16is_cmd_set_valueEPKcPl
                0x08005480       0x90 ./CommonTx/mlrs-tx.o
                0x08005480                tTxCli::is_cmd_set_value(char const*, long*)
 .text._ZN6tTxCli15print_config_idEv
                0x08005510       0x30 ./CommonTx/mlrs-tx.o
                0x08005510                tTxCli::print_config_id()
 .text._ZN6tTxCli16is_cmd_param_setEPcS0_
                0x08005540       0xfc ./CommonTx/mlrs-tx.o
                0x08005540                tTxCli::is_cmd_param_set(char*, char*)
 .text._ZN6tTxCli20print_param_opt_listEh
                0x0800563c       0xd0 ./CommonTx/mlrs-tx.o
                0x0800563c                tTxCli::print_param_opt_list(unsigned char)
 .text._ZN6tTxCli11print_paramEh
                0x0800570c       0xfc ./CommonTx/mlrs-tx.o
                0x0800570c                tTxCli::print_param(unsigned char)
 .text._ZN6tTxCli16print_param_listEh
                0x08005808       0x84 ./CommonTx/mlrs-tx.o
                0x08005808                tTxCli::print_param_list(unsigned char)
 .text._ZN6tTxCli6streamEv
                0x0800588c      0x10c ./CommonTx/mlrs-tx.o
                0x0800588c                tTxCli::stream()
 .text._ZN6tTxCli20print_device_versionEv
                0x08005998       0x70 ./CommonTx/mlrs-tx.o
                0x08005998                tTxCli::print_device_version()
 .text._ZN6tTxCli17print_frequenciesEv
                0x08005a08       0xc0 ./CommonTx/mlrs-tx.o
                0x08005a08                tTxCli::print_frequencies()
 .text._ZN6tTxCli10print_helpEv
                0x08005ac8       0xd0 ./CommonTx/mlrs-tx.o
                0x08005ac8                tTxCli::print_help()
 .text._ZN6tTxCli2DoEv
                0x08005b98      0x388 ./CommonTx/mlrs-tx.o
                0x08005b98                tTxCli::Do()
 .text._ZN13WhileTransmit11handle_onceEv
                0x08005f20       0x30 ./CommonTx/mlrs-tx.o
                0x08005f20                WhileTransmit::handle_once()
 .text.USART2_IRQHandler
                0x08005f50       0xb0 ./CommonTx/mlrs-tx.o
                0x08005f50                USART2_IRQHandler
 .text.uart_getc
                0x08006000       0x30 ./CommonTx/mlrs-tx.o
                0x08006000                uart_getc
 .text._ZN3tIn4getcEv
                0x08006030        0x4 ./CommonTx/mlrs-tx.o
                0x08006030                tIn::getc()
 .text._uart_initprotocol
                0x08006034       0x38 ./CommonTx/mlrs-tx.o
                0x08006034                _uart_initprotocol
 .text.uart_setprotocol
                0x0800606c       0x20 ./CommonTx/mlrs-tx.o
                0x0800606c                uart_setprotocol
 .text._ZN3tIn11config_sbusEb
                0x0800608c       0x64 ./CommonTx/mlrs-tx.o
                0x0800608c                tIn::config_sbus(bool)
 .text._ZN3tIn20config_sbus_invertedEb
                0x080060f0       0x64 ./CommonTx/mlrs-tx.o
                0x080060f0                tIn::config_sbus_inverted(bool)
 .text.uart_init_isroff
                0x08006154       0xe0 ./CommonTx/mlrs-tx.o
                0x08006154                uart_init_isroff
 .text._Z20uart_tx_putc_totxbufc
                0x08006234       0x28 ./CommonTx/mlrs-tx.o
                0x08006234                uart_tx_putc_totxbuf(char)
 .text._ZN7tTxCrsf14transmit_startEv
                0x0800625c       0x38 ./CommonTx/mlrs-tx.o
                0x0800625c                tTxCrsf::transmit_start()
 .text._Z13uart_tx_startv
                0x08006294        0xc ./CommonTx/mlrs-tx.o
                0x08006294                uart_tx_start()
 .text._ZN15tPin5BridgeBase14pin5_tx_enableEb
                0x080062a0       0x4c ./CommonTx/mlrs-tx.o
                0x080062a0                tPin5BridgeBase::pin5_tx_enable(bool)
 .text._ZN15tPin5BridgeBase4InitEv
                0x080062ec       0x78 ./CommonTx/mlrs-tx.o
                0x080062ec                tPin5BridgeBase::Init()
 .text._ZN15tPin5BridgeBase16uart_rx_callbackEh
                0x08006364       0x36 ./CommonTx/mlrs-tx.o
                0x08006364                tPin5BridgeBase::uart_rx_callback(unsigned char)
 *fill*         0x0800639a        0x2 
 .text._Z24mbridge_uart_rx_callbackh
                0x0800639c        0xc ./CommonTx/mlrs-tx.o
                0x0800639c                mbridge_uart_rx_callback(unsigned char)
 .text._Z21crsf_uart_rx_callbackh
                0x080063a8        0xc ./CommonTx/mlrs-tx.o
                0x080063a8                crsf_uart_rx_callback(unsigned char)
 .text._ZN15tPin5BridgeBase16uart_tc_callbackEv
                0x080063b4       0x10 ./CommonTx/mlrs-tx.o
                0x080063b4                tPin5BridgeBase::uart_tc_callback()
 .text._Z24mbridge_uart_tc_callbackv
                0x080063c4        0xc ./CommonTx/mlrs-tx.o
                0x080063c4                mbridge_uart_tc_callback()
 .text._Z21crsf_uart_tc_callbackv
                0x080063d0        0xc ./CommonTx/mlrs-tx.o
                0x080063d0                crsf_uart_tc_callback()
 .text._ZN15tPin5BridgeBase14CheckAndRescueEv
                0x080063dc       0x34 ./CommonTx/mlrs-tx.o
                0x080063dc                tPin5BridgeBase::CheckAndRescue()
 .text._Z23mbridge_cmd_payload_lenh
                0x08006410       0x14 ./CommonTx/mlrs-tx.o
                0x08006410                mbridge_cmd_payload_len(unsigned char)
 .text._ZN8tMBridge14parse_nextcharEh
                0x08006424       0xf4 ./CommonTx/mlrs-tx.o
                0x08006424                tMBridge::parse_nextchar(unsigned char)
 .text._ZN8tMBridge12send_commandEv
                0x08006518       0x20 ./CommonTx/mlrs-tx.o
                0x08006518                tMBridge::send_command()
 .text._ZN8tMBridge11fill_rcdataEP7tRcData
                0x08006538       0xe0 ./CommonTx/mlrs-tx.o
                0x08006538                tMBridge::fill_rcdata(tRcData*)
 .text._ZN8tMBridge14ParseCrsfFrameEPhh
                0x08006618       0x2a ./CommonTx/mlrs-tx.o
                0x08006618                tMBridge::ParseCrsfFrame(unsigned char*, unsigned char)
 .text._ZN8tMBridge18CrsfFrameAvailableEPPhS0_
                0x08006642       0x2a ./CommonTx/mlrs-tx.o
                0x08006642                tMBridge::CrsfFrameAvailable(unsigned char**, unsigned char*)
 .text._ZN8tMBridge4InitEbb
                0x0800666c       0x74 ./CommonTx/mlrs-tx.o
                0x0800666c                tMBridge::Init(bool, bool)
 .text._ZN8tMBridge15ChannelsUpdatedEP7tRcData
                0x080066e0       0x30 ./CommonTx/mlrs-tx.o
                0x080066e0                tMBridge::ChannelsUpdated(tRcData*)
 .text._ZN8tMBridge15TelemetryUpdateEPh
                0x08006710       0x44 ./CommonTx/mlrs-tx.o
                0x08006710                tMBridge::TelemetryUpdate(unsigned char*)
 .text._ZN8tMBridge15CommandReceivedEPh
                0x08006754       0x22 ./CommonTx/mlrs-tx.o
                0x08006754                tMBridge::CommandReceived(unsigned char*)
 .text._ZN8tMBridge11SendCommandEhPh
                0x08006776       0x40 ./CommonTx/mlrs-tx.o
                0x08006776                tMBridge::SendCommand(unsigned char, unsigned char*)
 .text._ZN8tMBridge13CommandInFifoEPh
                0x080067b6       0x46 ./CommonTx/mlrs-tx.o
                0x080067b6                tMBridge::CommandInFifo(unsigned char*)
 .text._Z17mbridge_send_Infov
                0x080067fc       0xc8 ./CommonTx/mlrs-tx.o
                0x080067fc                mbridge_send_Info()
 .text._Z25mbridge_send_DeviceItemTxv
                0x080068c4       0x44 ./CommonTx/mlrs-tx.o
                0x080068c4                mbridge_send_DeviceItemTx()
 .text._Z25mbridge_send_DeviceItemRxv
                0x08006908       0x54 ./CommonTx/mlrs-tx.o
                0x08006908                mbridge_send_DeviceItemRx()
 .text._Z33mbridge_start_ParamRequestByIndexh
                0x0800695c       0x28 ./CommonTx/mlrs-tx.o
                0x0800695c                mbridge_start_ParamRequestByIndex(unsigned char)
 .text._Z30mbridge_start_ParamRequestListv
                0x08006984       0x28 ./CommonTx/mlrs-tx.o
                0x08006984                mbridge_start_ParamRequestList()
 .text._ZN8tMBridge16HandleRequestCmdEPh
                0x080069ac       0x52 ./CommonTx/mlrs-tx.o
                0x080069ac                tMBridge::HandleRequestCmd(unsigned char*)
 .text._ZN8tMBridge9HandleCmdEh
                0x080069fe       0x14 ./CommonTx/mlrs-tx.o
                0x080069fe                tMBridge::HandleCmd(unsigned char)
 *fill*         0x08006a12        0x2 
 .text._Z22mbridge_send_ParamItemv
                0x08006a14      0x274 ./CommonTx/mlrs-tx.o
                0x08006a14                mbridge_send_ParamItem()
 .text._Z19mbridge_do_ParamSetPhPb
                0x08006c88       0x3c ./CommonTx/mlrs-tx.o
                0x08006c88                mbridge_do_ParamSet(unsigned char*, bool*)
 .text._Z16mbridge_send_cmdh
                0x08006cc4       0x24 ./CommonTx/mlrs-tx.o
                0x08006cc4                mbridge_send_cmd(unsigned char)
 .text._ZN12tPassThrough4InitEv
                0x08006ce8       0x22 ./CommonTx/mlrs-tx.o
                0x08006ce8                tPassThrough::Init()
 .text._ZN12tPassThrough24decode_passthrough_arrayEhPh
                0x08006d0a       0xe2 ./CommonTx/mlrs-tx.o
                0x08006d0a                tPassThrough::decode_passthrough_array(unsigned char, unsigned char*)
 .text._ZN12tPassThrough43handle_mavlink_msg_passthrough_array_tunnelEP14_fmav_tunnel_t
                0x08006dec       0x24 ./CommonTx/mlrs-tx.o
                0x08006dec                tPassThrough::handle_mavlink_msg_passthrough_array_tunnel(_fmav_tunnel_t*)
 .text._ZN12tPassThrough36handle_mavlink_msg_passthrough_arrayEP31_fmav_frsky_passthrough_array_t
                0x08006e10        0xc ./CommonTx/mlrs-tx.o
                0x08006e10                tPassThrough::handle_mavlink_msg_passthrough_array(_fmav_frsky_passthrough_array_t*)
 .text._ZN12tPassThrough28handle_mavlink_msg_heartbeatEP17_fmav_heartbeat_t
                0x08006e1c       0x28 ./CommonTx/mlrs-tx.o
                0x08006e1c                tPassThrough::handle_mavlink_msg_heartbeat(_fmav_heartbeat_t*)
 .text._ZN12tPassThrough29handle_mavlink_msg_sys_statusEP18_fmav_sys_status_t
                0x08006e44       0x1c ./CommonTx/mlrs-tx.o
                0x08006e44                tPassThrough::handle_mavlink_msg_sys_status(_fmav_sys_status_t*)
 .text._ZN12tPassThrough30handle_mavlink_msg_gps_raw_intEP19_fmav_gps_raw_int_t
                0x08006e60       0x1e ./CommonTx/mlrs-tx.o
                0x08006e60                tPassThrough::handle_mavlink_msg_gps_raw_int(_fmav_gps_raw_int_t*)
 .text._ZN12tPassThrough26handle_mavlink_msg_raw_imuEP15_fmav_raw_imu_t
                0x08006e7e       0x18 ./CommonTx/mlrs-tx.o
                0x08006e7e                tPassThrough::handle_mavlink_msg_raw_imu(_fmav_raw_imu_t*)
 .text._ZN12tPassThrough27handle_mavlink_msg_attitudeEP16_fmav_attitude_t
                0x08006e96       0x1e ./CommonTx/mlrs-tx.o
                0x08006e96                tPassThrough::handle_mavlink_msg_attitude(_fmav_attitude_t*)
 .text._ZN12tPassThrough38handle_mavlink_msg_global_position_intEP27_fmav_global_position_int_t
                0x08006eb4       0x44 ./CommonTx/mlrs-tx.o
                0x08006eb4                tPassThrough::handle_mavlink_msg_global_position_int(_fmav_global_position_int_t*)
 .text._ZN12tPassThrough34handle_mavlink_msg_mission_currentEP23_fmav_mission_current_t
                0x08006ef8       0x1a ./CommonTx/mlrs-tx.o
                0x08006ef8                tPassThrough::handle_mavlink_msg_mission_current(_fmav_mission_current_t*)
 .text._ZN12tPassThrough40handle_mavlink_msg_nav_controller_outputEP29_fmav_nav_controller_output_t
                0x08006f12       0x1a ./CommonTx/mlrs-tx.o
                0x08006f12                tPassThrough::handle_mavlink_msg_nav_controller_output(_fmav_nav_controller_output_t*)
 .text._ZN12tPassThrough26handle_mavlink_msg_vfr_hudEP15_fmav_vfr_hud_t
                0x08006f2c       0x3e ./CommonTx/mlrs-tx.o
                0x08006f2c                tPassThrough::handle_mavlink_msg_vfr_hud(_fmav_vfr_hud_t*)
 .text._ZN12tPassThrough33handle_mavlink_msg_terrain_reportEP22_fmav_terrain_report_t
                0x08006f6a       0x1a ./CommonTx/mlrs-tx.o
                0x08006f6a                tPassThrough::handle_mavlink_msg_terrain_report(_fmav_terrain_report_t*)
 .text._ZN12tPassThrough33handle_mavlink_msg_battery_statusEP22_fmav_battery_status_t
                0x08006f84       0x50 ./CommonTx/mlrs-tx.o
                0x08006f84                tPassThrough::handle_mavlink_msg_battery_status(_fmav_battery_status_t*)
 .text._ZN12tPassThrough31handle_mavlink_msg_fence_statusEP20_fmav_fence_status_t
                0x08006fd4       0x1a ./CommonTx/mlrs-tx.o
                0x08006fd4                tPassThrough::handle_mavlink_msg_fence_status(_fmav_fence_status_t*)
 .text._ZN12tPassThrough30handle_mavlink_msg_rangefinderEP19_fmav_rangefinder_t
                0x08006fee       0x14 ./CommonTx/mlrs-tx.o
                0x08006fee                tPassThrough::handle_mavlink_msg_rangefinder(_fmav_rangefinder_t*)
 .text._ZN12tPassThrough22handle_mavlink_msg_rpmEP11_fmav_rpm_t
                0x08007002       0x14 ./CommonTx/mlrs-tx.o
                0x08007002                tPassThrough::handle_mavlink_msg_rpm(_fmav_rpm_t*)
 .text._ZN12tPassThrough32handle_mavlink_msg_home_positionEP21_fmav_home_position_t
                0x08007016       0x22 ./CommonTx/mlrs-tx.o
                0x08007016                tPassThrough::handle_mavlink_msg_home_position(_fmav_home_position_t*)
 .text._ZN12tPassThrough29handle_mavlink_msg_statustextEP18_fmav_statustext_t
                0x08007038       0x22 ./CommonTx/mlrs-tx.o
                0x08007038                tPassThrough::handle_mavlink_msg_statustext(_fmav_statustext_t*)
 .text._Z9pt_pack32Pmmhh
                0x0800705a       0x24 ./CommonTx/mlrs-tx.o
                0x0800705a                pt_pack32(unsigned long*, unsigned long, unsigned char, unsigned char)
 .text._ZN12tPassThrough16get_GpsLat_0x800EPm
                0x0800707e       0x56 ./CommonTx/mlrs-tx.o
                0x0800707e                tPassThrough::get_GpsLat_0x800(unsigned long*)
 .text._ZN12tPassThrough16get_GpsLon_0x800EPm
                0x080070d4       0x60 ./CommonTx/mlrs-tx.o
                0x080070d4                tPassThrough::get_GpsLon_0x800(unsigned long*)
 .text._ZN12tPassThrough15get_Text_0x5000EPm
                0x08007134       0xac ./CommonTx/mlrs-tx.o
                0x08007134                tPassThrough::get_Text_0x5000(unsigned long*)
 .text._ZN12tPassThrough19get_ApStatus_0x5001EPm
                0x080071e0       0xf4 ./CommonTx/mlrs-tx.o
                0x080071e0                tPassThrough::get_ApStatus_0x5001(unsigned long*)
 .text._ZN12tPassThrough20get_GpsStatus_0x5002EPm
                0x080072d4       0xf0 ./CommonTx/mlrs-tx.o
                0x080072d4                tPassThrough::get_GpsStatus_0x5002(unsigned long*)
 .text._ZN12tPassThrough15get_Home_0x5004EPm
                0x080073c4      0x200 ./CommonTx/mlrs-tx.o
                0x080073c4                tPassThrough::get_Home_0x5004(unsigned long*)
 .text._ZN12tPassThrough22get_VelocityYaw_0x5005EPm
                0x080075c4       0xa0 ./CommonTx/mlrs-tx.o
                0x080075c4                tPassThrough::get_VelocityYaw_0x5005(unsigned long*)
 .text._ZN12tPassThrough26get_VelocityYaw_0x5005_AirEPm
                0x08007664       0xa0 ./CommonTx/mlrs-tx.o
                0x08007664                tPassThrough::get_VelocityYaw_0x5005_Air(unsigned long*)
 .text._ZN12tPassThrough24get_AttitudeRange_0x5006EPm
                0x08007704       0xc4 ./CommonTx/mlrs-tx.o
                0x08007704                tPassThrough::get_AttitudeRange_0x5006(unsigned long*)
 .text._ZN12tPassThrough16get_Param_0x5007EPm
                0x080077c8       0x54 ./CommonTx/mlrs-tx.o
                0x080077c8                tPassThrough::get_Param_0x5007(unsigned long*)
 .text._Z27ap_copter_flight_mode_name4Pch
                0x0800781c      0x100 ./CommonTx/mlrs-tx.o
                0x0800781c                ap_copter_flight_mode_name4(char*, unsigned char)
 .text._Z26ap_plane_flight_mode_name4Pch
                0x0800791c       0xf4 ./CommonTx/mlrs-tx.o
                0x0800791c                ap_plane_flight_mode_name4(char*, unsigned char)
 .text._Z26ap_rover_flight_mode_name4Pch
                0x08007a10       0x8c ./CommonTx/mlrs-tx.o
                0x08007a10                ap_rover_flight_mode_name4(char*, unsigned char)
 .text._Z24ap_sub_flight_mode_name4Pch
                0x08007a9c       0x78 ./CommonTx/mlrs-tx.o
                0x08007a9c                ap_sub_flight_mode_name4(char*, unsigned char)
 .text._Z23ap_vehicle_from_mavtypeh
                0x08007b14       0x10 ./CommonTx/mlrs-tx.o
                0x08007b14                ap_vehicle_from_mavtype(unsigned char)
 .text._Z20ap_flight_mode_name4Pchh
                0x08007b24       0x2c ./CommonTx/mlrs-tx.o
                0x08007b24                ap_flight_mode_name4(char*, unsigned char, unsigned char)
 .text._ZN12tPassThroughC2Ev
                0x08007b50       0xe8 ./CommonTx/mlrs-tx.o
                0x08007b50                tPassThrough::tPassThrough()
                0x08007b50                tPassThrough::tPassThrough()
 .text._ZN7tTxCrsf11fill_rcdataEP7tRcData
                0x08007c38      0x190 ./CommonTx/mlrs-tx.o
                0x08007c38                tTxCrsf::fill_rcdata(tRcData*)
 .text._ZN7tTxCrsf4crc8EPKh
                0x08007dc8        0xe ./CommonTx/mlrs-tx.o
                0x08007dc8                tTxCrsf::crc8(unsigned char const*)
 *fill*         0x08007dd6        0x2 
 .text._ZN7tTxCrsf4InitEb
                0x08007dd8       0x98 ./CommonTx/mlrs-tx.o
                0x08007dd8                tTxCrsf::Init(bool)
 .text._ZN7tTxCrsf15ChannelsUpdatedEP7tRcData
                0x08007e70       0x44 ./CommonTx/mlrs-tx.o
                0x08007e70                tTxCrsf::ChannelsUpdated(tRcData*)
 .text._ZN7tTxCrsf15TelemetryUpdateEPht
                0x08007eb4       0x5c ./CommonTx/mlrs-tx.o
                0x08007eb4                tTxCrsf::TelemetryUpdate(unsigned char*, unsigned short)
 .text._ZN7tTxCrsf15CommandReceivedEPh
                0x08007f10       0x3e ./CommonTx/mlrs-tx.o
                0x08007f10                tTxCrsf::CommandReceived(unsigned char*)
 .text._ZN7tTxCrsf9SendFrameEhPvh
                0x08007f4e       0x3e ./CommonTx/mlrs-tx.o
                0x08007f4e                tTxCrsf::SendFrame(unsigned char, void*, unsigned char)
 .text._ZN7tTxCrsf18SendLinkStatisticsEP19tCrsfLinkStatistics
                0x08007f8c        0xa ./CommonTx/mlrs-tx.o
                0x08007f8c                tTxCrsf::SendLinkStatistics(tCrsfLinkStatistics*)
 .text._ZN7tTxCrsf20SendLinkStatisticsTxEP21tCrsfLinkStatisticsTx
                0x08007f96        0xa ./CommonTx/mlrs-tx.o
                0x08007f96                tTxCrsf::SendLinkStatisticsTx(tCrsfLinkStatisticsTx*)
 .text._ZN7tTxCrsf20SendLinkStatisticsRxEP21tCrsfLinkStatisticsRx
                0x08007fa0        0xa ./CommonTx/mlrs-tx.o
                0x08007fa0                tTxCrsf::SendLinkStatisticsRx(tCrsfLinkStatisticsRx*)
 .text._ZN7tTxCrsf16SendMBridgeFrameEPvh
                0x08007faa        0xa ./CommonTx/mlrs-tx.o
                0x08007faa                tTxCrsf::SendMBridgeFrame(void*, unsigned char)
 .text._ZN7tTxCrsf28handle_mavlink_msg_heartbeatEP17_fmav_heartbeat_t
                0x08007fb4       0x58 ./CommonTx/mlrs-tx.o
                0x08007fb4                tTxCrsf::handle_mavlink_msg_heartbeat(_fmav_heartbeat_t*)
 .text._Z19mav_battery_voltageP22_fmav_battery_status_t
                0x0800800c       0x38 ./CommonTx/mlrs-tx.o
                0x0800800c                mav_battery_voltage(_fmav_battery_status_t*)
 .text._ZN12tPassThrough19get_Battery1_0x5003EPm
                0x08008044       0x84 ./CommonTx/mlrs-tx.o
                0x08008044                tPassThrough::get_Battery1_0x5003(unsigned long*)
 .text._ZN12tPassThrough19get_Battery2_0x5008EPm
                0x080080c8       0x84 ./CommonTx/mlrs-tx.o
                0x080080c8                tPassThrough::get_Battery2_0x5008(unsigned long*)
 .text._ZN12tPassThrough22GetTelemetryFrameMultiEPhS0_
                0x0800814c      0x214 ./CommonTx/mlrs-tx.o
                0x0800814c                tPassThrough::GetTelemetryFrameMulti(unsigned char*, unsigned char*)
 .text._ZN7tTxCrsf33handle_mavlink_msg_battery_statusEP22_fmav_battery_status_t
                0x08008360       0x70 ./CommonTx/mlrs-tx.o
                0x08008360                tTxCrsf::handle_mavlink_msg_battery_status(_fmav_battery_status_t*)
 .text._ZN7tTxCrsf27handle_mavlink_msg_attitudeEP16_fmav_attitude_t
                0x080083d0       0x48 ./CommonTx/mlrs-tx.o
                0x080083d0                tTxCrsf::handle_mavlink_msg_attitude(_fmav_attitude_t*)
 .text._ZN7tTxCrsf38handle_mavlink_msg_global_position_intEP27_fmav_global_position_int_t
                0x08008418       0x7c ./CommonTx/mlrs-tx.o
                0x08008418                tTxCrsf::handle_mavlink_msg_global_position_int(_fmav_global_position_int_t*)
 .text._ZN7tTxCrsf26handle_mavlink_msg_vfr_hudEP15_fmav_vfr_hud_t
                0x08008494       0x2c ./CommonTx/mlrs-tx.o
                0x08008494                tTxCrsf::handle_mavlink_msg_vfr_hud(_fmav_vfr_hud_t*)
 .text._ZN7tTxCrsf25TelemetryHandleMavlinkMsgEP13_fmav_message.part.0
                0x080084c0      0x534 ./CommonTx/mlrs-tx.o
 .text._ZN7tTxCrsf25TelemetryHandleMavlinkMsgEP13_fmav_message
                0x080089f4       0x10 ./CommonTx/mlrs-tx.o
                0x080089f4                tTxCrsf::TelemetryHandleMavlinkMsg(_fmav_message*)
 .text._ZN7tTxCrsf18SendTelemetryFrameEv
                0x08008a04      0x150 ./CommonTx/mlrs-tx.o
                0x08008a04                tTxCrsf::SendTelemetryFrame()
 .text._Z21crsf_cvt_rssi_percenta
                0x08008b54       0x50 ./CommonTx/mlrs-tx.o
                0x08008b54                crsf_cvt_rssi_percent(signed char)
 .text._Z24crsf_send_LinkStatisticsv
                0x08008ba4       0xa0 ./CommonTx/mlrs-tx.o
                0x08008ba4                crsf_send_LinkStatistics()
 .text._Z26crsf_send_LinkStatisticsTxv
                0x08008c44       0x88 ./CommonTx/mlrs-tx.o
                0x08008c44                crsf_send_LinkStatisticsTx()
 .text._Z26crsf_send_LinkStatisticsRxv
                0x08008ccc       0x4c ./CommonTx/mlrs-tx.o
                0x08008ccc                crsf_send_LinkStatisticsRx()
 .text._Z24fmavX_config_compressionh
                0x08008d18       0x10 ./CommonTx/mlrs-tx.o
                0x08008d18                fmavX_config_compression(unsigned char)
 .text._Z17_fmavX_encode_rlePhS_hh
                0x08008d28      0x7d0 ./CommonTx/mlrs-tx.o
                0x08008d28                _fmavX_encode_rle(unsigned char*, unsigned char*, unsigned char, unsigned char)
 .text._Z23_fmavX_payload_compressPhS_S_h
                0x080094f8      0x27c ./CommonTx/mlrs-tx.o
                0x080094f8                _fmavX_payload_compress(unsigned char*, unsigned char*, unsigned char*, unsigned char)
 .text._ZL22fmavX_msg_to_frame_bufPhP13_fmav_message
                0x08009774      0x278 ./CommonTx/mlrs-tx.o
 .text._Z25_fmavX_payload_decompressPhS_h
                0x080099ec      0xa50 ./CommonTx/mlrs-tx.o
                0x080099ec                _fmavX_payload_decompress(unsigned char*, unsigned char*, unsigned char)
 .text._ZL34fmavX_parse_and_check_to_frame_bufP12_fmav_resultPhP12_fmav_statush.isra.0
                0x0800a43c      0x7e4 ./CommonTx/mlrs-tx.o
 .text._ZN10tTxMavlink4InitEP11tSerialBaseS1_S1_
                0x0800ac20       0xe4 ./CommonTx/mlrs-tx.o
                0x0800ac20                tTxMavlink::Init(tSerialBase*, tSerialBase*, tSerialBase*)
 .text._ZN10tTxMavlink12VehicleStateEv
                0x0800ad04       0x24 ./CommonTx/mlrs-tx.o
                0x0800ad04                tTxMavlink::VehicleState()
 .text._ZN10tTxMavlink22send_msg_fifo_link_outEP12_fmav_resultPh
                0x0800ad28       0x60 ./CommonTx/mlrs-tx.o
                0x0800ad28                tTxMavlink::send_msg_fifo_link_out(_fmav_result*, unsigned char*)
 .text._ZN10tTxMavlink19send_msg_serial_outEv
                0x0800ad88       0x2c ./CommonTx/mlrs-tx.o
                0x0800ad88                tTxMavlink::send_msg_serial_out()
 .text._ZN10tTxMavlink4getcEv
                0x0800adb4       0x2a ./CommonTx/mlrs-tx.o
                0x0800adb4                tTxMavlink::getc()
 *fill*         0x0800adde        0x2 
 .text._ZN11tTxSxSerial4getcEv
                0x0800ade0       0x38 ./CommonTx/mlrs-tx.o
                0x0800ade0                tTxSxSerial::getc()
 .text._ZN10tTxMavlink5flushEv
                0x0800ae18       0x2a ./CommonTx/mlrs-tx.o
                0x0800ae18                tTxMavlink::flush()
 *fill*         0x0800ae42        0x2 
 .text._ZN11tTxSxSerial5flushEv
                0x0800ae44       0x1c ./CommonTx/mlrs-tx.o
                0x0800ae44                tTxSxSerial::flush()
 .text._ZN10tTxMavlink21handle_msg_serial_outEP13_fmav_message
                0x0800ae60       0x9c ./CommonTx/mlrs-tx.o
                0x0800ae60                tTxMavlink::handle_msg_serial_out(_fmav_message*)
 .text._ZN10tTxMavlink4putcEc
                0x0800aefc       0x9c ./CommonTx/mlrs-tx.o
                0x0800aefc                tTxMavlink::putc(char)
 .text._ZN11tTxSxSerial4putcEc
                0x0800af98       0x38 ./CommonTx/mlrs-tx.o
                0x0800af98                tTxSxSerial::putc(char)
 .text._ZN10tTxMavlink21generate_radio_statusEv
                0x0800afd0      0x134 ./CommonTx/mlrs-tx.o
                0x0800afd0                tTxMavlink::generate_radio_status()
 .text._Z21mavlink_vehicle_statev
                0x0800b104        0xc ./CommonTx/mlrs-tx.o
                0x0800b104                mavlink_vehicle_state()
 .text._Z22mbridge_send_LinkStatsv
                0x0800b110      0x174 ./CommonTx/mlrs-tx.o
                0x0800b110                mbridge_send_LinkStats()
 .text._ZN11tTxSxSerial4InitEP11tSerialBaseS1_S1_
                0x0800b284       0x34 ./CommonTx/mlrs-tx.o
                0x0800b284                tTxSxSerial::Init(tSerialBase*, tSerialBase*, tSerialBase*)
 .text._Z10start_bindv
                0x0800b2b8       0x10 ./CommonTx/mlrs-tx.o
                0x0800b2b8                start_bind()
 .text._Z9stop_bindv
                0x0800b2c8       0x10 ./CommonTx/mlrs-tx.o
                0x0800b2c8                stop_bind()
 .text._Z4initv
                0x0800b2d8       0xc0 ./CommonTx/mlrs-tx.o
                0x0800b2d8                init()
 .text.SUBGHZ_Radio_IRQHandler
                0x0800b398       0x6c ./CommonTx/mlrs-tx.o
                0x0800b398                SUBGHZ_Radio_IRQHandler
 .text._Z14link_task_initv
                0x0800b404       0x24 ./CommonTx/mlrs-tx.o
                0x0800b404                link_task_init()
 .text._Z13link_task_seth
                0x0800b428       0x48 ./CommonTx/mlrs-tx.o
                0x0800b428                link_task_set(unsigned char)
 .text._Z15link_task_resetv
                0x0800b470       0x1c ./CommonTx/mlrs-tx.o
                0x0800b470                link_task_reset()
 .text._Z17link_task_tick_msv
                0x0800b48c       0x3c ./CommonTx/mlrs-tx.o
                0x0800b48c                link_task_tick_ms()
 .text._Z27process_received_rxcmdframeP8tRxFrame
                0x0800b4c8       0x2c ./CommonTx/mlrs-tx.o
                0x0800b4c8                process_received_rxcmdframe(tRxFrame*)
 .text._Z15pack_txcmdframeP8tTxFrameP11tFrameStatsP7tRcData
                0x0800b4f4       0x40 ./CommonTx/mlrs-tx.o
                0x0800b4f4                pack_txcmdframe(tTxFrame*, tFrameStats*, tRcData*)
 .text._Z22process_received_framebP8tRxFrame
                0x0800b534       0x98 ./CommonTx/mlrs-tx.o
                0x0800b534                process_received_frame(bool, tRxFrame*)
 .text._Z14handle_receiveh
                0x0800b5cc       0x94 ./CommonTx/mlrs-tx.o
                0x0800b5cc                handle_receive(unsigned char)
 .text._Z19handle_receive_nonev
                0x0800b660       0x14 ./CommonTx/mlrs-tx.o
                0x0800b660                handle_receive_none()
 .text._Z10do_receiveh
                0x0800b674       0x54 ./CommonTx/mlrs-tx.o
                0x0800b674                do_receive(unsigned char)
 .text._ZN8FifoBaseIcLt512EE9AvailableEv
                0x0800b6c8       0x18 ./CommonTx/mlrs-tx.o
                0x0800b6c8                FifoBase<char, (unsigned short)512>::Available()
 .text._ZN10tTxMavlink9availableEv
                0x0800b6e0       0x1a ./CommonTx/mlrs-tx.o
                0x0800b6e0                tTxMavlink::available()
 *fill*         0x0800b6fa        0x2 
 .text._ZN11tTxSxSerial9availableEv
                0x0800b6fc       0x38 ./CommonTx/mlrs-tx.o
                0x0800b6fc                tTxSxSerial::available()
 .text._Z22prepare_transmit_framehh
                0x0800b734       0xd8 ./CommonTx/mlrs-tx.o
                0x0800b734                prepare_transmit_frame(unsigned char, unsigned char)
 .text._Z11do_transmith
                0x0800b80c       0x4c ./CommonTx/mlrs-tx.o
                0x0800b80c                do_transmit(unsigned char)
 .text._ZN10tTxMavlink2DoEv
                0x0800b858      0x1dc ./CommonTx/mlrs-tx.o
                0x0800b858                tTxMavlink::Do()
 .text._Z9main_mainv
                0x0800ba34      0xa3c ./CommonTx/mlrs-tx.o
                0x0800ba34                main_main()
 .text._ZN8tMBridge11send_serialEv
                0x0800c470       0x4a ./CommonTx/mlrs-tx.o
                0x0800c470                tMBridge::send_serial()
 .text._ZN8tMBridge14transmit_startEv
                0x0800c4ba       0x36 ./CommonTx/mlrs-tx.o
                0x0800c4ba                tMBridge::transmit_start()
 .text.startup._GLOBAL__sub_I_rcc_init_afio
                0x0800c4f0       0xc0 ./CommonTx/mlrs-tx.o
 .text._Z18SystemClock_Configv
                0x0800c5b0       0x90 ./Core/Src/main.o
                0x0800c5b0                SystemClock_Config()
 .text.startup.main
                0x0800c640       0x2a ./Core/Src/main.o
                0x0800c640                main
 .text.HAL_MspInit
                0x0800c66a        0x2 ./Core/Src/stm32wlxx_hal_msp.o
                0x0800c66a                HAL_MspInit
 .text.NMI_Handler
                0x0800c66c        0x2 ./Core/Src/stm32wlxx_it.o
                0x0800c66c                NMI_Handler
 .text.HardFault_Handler
                0x0800c66e        0x2 ./Core/Src/stm32wlxx_it.o
                0x0800c66e                HardFault_Handler
 .text.MemManage_Handler
                0x0800c670        0x2 ./Core/Src/stm32wlxx_it.o
                0x0800c670                MemManage_Handler
 .text.BusFault_Handler
                0x0800c672        0x2 ./Core/Src/stm32wlxx_it.o
                0x0800c672                BusFault_Handler
 .text.UsageFault_Handler
                0x0800c674        0x2 ./Core/Src/stm32wlxx_it.o
                0x0800c674                UsageFault_Handler
 .text.SVC_Handler
                0x0800c676        0x2 ./Core/Src/stm32wlxx_it.o
                0x0800c676                SVC_Handler
 .text.DebugMon_Handler
                0x0800c678        0x2 ./Core/Src/stm32wlxx_it.o
                0x0800c678                DebugMon_Handler
 .text.PendSV_Handler
                0x0800c67a        0x2 ./Core/Src/stm32wlxx_it.o
                0x0800c67a                PendSV_Handler
 .text.SysTick_Handler
                0x0800c67c        0x4 ./Core/Src/stm32wlxx_it.o
                0x0800c67c                SysTick_Handler
 .text.SystemInit
                0x0800c680        0x2 ./Core/Src/system_stm32wlxx.o
                0x0800c680                SystemInit
 *fill*         0x0800c682        0x2 
 .text.Reset_Handler
                0x0800c684       0x50 ./Core/Startup/startup_stm32wle5ccux.o
                0x0800c684                Reset_Handler
 .text.Default_Handler
                0x0800c6d4        0x2 ./Core/Startup/startup_stm32wle5ccux.o
                0x0800c6d4                RTC_Alarm_IRQHandler
                0x0800c6d4                EXTI2_IRQHandler
                0x0800c6d4                TIM1_CC_IRQHandler
                0x0800c6d4                EXTI3_IRQHandler
                0x0800c6d4                LPTIM2_IRQHandler
                0x0800c6d4                I2C3_ER_IRQHandler
                0x0800c6d4                LPTIM3_IRQHandler
                0x0800c6d4                EXTI0_IRQHandler
                0x0800c6d4                I2C2_EV_IRQHandler
                0x0800c6d4                TAMP_STAMP_LSECSS_SSRU_IRQHandler
                0x0800c6d4                SPI1_IRQHandler
                0x0800c6d4                DMA2_Channel2_IRQHandler
                0x0800c6d4                DMA1_Channel4_IRQHandler
                0x0800c6d4                PKA_IRQHandler
                0x0800c6d4                DMA1_Channel7_IRQHandler
                0x0800c6d4                SUBGHZSPI_IRQHandler
                0x0800c6d4                DMA2_Channel1_IRQHandler
                0x0800c6d4                I2C1_EV_IRQHandler
                0x0800c6d4                DMAMUX1_OVR_IRQHandler
                0x0800c6d4                DMA1_Channel6_IRQHandler
                0x0800c6d4                TIM16_IRQHandler
                0x0800c6d4                DMA2_Channel4_IRQHandler
                0x0800c6d4                RCC_IRQHandler
                0x0800c6d4                TIM1_TRG_COM_IRQHandler
                0x0800c6d4                DMA1_Channel1_IRQHandler
                0x0800c6d4                Default_Handler
                0x0800c6d4                DMA2_Channel7_IRQHandler
                0x0800c6d4                EXTI15_10_IRQHandler
                0x0800c6d4                ADC_IRQHandler
                0x0800c6d4                I2C3_EV_IRQHandler
                0x0800c6d4                EXTI9_5_IRQHandler
                0x0800c6d4                RTC_WKUP_IRQHandler
                0x0800c6d4                PVD_PVM_IRQHandler
                0x0800c6d4                SPI2_IRQHandler
                0x0800c6d4                DMA2_Channel5_IRQHandler
                0x0800c6d4                DMA1_Channel5_IRQHandler
                0x0800c6d4                EXTI4_IRQHandler
                0x0800c6d4                RNG_IRQHandler
                0x0800c6d4                DMA1_Channel3_IRQHandler
                0x0800c6d4                COMP_IRQHandler
                0x0800c6d4                HSEM_IRQHandler
                0x0800c6d4                TIM1_UP_IRQHandler
                0x0800c6d4                WWDG_IRQHandler
                0x0800c6d4                LPUART1_IRQHandler
                0x0800c6d4                DMA2_Channel6_IRQHandler
                0x0800c6d4                TIM2_IRQHandler
                0x0800c6d4                TIM1_BRK_IRQHandler
                0x0800c6d4                DAC_IRQHandler
                0x0800c6d4                EXTI1_IRQHandler
                0x0800c6d4                AES_IRQHandler
                0x0800c6d4                I2C2_ER_IRQHandler
                0x0800c6d4                DMA1_Channel2_IRQHandler
                0x0800c6d4                FLASH_IRQHandler
                0x0800c6d4                I2C1_ER_IRQHandler
                0x0800c6d4                LPTIM1_IRQHandler
                0x0800c6d4                DMA2_Channel3_IRQHandler
 .text.HAL_MspDeInit
                0x0800c6d6        0x2 ./Drivers/STM32WLxx_HAL_Driver/Src/stm32wlxx_hal.o
                0x0800c6d6                HAL_MspDeInit
 .text.HAL_DeInit
                0x0800c6d8       0x4c ./Drivers/STM32WLxx_HAL_Driver/Src/stm32wlxx_hal.o
                0x0800c6d8                HAL_DeInit
 .text.HAL_InitTick
                0x0800c724       0x4c ./Drivers/STM32WLxx_HAL_Driver/Src/stm32wlxx_hal.o
                0x0800c724                HAL_InitTick
 .text.HAL_Init
                0x0800c770       0x2c ./Drivers/STM32WLxx_HAL_Driver/Src/stm32wlxx_hal.o
                0x0800c770                HAL_Init
 .text.HAL_GetTick
                0x0800c79c        0xc ./Drivers/STM32WLxx_HAL_Driver/Src/stm32wlxx_hal.o
                0x0800c79c                HAL_GetTick
 .text.HAL_NVIC_SetPriorityGrouping
                0x0800c7a8       0x24 ./Drivers/STM32WLxx_HAL_Driver/Src/stm32wlxx_hal_cortex.o
                0x0800c7a8                HAL_NVIC_SetPriorityGrouping
 .text.HAL_NVIC_SetPriority
                0x0800c7cc       0x64 ./Drivers/STM32WLxx_HAL_Driver/Src/stm32wlxx_hal_cortex.o
                0x0800c7cc                HAL_NVIC_SetPriority
 .text.HAL_SYSTICK_Config
                0x0800c830       0x28 ./Drivers/STM32WLxx_HAL_Driver/Src/stm32wlxx_hal_cortex.o
                0x0800c830                HAL_SYSTICK_Config
 .text.FLASH_Program_Fast
                0x0800c858       0x30 ./Drivers/STM32WLxx_HAL_Driver/Src/stm32wlxx_hal_flash.o
 .text.HAL_FLASH_Unlock
                0x0800c888       0x24 ./Drivers/STM32WLxx_HAL_Driver/Src/stm32wlxx_hal_flash.o
                0x0800c888                HAL_FLASH_Unlock
 .text.HAL_FLASH_Lock
                0x0800c8ac       0x18 ./Drivers/STM32WLxx_HAL_Driver/Src/stm32wlxx_hal_flash.o
                0x0800c8ac                HAL_FLASH_Lock
 .text.FLASH_WaitForLastOperation
                0x0800c8c4       0x5c ./Drivers/STM32WLxx_HAL_Driver/Src/stm32wlxx_hal_flash.o
                0x0800c8c4                FLASH_WaitForLastOperation
 .text.HAL_FLASH_Program
                0x0800c920       0x70 ./Drivers/STM32WLxx_HAL_Driver/Src/stm32wlxx_hal_flash.o
                0x0800c920                HAL_FLASH_Program
 .text.FLASH_PageErase
                0x0800c990       0x1c ./Drivers/STM32WLxx_HAL_Driver/Src/stm32wlxx_hal_flash_ex.o
                0x0800c990                FLASH_PageErase
 .text.HAL_FLASHEx_Erase
                0x0800c9ac       0x9c ./Drivers/STM32WLxx_HAL_Driver/Src/stm32wlxx_hal_flash_ex.o
                0x0800c9ac                HAL_FLASHEx_Erase
 .text.HAL_PWR_EnableBkUpAccess
                0x0800ca48       0x10 ./Drivers/STM32WLxx_HAL_Driver/Src/stm32wlxx_hal_pwr.o
                0x0800ca48                HAL_PWR_EnableBkUpAccess
 .text.HAL_PWREx_GetVoltageRange
                0x0800ca58       0x10 ./Drivers/STM32WLxx_HAL_Driver/Src/stm32wlxx_hal_pwr_ex.o
                0x0800ca58                HAL_PWREx_GetVoltageRange
 .text.LL_RCC_HSE_IsReady
                0x0800ca68        0xc ./Drivers/STM32WLxx_HAL_Driver/Src/stm32wlxx_hal_rcc.o
 .text.LL_RCC_MSI_IsReady
                0x0800ca74        0xc ./Drivers/STM32WLxx_HAL_Driver/Src/stm32wlxx_hal_rcc.o
 .text.LL_RCC_MSI_SetCalibTrimming
                0x0800ca80       0x12 ./Drivers/STM32WLxx_HAL_Driver/Src/stm32wlxx_hal_rcc.o
 .text.LL_RCC_PLL_IsReady
                0x0800ca92        0xc ./Drivers/STM32WLxx_HAL_Driver/Src/stm32wlxx_hal_rcc.o
 *fill*         0x0800ca9e        0x2 
 .text.RCC_SetFlashLatencyFromMSIRange
                0x0800caa0       0xd4 ./Drivers/STM32WLxx_HAL_Driver/Src/stm32wlxx_hal_rcc.o
 .text.HAL_RCC_GetSysClockFreq
                0x0800cb74       0xdc ./Drivers/STM32WLxx_HAL_Driver/Src/stm32wlxx_hal_rcc.o
                0x0800cb74                HAL_RCC_GetSysClockFreq
 .text.HAL_RCC_GetHCLKFreq
                0x0800cc50       0x20 ./Drivers/STM32WLxx_HAL_Driver/Src/stm32wlxx_hal_rcc.o
                0x0800cc50                HAL_RCC_GetHCLKFreq
 .text.HAL_RCC_OscConfig
                0x0800cc70      0x534 ./Drivers/STM32WLxx_HAL_Driver/Src/stm32wlxx_hal_rcc.o
                0x0800cc70                HAL_RCC_OscConfig
 .text.HAL_RCC_ClockConfig
                0x0800d1a4      0x1c0 ./Drivers/STM32WLxx_HAL_Driver/Src/stm32wlxx_hal_rcc.o
                0x0800d1a4                HAL_RCC_ClockConfig
 .text.LL_GPIO_SetPinMode
                0x0800d364       0x2a ./Drivers/STM32WLxx_HAL_Driver/Src/stm32wlxx_ll_gpio.o
 *fill*         0x0800d38e        0x2 
 .text.LL_GPIO_DeInit
                0x0800d390       0x7c ./Drivers/STM32WLxx_HAL_Driver/Src/stm32wlxx_ll_gpio.o
                0x0800d390                LL_GPIO_DeInit
 .text.LL_GPIO_Init
                0x0800d40c      0x10e ./Drivers/STM32WLxx_HAL_Driver/Src/stm32wlxx_ll_gpio.o
                0x0800d40c                LL_GPIO_Init
 .text.LL_RCC_HSE_IsEnabledDiv2
                0x0800d51a        0xc ./Drivers/STM32WLxx_HAL_Driver/Src/stm32wlxx_ll_rcc.o
 .text.LL_RCC_HSI_IsReady
                0x0800d526        0xc ./Drivers/STM32WLxx_HAL_Driver/Src/stm32wlxx_ll_rcc.o
 .text.LL_RCC_LSE_IsReady
                0x0800d532        0xe ./Drivers/STM32WLxx_HAL_Driver/Src/stm32wlxx_ll_rcc.o
 .text.LL_RCC_MSI_IsEnabledRangeSelect
                0x0800d540        0xc ./Drivers/STM32WLxx_HAL_Driver/Src/stm32wlxx_ll_rcc.o
 .text.LL_RCC_PLL_IsReady
                0x0800d54c        0xc ./Drivers/STM32WLxx_HAL_Driver/Src/stm32wlxx_ll_rcc.o
 .text.RCC_GetHCLK1ClockFreq
                0x0800d558       0x1c ./Drivers/STM32WLxx_HAL_Driver/Src/stm32wlxx_ll_rcc.o
 .text.RCC_GetPCLK1ClockFreq
                0x0800d574       0x18 ./Drivers/STM32WLxx_HAL_Driver/Src/stm32wlxx_ll_rcc.o
 .text.RCC_GetSystemClockFreq
                0x0800d58c      0x138 ./Drivers/STM32WLxx_HAL_Driver/Src/stm32wlxx_ll_rcc.o
 .text.LL_RCC_DeInit
                0x0800d6c4       0x8c ./Drivers/STM32WLxx_HAL_Driver/Src/stm32wlxx_ll_rcc.o
                0x0800d6c4                LL_RCC_DeInit
 .text.LL_RCC_GetUSARTClockFreq
                0x0800d750       0x9c ./Drivers/STM32WLxx_HAL_Driver/Src/stm32wlxx_ll_rcc.o
                0x0800d750                LL_RCC_GetUSARTClockFreq
 .text.LL_SPI_Init
                0x0800d7ec       0x74 ./Drivers/STM32WLxx_HAL_Driver/Src/stm32wlxx_ll_spi.o
                0x0800d7ec                LL_SPI_Init
 .text.LL_TIM_Init
                0x0800d860       0x74 ./Drivers/STM32WLxx_HAL_Driver/Src/stm32wlxx_ll_tim.o