Archive member included to satisfy reference by file (symbol)

C:/ST/STM32CubeIDE_1.15.0/STM32CubeIDE/plugins/com.st.stm32cube.ide.mcu.externaltools.gnu-tools-for-stm32.12.3.rel1.win32_1.0.100.202403111256/tools/bin/../lib/gcc/arm-none-eabi/12.3.1/../../../../arm-none-eabi/lib/thumb/v7e-m/nofp\libm.a(libm_a-sf_round.o)
                              ./Common/thirdparty/thirdparty.o (roundf)
C:/ST/STM32CubeIDE_1.15.0/STM32CubeIDE/plugins/com.st.stm32cube.ide.mcu.externaltools.gnu-tools-for-stm32.12.3.rel1.win32_1.0.100.202403111256/tools/bin/../lib/gcc/arm-none-eabi/12.3.1/../../../../arm-none-eabi/lib/thumb/v7e-m/nofp\libc_nano.a(libc_a-exit.o)
                              C:/ST/STM32CubeIDE_1.15.0/STM32CubeIDE/plugins/com.st.stm32cube.ide.mcu.externaltools.gnu-tools-for-stm32.12.3.rel1.win32_1.0.100.202403111256/tools/bin/../lib/gcc/arm-none-eabi/12.3.1/../../../../arm-none-eabi/lib/thumb/v7e-m/nofp/crt0.o (exit)
C:/ST/STM32CubeIDE_1.15.0/STM32CubeIDE/plugins/com.st.stm32cube.ide.mcu.externaltools.gnu-tools-for-stm32.12.3.rel1.win32_1.0.100.202403111256/tools/bin/../lib/gcc/arm-none-eabi/12.3.1/../../../../arm-none-eabi/lib/thumb/v7e-m/nofp\libc_nano.a(libc_a-findfp.o)
                              C:/ST/STM32CubeIDE_1.15.0/STM32CubeIDE/plugins/com.st.stm32cube.ide.mcu.externaltools.gnu-tools-for-stm32.12.3.rel1.win32_1.0.100.202403111256/tools/bin/../lib/gcc/arm-none-eabi/12.3.1/../../../../arm-none-eabi/lib/thumb/v7e-m/nofp\libc_nano.a(libc_a-exit.o) (__stdio_exit_handler)
C:/ST/STM32CubeIDE_1.15.0/STM32CubeIDE/plugins/com.st.stm32cube.ide.mcu.externaltools.gnu-tools-for-stm32.12.3.rel1.win32_1.0.100.202403111256/tools/bin/../lib/gcc/arm-none-eabi/12.3.1/../../../../arm-none-eabi/lib/thumb/v7e-m/nofp\libc_nano.a(libc_a-fwalk.o)
                              C:/ST/STM32CubeIDE_1.15.0/STM32CubeIDE/plugins/com.st.stm32cube.ide.mcu.externaltools.gnu-tools-for-stm32.12.3.rel1.win32_1.0.100.202403111256/tools/bin/../lib/gcc/arm-none-eabi/12.3.1/../../../../arm-none-eabi/lib/thumb/v7e-m/nofp\libc_nano.a(libc_a-findfp.o) (_fwalk_sglue)
C:/ST/STM32CubeIDE_1.15.0/STM32CubeIDE/plugins/com.st.stm32cube.ide.mcu.externaltools.gnu-tools-for-stm32.12.3.rel1.win32_1.0.100.202403111256/tools/bin/../lib/gcc/arm-none-eabi/12.3.1/../../../../arm-none-eabi/lib/thumb/v7e-m/nofp\libc_nano.a(libc_a-stdio.o)
                              C:/ST/STM32CubeIDE_1.15.0/STM32CubeIDE/plugins/com.st.stm32cube.ide.mcu.externaltools.gnu-tools-for-stm32.12.3.rel1.win32_1.0.100.202403111256/tools/bin/../lib/gcc/arm-none-eabi/12.3.1/../../../../arm-none-eabi/lib/thumb/v7e-m/nofp\libc_nano.a(libc_a-findfp.o) (__sread)
C:/ST/STM32CubeIDE_1.15.0/STM32CubeIDE/plugins/com.st.stm32cube.ide.mcu.externaltools.gnu-tools-for-stm32.12.3.rel1.win32_1.0.100.202403111256/tools/bin/../lib/gcc/arm-none-eabi/12.3.1/../../../../arm-none-eabi/lib/thumb/v7e-m/nofp\libc_nano.a(libc_a-memmove.o)
                              ./Common/common_types.o (memmove)
C:/ST/STM32CubeIDE_1.15.0/STM32CubeIDE/plugins/com.st.stm32cube.ide.mcu.externaltools.gnu-tools-for-stm32.12.3.rel1.win32_1.0.100.202403111256/tools/bin/../lib/gcc/arm-none-eabi/12.3.1/../../../../arm-none-eabi/lib/thumb/v7e-m/nofp\libc_nano.a(libc_a-memset.o)
                              C:/ST/STM32CubeIDE_1.15.0/STM32CubeIDE/plugins/com.st.stm32cube.ide.mcu.externaltools.gnu-tools-for-stm32.12.3.rel1.win32_1.0.100.202403111256/tools/bin/../lib/gcc/arm-none-eabi/12.3.1/../../../../arm-none-eabi/lib/thumb/v7e-m/nofp/crt0.o (memset)
C:/ST/STM32CubeIDE_1.15.0/STM32CubeIDE/plugins/com.st.stm32cube.ide.mcu.externaltools.gnu-tools-for-stm32.12.3.rel1.win32_1.0.100.202403111256/tools/bin/../lib/gcc/arm-none-eabi/12.3.1/../../../../arm-none-eabi/lib/thumb/v7e-m/nofp\libc_nano.a(libc_a-strcat.o)
                              ./Common/common_types.o (strcat)
C:/ST/STM32CubeIDE_1.15.0/STM32CubeIDE/plugins/com.st.stm32cube.ide.mcu.externaltools.gnu-tools-for-stm32.12.3.rel1.win32_1.0.100.202403111256/tools/bin/../lib/gcc/arm-none-eabi/12.3.1/../../../../arm-none-eabi/lib/thumb/v7e-m/nofp\libc_nano.a(libc_a-strchr.o)
                              ./Common/common_types.o (strchr)
C:/ST/STM32CubeIDE_1.15.0/STM32CubeIDE/plugins/com.st.stm32cube.ide.mcu.externaltools.gnu-tools-for-stm32.12.3.rel1.win32_1.0.100.202403111256/tools/bin/../lib/gcc/arm-none-eabi/12.3.1/../../../../arm-none-eabi/lib/thumb/v7e-m/nofp\libc_nano.a(libc_a-strncmp.o)
                              ./CommonRx/mlrs-rx.o (strncmp)
C:/ST/STM32CubeIDE_1.15.0/STM32CubeIDE/plugins/com.st.stm32cube.ide.mcu.externaltools.gnu-tools-for-stm32.12.3.rel1.win32_1.0.100.202403111256/tools/bin/../lib/gcc/arm-none-eabi/12.3.1/../../../../arm-none-eabi/lib/thumb/v7e-m/nofp\libc_nano.a(libc_a-closer.o)
[...]
Memory Configuration

Name             Origin             Length             Attributes
RAM              0x20000000         0x00010000         xrw
RAM2             0x10000000         0x00008000         xrw
FLASH            0x08000000         0x00040000         xr
*default*        0x00000000         0xffffffff

Linker script and memory map

LOAD C:/ST/STM32CubeIDE_1.15.0/STM32CubeIDE/plugins/com.st.stm32cube.ide.mcu.externaltools.gnu-tools-for-stm32.12.3.rel1.win32_1.0.100.202403111256/tools/bin/../lib/gcc/arm-none-eabi/12.3.1/thumb/v7e-m/nofp/crti.o
LOAD C:/ST/STM32CubeIDE_1.15.0/STM32CubeIDE/plugins/com.st.stm32cube.ide.mcu.externaltools.gnu-tools-for-stm32.12.3.rel1.win32_1.0.100.202403111256/tools/bin/../lib/gcc/arm-none-eabi/12.3.1/thumb/v7e-m/nofp/crtbegin.o
LOAD C:/ST/STM32CubeIDE_1.15.0/STM32CubeIDE/plugins/com.st.stm32cube.ide.mcu.externaltools.gnu-tools-for-stm32.12.3.rel1.win32_1.0.100.202403111256/tools/bin/../lib/gcc/arm-none-eabi/12.3.1/../../../../arm-none-eabi/lib/thumb/v7e-m/nofp/crt0.o
LOAD ./Common/channel_order.o
LOAD ./Common/common_types.o
LOAD ./Common/diversity.o
LOAD ./Common/fhss.o
LOAD ./Common/link_types.o
LOAD ./Common/while.o
LOAD ./Common/libs/filters.o
LOAD ./Common/thirdparty/gdisp.o
LOAD ./Common/thirdparty/thirdparty.o
LOAD ./CommonRx/mlrs-rx.o
LOAD ./CommonRx/out.o
LOAD ./Core/Src/main.o
LOAD ./Core/Src/stm32wlxx_hal_msp.o
LOAD ./Core/Src/stm32wlxx_it.o
LOAD ./Core/Src/syscalls.o
LOAD ./Core/Src/sysmem.o
LOAD ./Core/Src/system_stm32wlxx.o
LOAD ./Core/Startup/startup_stm32wle5ccux.o
LOAD ./Drivers/STM32WLxx_HAL_Driver/Src/stm32wlxx_hal.o
LOAD ./Drivers/STM32WLxx_HAL_Driver/Src/stm32wlxx_hal_cortex.o
LOAD ./Drivers/STM32WLxx_HAL_Driver/Src/stm32wlxx_hal_flash.o
LOAD ./Drivers/STM32WLxx_HAL_Driver/Src/stm32wlxx_hal_flash_ex.o
LOAD ./Drivers/STM32WLxx_HAL_Driver/Src/stm32wlxx_hal_i2c.o
LOAD ./Drivers/STM32WLxx_HAL_Driver/Src/stm32wlxx_hal_i2c_ex.o
LOAD ./Drivers/STM32WLxx_HAL_Driver/Src/stm32wlxx_hal_pwr.o
LOAD ./Drivers/STM32WLxx_HAL_Driver/Src/stm32wlxx_hal_pwr_ex.o
LOAD ./Drivers/STM32WLxx_HAL_Driver/Src/stm32wlxx_hal_rcc.o
LOAD ./Drivers/STM32WLxx_HAL_Driver/Src/stm32wlxx_hal_rcc_ex.o
LOAD ./Drivers/STM32WLxx_HAL_Driver/Src/stm32wlxx_ll_adc.o
LOAD ./Drivers/STM32WLxx_HAL_Driver/Src/stm32wlxx_ll_comp.o
LOAD ./Drivers/STM32WLxx_HAL_Driver/Src/stm32wlxx_ll_crc.o
LOAD ./Drivers/STM32WLxx_HAL_Driver/Src/stm32wlxx_ll_dac.o
LOAD ./Drivers/STM32WLxx_HAL_Driver/Src/stm32wlxx_ll_dma.o
LOAD ./Drivers/STM32WLxx_HAL_Driver/Src/stm32wlxx_ll_exti.o
LOAD ./Drivers/STM32WLxx_HAL_Driver/Src/stm32wlxx_ll_gpio.o
LOAD ./Drivers/STM32WLxx_HAL_Driver/Src/stm32wlxx_ll_i2c.o
LOAD ./Drivers/STM32WLxx_HAL_Driver/Src/stm32wlxx_ll_lptim.o
LOAD ./Drivers/STM32WLxx_HAL_Driver/Src/stm32wlxx_ll_lpuart.o
LOAD ./Drivers/STM32WLxx_HAL_Driver/Src/stm32wlxx_ll_pka.o
LOAD ./Drivers/STM32WLxx_HAL_Driver/Src/stm32wlxx_ll_pwr.o
LOAD ./Drivers/STM32WLxx_HAL_Driver/Src/stm32wlxx_ll_rcc.o
LOAD ./Drivers/STM32WLxx_HAL_Driver/Src/stm32wlxx_ll_rng.o
LOAD ./Drivers/STM32WLxx_HAL_Driver/Src/stm32wlxx_ll_rtc.o
LOAD ./Drivers/STM32WLxx_HAL_Driver/Src/stm32wlxx_ll_spi.o
LOAD ./Drivers/STM32WLxx_HAL_Driver/Src/stm32wlxx_ll_tim.o
LOAD ./Drivers/STM32WLxx_HAL_Driver/Src/stm32wlxx_ll_usart.o
LOAD ./Drivers/STM32WLxx_HAL_Driver/Src/stm32wlxx_ll_utils.o
LOAD ./modules/stm32-usb-device/usbd_cdc_if.o
LOAD ./modules/stm32-usb-device/usbd_conf.o
LOAD ./modules/stm32-usb-device/usbd_desc.o
LOAD ./modules/stm32ll-lib/src/stdstm32.o
LOAD ./modules/sx12xx-lib/src/sx126x.o
LOAD ./modules/sx12xx-lib/src/sx127x.o
LOAD ./modules/sx12xx-lib/src/sx128x.o
START GROUP
LOAD C:/ST/STM32CubeIDE_1.15.0/STM32CubeIDE/plugins/com.st.stm32cube.ide.mcu.externaltools.gnu-tools-for-stm32.12.3.rel1.win32_1.0.100.202403111256/tools/bin/../lib/gcc/arm-none-eabi/12.3.1/../../../../arm-none-eabi/lib/thumb/v7e-m/nofp\libstdc++_nano.a
LOAD C:/ST/STM32CubeIDE_1.15.0/STM32CubeIDE/plugins/com.st.stm32cube.ide.mcu.externaltools.gnu-tools-for-stm32.12.3.rel1.win32_1.0.100.202403111256/tools/bin/../lib/gcc/arm-none-eabi/12.3.1/../../../../arm-none-eabi/lib/thumb/v7e-m/nofp\libsupc++_nano.a
END GROUP
LOAD C:/ST/STM32CubeIDE_1.15.0/STM32CubeIDE/plugins/com.st.stm32cube.ide.mcu.externaltools.gnu-tools-for-stm32.12.3.rel1.win32_1.0.100.202403111256/tools/bin/../lib/gcc/arm-none-eabi/12.3.1/../../../../arm-none-eabi/lib/thumb/v7e-m/nofp\libstdc++_nano.a
LOAD C:/ST/STM32CubeIDE_1.15.0/STM32CubeIDE/plugins/com.st.stm32cube.ide.mcu.externaltools.gnu-tools-for-stm32.12.3.rel1.win32_1.0.100.202403111256/tools/bin/../lib/gcc/arm-none-eabi/12.3.1/../../../../arm-none-eabi/lib/thumb/v7e-m/nofp\libm.a
LOAD C:/ST/STM32CubeIDE_1.15.0/STM32CubeIDE/plugins/com.st.stm32cube.ide.mcu.externaltools.gnu-tools-for-stm32.12.3.rel1.win32_1.0.100.202403111256/tools/bin/../lib/gcc/arm-none-eabi/12.3.1/../../../../arm-none-eabi/lib/thumb/v7e-m/nofp\libc_nano.a
START GROUP
LOAD C:/ST/STM32CubeIDE_1.15.0/STM32CubeIDE/plugins/com.st.stm32cube.ide.mcu.externaltools.gnu-tools-for-stm32.12.3.rel1.win32_1.0.100.202403111256/tools/bin/../lib/gcc/arm-none-eabi/12.3.1/thumb/v7e-m/nofp\libgcc.a
LOAD C:/ST/STM32CubeIDE_1.15.0/STM32CubeIDE/plugins/com.st.stm32cube.ide.mcu.externaltools.gnu-tools-for-stm32.12.3.rel1.win32_1.0.100.202403111256/tools/bin/../lib/gcc/arm-none-eabi/12.3.1/../../../../arm-none-eabi/lib/thumb/v7e-m/nofp\libc_nano.a
END GROUP
START GROUP
LOAD C:/ST/STM32CubeIDE_1.15.0/STM32CubeIDE/plugins/com.st.stm32cube.ide.mcu.externaltools.gnu-tools-for-stm32.12.3.rel1.win32_1.0.100.202403111256/tools/bin/../lib/gcc/arm-none-eabi/12.3.1/thumb/v7e-m/nofp\libgcc.a
LOAD C:/ST/STM32CubeIDE_1.15.0/STM32CubeIDE/plugins/com.st.stm32cube.ide.mcu.externaltools.gnu-tools-for-stm32.12.3.rel1.win32_1.0.100.202403111256/tools/bin/../lib/gcc/arm-none-eabi/12.3.1/../../../../arm-none-eabi/lib/thumb/v7e-m/nofp\libc_nano.a
LOAD C:/ST/STM32CubeIDE_1.15.0/STM32CubeIDE/plugins/com.st.stm32cube.ide.mcu.externaltools.gnu-tools-for-stm32.12.3.rel1.win32_1.0.100.202403111256/tools/bin/../lib/gcc/arm-none-eabi/12.3.1/../../../../arm-none-eabi/lib/thumb/v7e-m/nofp\libnosys.a
END GROUP
START GROUP
LOAD C:/ST/STM32CubeIDE_1.15.0/STM32CubeIDE/plugins/com.st.stm32cube.ide.mcu.externaltools.gnu-tools-for-stm32.12.3.rel1.win32_1.0.100.202403111256/tools/bin/../lib/gcc/arm-none-eabi/12.3.1/thumb/v7e-m/nofp\libgcc.a
LOAD C:/ST/STM32CubeIDE_1.15.0/STM32CubeIDE/plugins/com.st.stm32cube.ide.mcu.externaltools.gnu-tools-for-stm32.12.3.rel1.win32_1.0.100.202403111256/tools/bin/../lib/gcc/arm-none-eabi/12.3.1/../../../../arm-none-eabi/lib/thumb/v7e-m/nofp\libc_nano.a
LOAD C:/ST/STM32CubeIDE_1.15.0/STM32CubeIDE/plugins/com.st.stm32cube.ide.mcu.externaltools.gnu-tools-for-stm32.12.3.rel1.win32_1.0.100.202403111256/tools/bin/../lib/gcc/arm-none-eabi/12.3.1/../../../../arm-none-eabi/lib/thumb/v7e-m/nofp\libnosys.a
END GROUP
LOAD C:/ST/STM32CubeIDE_1.15.0/STM32CubeIDE/plugins/com.st.stm32cube.ide.mcu.externaltools.gnu-tools-for-stm32.12.3.rel1.win32_1.0.100.202403111256/tools/bin/../lib/gcc/arm-none-eabi/12.3.1/thumb/v7e-m/nofp/crtend.o
LOAD C:/ST/STM32CubeIDE_1.15.0/STM32CubeIDE/plugins/com.st.stm32cube.ide.mcu.externaltools.gnu-tools-for-stm32.12.3.rel1.win32_1.0.100.202403111256/tools/bin/../lib/gcc/arm-none-eabi/12.3.1/thumb/v7e-m/nofp/crtn.o
                0x20010000                        _estack = (ORIGIN (RAM) + LENGTH (RAM))
                0x00000000                        _Min_Heap_Size = 0x0
                0x00000400                        _Min_Stack_Size = 0x400

.isr_vector     0x08000000      0x138
                0x08000000                        . = ALIGN (0x4)
 *(.isr_vector)
 .isr_vector    0x08000000      0x138 ./Core/Startup/startup_stm32wle5ccux.o
                0x08000000                g_pfnVectors
                0x08000138                        . = ALIGN (0x4)

.text           0x08000138     0xa6f8
                0x08000138                        . = ALIGN (0x4)
 *(.text)
 .text          0x08000138       0x40 C:/ST/STM32CubeIDE_1.15.0/STM32CubeIDE/plugins/com.st.stm32cube.ide.mcu.externaltools.gnu-tools-for-stm32.12.3.rel1.win32_1.0.100.202403111256/tools/bin/../lib/gcc/arm-none-eabi/12.3.1/thumb/v7e-m/nofp/crtbegin.o
 .text          0x08000178       0x10 C:/ST/STM32CubeIDE_1.15.0/STM32CubeIDE/plugins/com.st.stm32cube.ide.mcu.externaltools.gnu-tools-for-stm32.12.3.rel1.win32_1.0.100.202403111256/tools/bin/../lib/gcc/arm-none-eabi/12.3.1/../../../../arm-none-eabi/lib/thumb/v7e-m/nofp\libc_nano.a(libc_a-strlen.o)
                0x08000178                strlen
 .text          0x08000188      0x168 C:/ST/STM32CubeIDE_1.15.0/STM32CubeIDE/plugins/com.st.stm32cube.ide.mcu.externaltools.gnu-tools-for-stm32.12.3.rel1.win32_1.0.100.202403111256/tools/bin/../lib/gcc/arm-none-eabi/12.3.1/thumb/v7e-m/nofp\libgcc.a(_arm_mulsf3.o)
                0x08000188                __aeabi_fmul
                0x08000188                __mulsf3
 .text          0x080002f0      0x378 C:/ST/STM32CubeIDE_1.15.0/STM32CubeIDE/plugins/com.st.stm32cube.ide.mcu.externaltools.gnu-tools-for-stm32.12.3.rel1.win32_1.0.100.202403111256/tools/bin/../lib/gcc/arm-none-eabi/12.3.1/thumb/v7e-m/nofp\libgcc.a(_arm_addsubdf3.o)
                0x080002f0                __aeabi_drsub
                0x080002f8                __aeabi_dsub
                0x080002f8                __subdf3
                0x080002fc                __aeabi_dadd
                0x080002fc                __adddf3
                0x08000574                __floatunsidf
                0x08000574                __aeabi_ui2d
                0x08000594                __floatsidf
                0x08000594                __aeabi_i2d
                0x080005b8                __aeabi_f2d
                0x080005b8                __extendsfdf2
                0x080005fc                __floatundidf
                0x080005fc                __aeabi_ul2d
                0x0800060c                __floatdidf
                0x0800060c                __aeabi_l2d
 .text          0x08000668      0x424 C:/ST/STM32CubeIDE_1.15.0/STM32CubeIDE/plugins/com.st.stm32cube.ide.mcu.externaltools.gnu-tools-for-stm32.12.3.rel1.win32_1.0.100.202403111256/tools/bin/../lib/gcc/arm-none-eabi/12.3.1/thumb/v7e-m/nofp\libgcc.a(_arm_muldivdf3.o)
                0x08000668                __aeabi_dmul
                0x08000668                __muldf3
                0x080008bc                __divdf3
                0x080008bc                __aeabi_ddiv
 .text          0x08000a8c       0x40 C:/ST/STM32CubeIDE_1.15.0/STM32CubeIDE/plugins/com.st.stm32cube.ide.mcu.externaltools.gnu-tools-for-stm32.12.3.rel1.win32_1.0.100.202403111256/tools/bin/../lib/gcc/arm-none-eabi/12.3.1/thumb/v7e-m/nofp\libgcc.a(_arm_fixunsdfsi.o)
                0x08000a8c                __aeabi_d2uiz
                0x08000a8c                __fixunsdfsi
 .text          0x08000acc      0x21c C:/ST/STM32CubeIDE_1.15.0/STM32CubeIDE/plugins/com.st.stm32cube.ide.mcu.externaltools.gnu-tools-for-stm32.12.3.rel1.win32_1.0.100.202403111256/tools/bin/../lib/gcc/arm-none-eabi/12.3.1/thumb/v7e-m/nofp\libgcc.a(_arm_addsubsf3.o)
                0x08000acc                __aeabi_frsub
                0x08000ad4                __subsf3
                0x08000ad4                __aeabi_fsub
                0x08000ad8                __aeabi_fadd
                0x08000ad8                __addsf3
                0x08000c38                __aeabi_ui2f
                0x08000c38                __floatunsisf
                0x08000c40                __aeabi_i2f
                0x08000c40                __floatsisf
                0x08000c5c                __aeabi_ul2f
                0x08000c5c                __floatundisf
                0x08000c6c                __aeabi_l2f
                0x08000c6c                __floatdisf
 .text          0x08000ce8       0xec C:/ST/STM32CubeIDE_1.15.0/STM32CubeIDE/plugins/com.st.stm32cube.ide.mcu.externaltools.gnu-tools-for-stm32.12.3.rel1.win32_1.0.100.202403111256/tools/bin/../lib/gcc/arm-none-eabi/12.3.1/thumb/v7e-m/nofp\libgcc.a(_arm_cmpsf2.o)
                0x08000ce8                __gesf2
                0x08000ce8                __gtsf2
                0x08000cf0                __lesf2
                0x08000cf0                __ltsf2
                0x08000cf8                __nesf2
                0x08000cf8                __eqsf2
                0x08000cf8                __cmpsf2
                0x08000d58                __aeabi_cfrcmple
                0x08000d60                __aeabi_cfcmpeq
                0x08000d60                __aeabi_cfcmple
                0x08000d70                __aeabi_fcmpeq
                0x08000d84                __aeabi_fcmplt
                0x08000d98                __aeabi_fcmple
                0x08000dac                __aeabi_fcmpge
                0x08000dc0                __aeabi_fcmpgt
 .text          0x08000dd4       0x40 C:/ST/STM32CubeIDE_1.15.0/STM32CubeIDE/plugins/com.st.stm32cube.ide.mcu.externaltools.gnu-tools-for-stm32.12.3.rel1.win32_1.0.100.202403111256/tools/bin/../lib/gcc/arm-none-eabi/12.3.1/thumb/v7e-m/nofp\libgcc.a(_arm_fixunssfsi.o)
                0x08000dd4                __fixunssfsi
                0x08000dd4                __aeabi_f2uiz
 *(.text*)
 .text._ZN12ChannelOrderC2Eh
                0x08000e14       0x1c ./Common/channel_order.o
                0x08000e14                ChannelOrder::ChannelOrder(unsigned char)
                0x08000e14                ChannelOrder::ChannelOrder(unsigned char)
 .text._ZN12ChannelOrder3SetEh
                0x08000e30       0x48 ./Common/channel_order.o
                0x08000e30                ChannelOrder::Set(unsigned char)
 .text._ZN12ChannelOrder5ApplyEP7tRcData
                0x08000e78       0x3c ./Common/channel_order.o
                0x08000e78                ChannelOrder::Apply(tRcData*)
 .text._ZN12ChannelOrder10ChannelMapEh
                0x08000eb4        0x6 ./Common/channel_order.o
                0x08000eb4                ChannelOrder::ChannelMap(unsigned char)
 .text._Z15rssi_u7_from_i8a
                0x08000eba       0x20 ./Common/common_types.o
                0x08000eba                rssi_u7_from_i8(signed char)
 .text._Z15rssi_i8_from_u7h
                0x08000eda        0xc ./Common/common_types.o
                0x08000eda                rssi_i8_from_u7(unsigned char)
 .text._Z13rssi_i8_to_apa
                0x08000ee6       0x30 ./Common/common_types.o
                0x08000ee6                rssi_i8_to_ap(signed char)
 .text._Z19rssi_i8_to_mavradioab
                0x08000f16       0x1c ./Common/common_types.o
                0x08000f16                rssi_i8_to_mavradio(signed char, bool)
 .text._Z18rssi_i8_to_ap_sbusa
                0x08000f32       0x36 ./Common/common_types.o
                0x08000f32                rssi_i8_to_ap_sbus(signed char)
 .text._Z15lq_to_sbus_crsfh
                0x08000f68       0x1e ./Common/common_types.o
                0x08000f68                lq_to_sbus_crsf(unsigned char)
 .text._Z10rc_to_sbust
                0x08000f86       0x1a ./Common/common_types.o
                0x08000f86                rc_to_sbus(unsigned short)
 .text._Z10rc_to_crsft
                0x08000fa0        0x4 ./Common/common_types.o
                0x08000fa0                rc_to_crsf(unsigned short)
 .text._Z13rc_to_mavlinkt
                0x08000fa4       0x1a ./Common/common_types.o
                0x08000fa4                rc_to_mavlink(unsigned short)
 .text._Z25rc_to_mavlink_13bcenteredt
                0x08000fbe       0x12 ./Common/common_types.o
                0x08000fbe                rc_to_mavlink_13bcentered(unsigned short)
 .text._Z14crsf_cvt_powera
                0x08000fd0       0x4a ./Common/common_types.o
                0x08000fd0                crsf_cvt_power(signed char)
 *fill*         0x0800101a        0x2 
 .text._Z13crsf_cvt_modeh
                0x0800101c       0x10 ./Common/common_types.o
                0x0800101c                crsf_cvt_mode(unsigned char)
 .text._Z16crsf_cvt_rssi_rxa
                0x0800102c        0xc ./Common/common_types.o
                0x0800102c                crsf_cvt_rssi_rx(signed char)
 .text._Z14crsf_crc8_calchh
                0x08001038        0xc ./Common/common_types.o
                0x08001038                crsf_crc8_calc(unsigned char, unsigned char)
 .text._Z16crsf_crc8_updatehPKvt
                0x08001044       0x24 ./Common/common_types.o
                0x08001044                crsf_crc8_update(unsigned char, void const*, unsigned short)
 .text._Z24is_valid_bindphrase_charc
                0x08001068       0x34 ./Common/common_types.o
                0x08001068                is_valid_bindphrase_char(char)
 .text._Z19sanitize_bindphrasePcPKc
                0x0800109c       0x38 ./Common/common_types.o
                0x0800109c                sanitize_bindphrase(char*, char const*)
 .text._Z19u32_from_bindphrasePc
                0x080010d4       0x40 ./Common/common_types.o
                0x080010d4                u32_from_bindphrase(char*)
 .text._Z22except_from_bindphrasePc
                0x08001114       0x34 ./Common/common_types.o
                0x08001114                except_from_bindphrase(char*)
 .text._Z20remove_leading_zerosPc
                0x08001148       0x30 ./Common/common_types.o
                0x08001148                remove_leading_zeros(char*)
 .text._Z28power_optstr_from_power_listPcPshh
                0x08001178       0xfc ./Common/common_types.o
                0x08001178                power_optstr_from_power_list(char*, short*, unsigned char, unsigned char)
 .text._Z30power_optstr_from_rfpower_listPcPK9rfpower_thh
                0x08001274       0x28 ./Common/common_types.o
                0x08001274                power_optstr_from_rfpower_list(char*, rfpower_t const*, unsigned char, unsigned char)
 .text._Z14version_to_u16m
                0x0800129c       0x22 ./Common/common_types.o
                0x0800129c                version_to_u16(unsigned long)
 .text._Z12strbufstrcpyPcPKct
                0x080012be       0x24 ./Common/common_types.o
                0x080012be                strbufstrcpy(char*, char const*, unsigned short)
 .text._Z12strstrbufcpyPcPKct
                0x080012e2       0x26 ./Common/common_types.o
                0x080012e2                strstrbufcpy(char*, char const*, unsigned short)
 .text._ZN11tTDiversity4InitEt
                0x08001308       0x18 ./Common/diversity.o
                0x08001308                tTDiversity::Init(unsigned short)
 .text._ZN9tFhssBase4prngEv
                0x08001320       0x1c ./Common/fhss.o
                0x08001320                tFhssBase::prng()
 .text._ZN9tFhssBase8generateEm
                0x0800133c       0xcc ./Common/fhss.o
                0x0800133c                tFhssBase::generate(unsigned long)
 .text._ZN9tFhssBase21generate_ortho_exceptEmhh
                0x08001408       0xfa ./Common/fhss.o
                0x08001408                tFhssBase::generate_ortho_except(unsigned long, unsigned char, unsigned char)
 .text._ZN12LPFilterRate5ResetEv
                0x08001502        0xc ./Common/libs/filters.o
                0x08001502                LPFilterRate::Reset()
 .text._ZN12LPFilterRate6UpdateElll
                0x0800150e       0x50 ./Common/libs/filters.o
                0x0800150e                LPFilterRate::Update(long, long, long)
 .text._ZN11tSerialBase8InitOnceEv
                0x0800155e        0x2 ./CommonRx/mlrs-rx.o
                0x0800155e                tSerialBase::InitOnce()
 .text._ZN11tSerialBase11SetBaudRateEm
                0x08001560        0x2 ./CommonRx/mlrs-rx.o
                0x08001560                tSerialBase::SetBaudRate(unsigned long)
 .text._ZN11tSerialBase9availableEv
                0x08001562        0x4 ./CommonRx/mlrs-rx.o
                0x08001562                tSerialBase::available()
 .text._ZN11tSerialBase4getcEv
                0x08001566        0x4 ./CommonRx/mlrs-rx.o
                0x08001566                tSerialBase::getc()
 .text._ZN11tSerialBase5flushEv
                0x0800156a        0x2 ./CommonRx/mlrs-rx.o
                0x0800156a                tSerialBase::flush()
 .text._ZN11tSerialBase15bytes_availableEv
                0x0800156c        0x4 ./CommonRx/mlrs-rx.o
                0x0800156c                tSerialBase::bytes_available()
 .text.LL_AHB2_GRP1_EnableClock
                0x08001570       0x18 ./CommonRx/mlrs-rx.o
 .text.LL_APB1_GRP1_EnableClock
                0x08001588       0x18 ./CommonRx/mlrs-rx.o
 .text.LL_APB2_GRP1_EnableClock
                0x080015a0       0x18 ./CommonRx/mlrs-rx.o
 .text.LL_USART_DisableIT_TXE_TXFNF
                0x080015b8       0x12 ./CommonRx/mlrs-rx.o
 .text._ZN16Sx126xDriverBase8SetDelayEt
                0x080015ca        0x2 ./CommonRx/mlrs-rx.o
                0x080015ca                Sx126xDriverBase::SetDelay(unsigned short)
 .text.fmav_crc_accumulate
                0x080015cc       0x18 ./CommonRx/mlrs-rx.o
 .text.fmav_crc_accumulate_buf
                0x080015e4       0x38 ./CommonRx/mlrs-rx.o
 .text.fmav_crc_calculate
                0x0800161c       0x30 ./CommonRx/mlrs-rx.o
 .text._ZN7StatsLQ9Update1HzEv
                0x0800164c       0x20 ./CommonRx/mlrs-rx.o
                0x0800164c                StatsLQ::Update1Hz()
 .text._ZN10StatsBytes9Update1HzEv
                0x0800166c        0xc ./CommonRx/mlrs-rx.o
                0x0800166c                StatsBytes::Update1Hz()
 .text._ZN11tSerialPort9availableEv
                0x08001678       0x1c ./CommonRx/mlrs-rx.o
                0x08001678                tSerialPort::available()
 .text._ZN11tRxSxSerial4InitEv
                0x08001694        0x2 ./CommonRx/mlrs-rx.o
                0x08001694                tRxSxSerial::Init()
 *fill*         0x08001696        0x2 
 .text._ZL10fmavX_initv
                0x08001698       0x1c ./CommonRx/mlrs-rx.o
 .text.fmav_frame_buf_to_msg
                0x080016b4       0xda ./CommonRx/mlrs-rx.o
 .text.fmav_msg_to_frame_buf
                0x0800178e       0x9e ./CommonRx/mlrs-rx.o
 .text._ZN8BindBase14handle_receiveEhh.part.0
                0x0800182c       0x44 ./CommonRx/mlrs-rx.o
 .text._Z11sxReadFramehPvS_h.part.0
                0x08001870       0x2c ./CommonRx/mlrs-rx.o
 .text.delay_ns.constprop.0
                0x0800189c       0x3c ./CommonRx/mlrs-rx.o
 .text.uartb_rx_enableisr.part.0
                0x080018d8       0x28 ./CommonRx/mlrs-rx.o
 .text.rcc_init_spi.part.0
                0x08001900       0x1c ./CommonRx/mlrs-rx.o
 .text.fmav_parse_and_check_to_frame_buf.isra.0
                0x0800191c      0x218 ./CommonRx/mlrs-rx.o
 .text.fmav_finalize_msg.isra.0
                0x08001b34       0xb6 ./CommonRx/mlrs-rx.o
 *fill*         0x08001bea        0x2 
 .text._ZN11tSerialPort5flushEv
                0x08001bec       0x24 ./CommonRx/mlrs-rx.o
                0x08001bec                tSerialPort::flush()
 .text._ZN12Sx126xDriver9SpiSelectEv
                0x08001c10       0x18 ./CommonRx/mlrs-rx.o
                0x08001c10                Sx126xDriver::SpiSelect()
 .text._ZN12Sx126xDriver11SpiDeselectEv
                0x08001c28       0x1c ./CommonRx/mlrs-rx.o
                0x08001c28                Sx126xDriver::SpiDeselect()
 .text._ZN11tSerialBase4putsEPKc
                0x08001c44       0x18 ./CommonRx/mlrs-rx.o
                0x08001c44                tSerialBase::puts(char const*)
 .text.rcc_init_gpio
                0x08001c5c       0x38 ./CommonRx/mlrs-rx.o
                0x08001c5c                rcc_init_gpio
 .text.rcc_init_tim
                0x08001c94       0x40 ./CommonRx/mlrs-rx.o
                0x08001c94                rcc_init_tim
 .text._gpio_init
                0x08001cd4      0x102 ./CommonRx/mlrs-rx.o
                0x08001cd4                _gpio_init
 .text.gpio_init
                0x08001dd6       0x14 ./CommonRx/mlrs-rx.o
 *fill*         0x08001dea        0x2 
 .text.tim_config_up
                0x08001dec       0xac ./CommonRx/mlrs-rx.o
                0x08001dec                tim_config_up
 .text.tim_init_up
                0x08001e98       0x12 ./CommonRx/mlrs-rx.o
                0x08001e98                tim_init_up
 .text.tim_init_1us_freerunning
                0x08001eaa        0xa ./CommonRx/mlrs-rx.o
                0x08001eaa                tim_init_1us_freerunning
 .text.BootLoaderInit
                0x08001eb4       0x84 ./CommonRx/mlrs-rx.o
                0x08001eb4                BootLoaderInit
 .text.stack_check_init
                0x08001f38       0x28 ./CommonRx/mlrs-rx.o
                0x08001f38                stack_check_init
 .text.subghz_is_busy
                0x08001f60       0x14 ./CommonRx/mlrs-rx.o
                0x08001f60                subghz_is_busy
 .text.subghz_init
                0x08001f74       0x6c ./CommonRx/mlrs-rx.o
                0x08001f74                subghz_init
 .text._Z12sx_init_gpiov
                0x08001fe0       0x22 ./CommonRx/mlrs-rx.o
                0x08001fe0                sx_init_gpio()
 .text._Z12sx_busy_readv
                0x08002002        0xe ./CommonRx/mlrs-rx.o
                0x08002002                sx_busy_read()
 .text._ZN12Sx126xDriver10WaitOnBusyEv
                0x08002010        0xe ./CommonRx/mlrs-rx.o
                0x08002010                Sx126xDriver::WaitOnBusy()
 .text._Z15sx_amp_transmitv
                0x0800201e        0xe ./CommonRx/mlrs-rx.o
                0x0800201e                sx_amp_transmit()
 .text._Z14sx_amp_receivev
                0x0800202c        0xe ./CommonRx/mlrs-rx.o
                0x0800202c                sx_amp_receive()
 *fill*         0x0800203a        0x2 
 .text._Z22sx_dio_enable_exti_isrv
                0x0800203c       0x10 ./CommonRx/mlrs-rx.o
                0x0800203c                sx_dio_enable_exti_isr()
 .text._Z14out_set_normalv
                0x0800204c       0x20 ./CommonRx/mlrs-rx.o
                0x0800204c                out_set_normal()
 .text._Z16out_set_invertedv
                0x0800206c       0x20 ./CommonRx/mlrs-rx.o
                0x0800206c                out_set_inverted()
 .text._Z11button_initv
                0x0800208c        0xe ./CommonRx/mlrs-rx.o
                0x0800208c                button_init()
 .text._Z14button_pressedv
                0x0800209a       0x10 ./CommonRx/mlrs-rx.o
                0x0800209a                button_pressed()
 *fill*         0x080020aa        0x2 
 .text._Z9leds_initv
                0x080020ac       0x24 ./CommonRx/mlrs-rx.o
                0x080020ac                leds_init()
 .text._Z16led_green_togglev
                0x080020d0       0x1c ./CommonRx/mlrs-rx.o
                0x080020d0                led_green_toggle()
 .text._Z14led_red_togglev
                0x080020ec       0x1c ./CommonRx/mlrs-rx.o
                0x080020ec                led_red_toggle()
 .text.delay_init
                0x08002108       0x38 ./CommonRx/mlrs-rx.o
                0x08002108                delay_init
 .text.delay_us
                0x08002140       0x28 ./CommonRx/mlrs-rx.o
                0x08002140                delay_us
 .text.FLASH_ErasePage
                0x08002168       0x22 ./CommonRx/mlrs-rx.o
                0x08002168                FLASH_ErasePage
 .text.FLASH_ProgramDoubleWord
                0x0800218a       0x14 ./CommonRx/mlrs-rx.o
                0x0800218a                FLASH_ProgramDoubleWord
 .text.ee_hal_erasepage
                0x0800219e        0xe ./CommonRx/mlrs-rx.o
                0x0800219e                ee_hal_erasepage
 .text.ee_hal_programdoubleword
                0x080021ac        0xe ./CommonRx/mlrs-rx.o
                0x080021ac                ee_hal_programdoubleword
 *fill*         0x080021ba        0x2 
 .text._ee_write_to
                0x080021bc       0xbc ./CommonRx/mlrs-rx.o
                0x080021bc                _ee_write_to
 .text.ee_format
                0x08002278       0x34 ./CommonRx/mlrs-rx.o
                0x08002278                ee_format
 .text.ee_readdata
                0x080022ac       0x28 ./CommonRx/mlrs-rx.o
                0x080022ac                ee_readdata
 .text.ee_writedata
                0x080022d4       0x28 ./CommonRx/mlrs-rx.o
                0x080022d4                ee_writedata
 .text.ee_init  0x080022fc       0x50 ./CommonRx/mlrs-rx.o
                0x080022fc                ee_init
 .text.spi_transmitchar
                0x0800234c       0x18 ./CommonRx/mlrs-rx.o
                0x0800234c                spi_transmitchar
 .text._ZN12Sx126xDriver15SpiTransferByteEPhS0_
                0x08002364        0xe ./CommonRx/mlrs-rx.o
                0x08002364                Sx126xDriver::SpiTransferByte(unsigned char*, unsigned char*)
 *fill*         0x08002372        0x2 
 .text.spi_init
                0x08002374       0x70 ./CommonRx/mlrs-rx.o
                0x08002374                spi_init
 .text.USART1_IRQHandler
                0x080023e4       0x8c ./CommonRx/mlrs-rx.o
                0x080023e4                USART1_IRQHandler
 .text.uartb_putc
                0x08002470       0x4c ./CommonRx/mlrs-rx.o
                0x08002470                uartb_putc
 .text._ZN11tSerialPort4putcEc
                0x080024bc        0x6 ./CommonRx/mlrs-rx.o
                0x080024bc                tSerialPort::putc(char)
 *fill*         0x080024c2        0x2 
 .text.uartb_rx_bytesavailable
                0x080024c4       0x20 ./CommonRx/mlrs-rx.o
                0x080024c4                uartb_rx_bytesavailable
 .text._ZN11tSerialPort15bytes_availableEv
                0x080024e4        0x4 ./CommonRx/mlrs-rx.o
                0x080024e4                tSerialPort::bytes_available()
 .text.uartb_getc
                0x080024e8       0x30 ./CommonRx/mlrs-rx.o
                0x080024e8                uartb_getc
 .text._ZN11tSerialPort4getcEv
                0x08002518        0x4 ./CommonRx/mlrs-rx.o
                0x08002518                tSerialPort::getc()
 .text._uartb_initprotocol
                0x0800251c       0x38 ./CommonRx/mlrs-rx.o
                0x0800251c                _uartb_initprotocol
 .text.uartb_setprotocol
                0x08002554       0x20 ./CommonRx/mlrs-rx.o
                0x08002554                uartb_setprotocol
 .text._ZN11tSerialPort11SetBaudRateEm
                0x08002574        0xa ./CommonRx/mlrs-rx.o
                0x08002574                tSerialPort::SetBaudRate(unsigned long)
 *fill*         0x0800257e        0x2 
 .text.uartb_init_isroff
                0x08002580      0x110 ./CommonRx/mlrs-rx.o
                0x08002580                uartb_init_isroff
 .text.uartb_init
                0x08002690        0xe ./CommonRx/mlrs-rx.o
                0x08002690                uartb_init
 .text._ZN11tSerialPort4InitEv
                0x0800269e        0x4 ./CommonRx/mlrs-rx.o
                0x0800269e                tSerialPort::Init()
 *fill*         0x080026a2        0x2 
 .text._swuart_tx_start
                0x080026a4       0x2c ./CommonRx/mlrs-rx.o
                0x080026a4                _swuart_tx_start
 .text.TIM17_IRQHandler
                0x080026d0       0xe8 ./CommonRx/mlrs-rx.o
                0x080026d0                TIM17_IRQHandler
 .text.swuart_putc
                0x080027b8       0x34 ./CommonRx/mlrs-rx.o
                0x080027b8                swuart_putc
 .text._ZN10tDebugPort4putcEc
                0x080027ec        0x6 ./CommonRx/mlrs-rx.o
                0x080027ec                tDebugPort::putc(char)
 *fill*         0x080027f2        0x2 
 .text.swuart_setbaudrate
                0x080027f4       0x44 ./CommonRx/mlrs-rx.o
                0x080027f4                swuart_setbaudrate
 .text.swuart_init_isroff
                0x08002838       0x94 ./CommonRx/mlrs-rx.o
                0x08002838                swuart_init_isroff
 .text._ZN10tDebugPort4InitEv
                0x080028cc        0x4 ./CommonRx/mlrs-rx.o
                0x080028cc                tDebugPort::Init()
 .text._Z24setup_configure_metadatav
                0x080028d0       0x84 ./CommonRx/mlrs-rx.o
                0x080028d0                setup_configure_metadata()
 .text._Z19inc_bindphrase_charPch
                0x08002954       0x2c ./CommonRx/mlrs-rx.o
                0x08002954                inc_bindphrase_char(char*, unsigned char)
 .text._Z24setup_default_bindphrasePchPKc
                0x08002980       0x20 ./CommonRx/mlrs-rx.o
                0x08002980                setup_default_bindphrase(char*, unsigned char, char const*)
 .text._Z13setup_defaulth
                0x080029a0       0x88 ./CommonRx/mlrs-rx.o
                0x080029a0                setup_default(unsigned char)
 .text._Z21setup_sanitize_configh
                0x08002a28      0x57c ./CommonRx/mlrs-rx.o
                0x08002a28                setup_sanitize_config(unsigned char)
 .text._Z14configure_modeh
                0x08002fa4       0x60 ./CommonRx/mlrs-rx.o
                0x08002fa4                configure_mode(unsigned char)
 .text._Z22setup_configure_configh
                0x08003004      0x194 ./CommonRx/mlrs-rx.o
                0x08003004                setup_configure_config(unsigned char)
 .text._Z11setup_clearv
                0x08003198       0x10 ./CommonRx/mlrs-rx.o
                0x08003198                setup_clear()
 .text._Z21setup_store_to_EEPROMv
                0x080031a8       0x10 ./CommonRx/mlrs-rx.o
                0x080031a8                setup_store_to_EEPROM()
 .text._Z26setup_retrieve_from_EEPROMv
                0x080031b8       0x10 ./CommonRx/mlrs-rx.o
                0x080031b8                setup_retrieve_from_EEPROM()
 .text._Z12setup_reloadv
                0x080031c8       0x18 ./CommonRx/mlrs-rx.o
                0x080031c8                setup_reload()
 .text._Z10setup_initv
                0x080031e0      0x154 ./CommonRx/mlrs-rx.o
                0x080031e0                setup_init()
 .text._Z19sx126x_rfpower_calcaPhPahh
                0x08003334       0x28 ./CommonRx/mlrs-rx.o
                0x08003334                sx126x_rfpower_calc(signed char, unsigned char*, signed char*, unsigned char, unsigned char)
 .text._ZN12Sx126xDriver11RfPowerCalcEaPhPa
                0x0800335c       0x18 ./CommonRx/mlrs-rx.o
                0x0800335c                Sx126xDriver::RfPowerCalc(signed char, unsigned char*, signed char*)
 .text._ZN18Sx126xDriverCommon27SetLoraConfigurationByIndexEh
                0x08003374       0x4c ./CommonRx/mlrs-rx.o
                0x08003374                Sx126xDriverCommon::SetLoraConfigurationByIndex(unsigned char)
 .text._ZN18Sx126xDriverCommon14SetRfPower_dbmEa
                0x080033c0       0x20 ./CommonRx/mlrs-rx.o
                0x080033c0                Sx126xDriverCommon::SetRfPower_dbm(signed char)
 .text._ZN18Sx126xDriverCommon9ConfigureEP15tSxGlobalConfig
                0x080033e0      0x134 ./CommonRx/mlrs-rx.o
                0x080033e0                Sx126xDriverCommon::Configure(tSxGlobalConfig*)
 .text._ZN18Sx126xDriverCommon9SetToIdleEv
                0x08003514       0x16 ./CommonRx/mlrs-rx.o
                0x08003514                Sx126xDriverCommon::SetToIdle()
 *fill*         0x0800352a        0x2 
 .text._ZN18Sx126xDriverCommon11RfPower_dbmEv
                0x0800352c       0x4c ./CommonRx/mlrs-rx.o
                0x0800352c                Sx126xDriverCommon::RfPower_dbm()
 .text._ZN13LqCounterBase4InitEh
                0x08003578       0x36 ./CommonRx/mlrs-rx.o
                0x08003578                LqCounterBase::Init(unsigned char)
 .text._ZN13LqCounterBase4NextEv
                0x080035ae       0x58 ./CommonRx/mlrs-rx.o
                0x080035ae                LqCounterBase::Next()
 *fill*         0x08003606        0x2 
 .text._ZN9tFhssBase11GetCurrFreqEv
                0x08003608       0x2c ./CommonRx/mlrs-rx.o
                0x08003608                tFhssBase::GetCurrFreq()
 .text._Z13check_txframeP8tTxFrame
                0x08003634       0x70 ./CommonRx/mlrs-rx.o
                0x08003634                check_txframe(tTxFrame*)
 .text._Z23rcdata_rc1_from_txframeP7tRcDataP8tTxFrame
                0x080036a4       0x7c ./CommonRx/mlrs-rx.o
                0x080036a4                rcdata_rc1_from_txframe(tRcData*, tTxFrame*)
 .text._Z19rcdata_from_txframeP7tRcDataP8tTxFrame
                0x08003720      0x116 ./CommonRx/mlrs-rx.o
                0x08003720                rcdata_from_txframe(tRcData*, tTxFrame*)
 *fill*         0x08003836        0x2 
 .text._Z20_pack_rxframe_w_typeP8tRxFramehP11tFrameStatsPhh
                0x08003838       0xe0 ./CommonRx/mlrs-rx.o
                0x08003838                _pack_rxframe_w_type(tRxFrame*, unsigned char, tFrameStats*, unsigned char*, unsigned char)
 .text._Z12pack_rxframeP8tRxFrameP11tFrameStatsPhh
                0x08003918       0x14 ./CommonRx/mlrs-rx.o
                0x08003918                pack_rxframe(tRxFrame*, tFrameStats*, unsigned char*, unsigned char)
 .text._Z42cmdframerxparameters_rxparams_from_rxsetupP21tCmdFrameRxParameters
                0x0800392c       0xd4 ./CommonRx/mlrs-rx.o
                0x0800392c                cmdframerxparameters_rxparams_from_rxsetup(tCmdFrameRxParameters*)
 .text._Z40cmdframerxparameters_rxparams_to_rxsetupP21tCmdFrameRxParameters
                0x08003a00       0xc4 ./CommonRx/mlrs-rx.o
                0x08003a00                cmdframerxparameters_rxparams_to_rxsetup(tCmdFrameRxParameters*)
 .text._Z27pack_rxcmdframe_rxsetupdataP8tRxFrameP11tFrameStats
                0x08003ac4       0xb8 ./CommonRx/mlrs-rx.o
                0x08003ac4                pack_rxcmdframe_rxsetupdata(tRxFrame*, tFrameStats*)
 .text._Z29unpack_txcmdframe_setrxparamsP8tTxFrame
                0x08003b7c       0x40 ./CommonRx/mlrs-rx.o
                0x08003b7c                unpack_txcmdframe_setrxparams(tTxFrame*)
 .text._ZN5Stats9Update1HzEv
                0x08003bbc       0x3a ./CommonRx/mlrs-rx.o
                0x08003bbc                Stats::Update1Hz()
 *fill*         0x08003bf6        0x2 
 .text._ZN8BindBase4InitEv
                0x08003bf8       0x38 ./CommonRx/mlrs-rx.o
                0x08003bf8                BindBase::Init()
 .text._ZN8BindBase13ConfigForBindEv
                0x08003c30       0x30 ./CommonRx/mlrs-rx.o
                0x08003c30                BindBase::ConfigForBind()
 .text._ZN8BindBase2DoEv
                0x08003c60       0x78 ./CommonRx/mlrs-rx.o
                0x08003c60                BindBase::Do()
 .text._ZN8BindBase4TaskEv
                0x08003cd8       0x1c ./CommonRx/mlrs-rx.o
                0x08003cd8                BindBase::Task()
 .text._Z11fail_do_dbgP11tSerialBasePKc
                0x08003cf4       0x34 ./CommonRx/mlrs-rx.o
                0x08003cf4                fail_do_dbg(tSerialBase*, char const*)
 .text._Z4failP11tSerialBasehPKc
                0x08003d28      0x1c4 ./CommonRx/mlrs-rx.o
                0x08003d28                fail(tSerialBase*, unsigned char, char const*)
 .text.HAL_IncTick
                0x08003eec       0x24 ./CommonRx/mlrs-rx.o
                0x08003eec                HAL_IncTick
 .text._Z11sxSendFramehPvht
                0x08003f10       0x44 ./CommonRx/mlrs-rx.o
                0x08003f10                sxSendFrame(unsigned char, void*, unsigned char, unsigned short)
 .text._ZN8BindBase11do_transmitEh
                0x08003f54       0x78 ./CommonRx/mlrs-rx.o
                0x08003f54                BindBase::do_transmit(unsigned char)
 .text._Z17sxGetPacketStatushP5Stats
                0x08003fcc       0x54 ./CommonRx/mlrs-rx.o
                0x08003fcc                sxGetPacketStatus(unsigned char, Stats*)
 .text._Z10FAILALWAYShPKc
                0x08004020       0x10 ./CommonRx/mlrs-rx.o
                0x08004020                FAILALWAYS(unsigned char, char const*)
 .text._Z17FAILALWAYS_WSTATEhPKcthhh
                0x08004030       0x90 ./CommonRx/mlrs-rx.o
                0x08004030                FAILALWAYS_WSTATE(unsigned char, char const*, unsigned short, unsigned char, unsigned char, unsigned char)
 .text._Z4FAILPKc
                0x080040c0       0x10 ./CommonRx/mlrs-rx.o
                0x080040c0                FAIL(char const*)
 .text._Z11micros_initv
                0x080040d0        0xc ./CommonRx/mlrs-rx.o
                0x080040d0                micros_init()
 .text._Z6microsv
                0x080040dc        0xc ./CommonRx/mlrs-rx.o
                0x080040dc                micros()
 .text._ZN9ClockBase5ResetEv
                0x080040e8       0x30 ./CommonRx/mlrs-rx.o
                0x080040e8                ClockBase::Reset()
 .text._ZN9ClockBase12init_isr_offEv
                0x08004118       0x58 ./CommonRx/mlrs-rx.o
                0x08004118                ClockBase::init_isr_off()
 .text._ZN9ClockBase10enable_isrEv
                0x08004170       0x16 ./CommonRx/mlrs-rx.o
                0x08004170                ClockBase::enable_isr()
 *fill*         0x08004186        0x2 
 .text._ZN9ClockBase4InitEt
                0x08004188       0x30 ./CommonRx/mlrs-rx.o
                0x08004188                ClockBase::Init(unsigned short)
 .text.TIM2_IRQHandler
                0x080041b8       0x40 ./CommonRx/mlrs-rx.o
                0x080041b8                TIM2_IRQHandler
 .text._ZN8tRxStats4InitEh
                0x080041f8       0x88 ./CommonRx/mlrs-rx.o
                0x080041f8                tRxStats::Init(unsigned char)
 .text._ZN8tRxStats4NextEv
                0x08004280       0x1a ./CommonRx/mlrs-rx.o
                0x08004280                tRxStats::Next()
 *fill*         0x0800429a        0x2 
 .text._ZN8tRxStats5ClearEv
                0x0800429c       0x68 ./CommonRx/mlrs-rx.o
                0x0800429c                tRxStats::Clear()
 .text._ZN8tRxStats15doFrameReceivedEv
                0x08004304       0x20 ./CommonRx/mlrs-rx.o
                0x08004304                tRxStats::doFrameReceived()
 .text._ZN8tRxStats24doValidCrc1FrameReceivedEv
                0x08004324       0x20 ./CommonRx/mlrs-rx.o
                0x08004324                tRxStats::doValidCrc1FrameReceived()
 .text._ZN8tRxStats20doValidFrameReceivedEv
                0x08004344       0x20 ./CommonRx/mlrs-rx.o
                0x08004344                tRxStats::doValidFrameReceived()
 .text._ZN8tRxStats8GetLQ_rcEv
                0x08004364       0x24 ./CommonRx/mlrs-rx.o
                0x08004364                tRxStats::GetLQ_rc()
 .text._ZN8tRxStats12GetLQ_serialEv
                0x08004388       0x24 ./CommonRx/mlrs-rx.o
                0x08004388                tRxStats::GetLQ_serial()
 .text.USART2_IRQHandler
                0x080043ac       0x4c ./CommonRx/mlrs-rx.o
                0x080043ac                USART2_IRQHandler
 .text.uart_putc
                0x080043f8       0x48 ./CommonRx/mlrs-rx.o
                0x080043f8                uart_putc
 .text._ZN4tOut4putcEc
                0x08004440        0x6 ./CommonRx/mlrs-rx.o
                0x08004440                tOut::putc(char)
 *fill*         0x08004446        0x2 
 .text._uart_initprotocol
                0x08004448       0x38 ./CommonRx/mlrs-rx.o
                0x08004448                _uart_initprotocol
 .text.uart_setprotocol
                0x08004480       0x20 ./CommonRx/mlrs-rx.o
                0x08004480                uart_setprotocol
 .text._ZN4tOut20config_sbus_invertedEb
                0x080044a0       0x20 ./CommonRx/mlrs-rx.o
                0x080044a0                tOut::config_sbus_inverted(bool)
 .text._ZN4tOut11config_crsfEb
                0x080044c0       0x1c ./CommonRx/mlrs-rx.o
                0x080044c0                tOut::config_crsf(bool)
 .text._ZN4tOut11config_sbusEb
                0x080044dc       0x20 ./CommonRx/mlrs-rx.o
                0x080044dc                tOut::config_sbus(bool)
 .text.uart_init_isroff
                0x080044fc       0xd4 ./CommonRx/mlrs-rx.o
                0x080044fc                uart_init_isroff
 .text._ZN4tOut18SendLinkStatisticsEv
                0x080045d0       0x98 ./CommonRx/mlrs-rx.o
                0x080045d0                tOut::SendLinkStatistics()
 .text._Z14ee_program_u64mPyh
                0x08004668       0x44 ./CommonRx/mlrs-rx.o
                0x08004668                ee_program_u64(unsigned long, unsigned long long*, unsigned char)
 .text._ZN18PowerupCounterBase2DoEv
                0x080046ac       0x34 ./CommonRx/mlrs-rx.o
                0x080046ac                PowerupCounterBase::Do()
 .text._ZN18PowerupCounterBase4InitEv
                0x080046e0      0x124 ./CommonRx/mlrs-rx.o
                0x080046e0                PowerupCounterBase::Init()
 .text._Z11clock_resetv
                0x08004804        0xc ./CommonRx/mlrs-rx.o
                0x08004804                clock_reset()
 .text._ZN8BindBase10do_receiveEhb
                0x08004810       0x5c ./CommonRx/mlrs-rx.o
                0x08004810                BindBase::do_receive(unsigned char, bool)
 .text._Z24fmav_msg_recalculate_crcP13_fmav_message
                0x0800486c       0x5a ./CommonRx/mlrs-rx.o
                0x0800486c                fmav_msg_recalculate_crc(_fmav_message*)
 *fill*         0x080048c6        0x2 
 .text._Z24fmavX_config_compressionh
                0x080048c8       0x10 ./CommonRx/mlrs-rx.o
                0x080048c8                fmavX_config_compression(unsigned char)
 .text._Z17_fmavX_encode_rlePhS_hh
                0x080048d8      0x7d0 ./CommonRx/mlrs-rx.o
                0x080048d8                _fmavX_encode_rle(unsigned char*, unsigned char*, unsigned char, unsigned char)
 .text._Z23_fmavX_payload_compressPhS_S_h
                0x080050a8      0x27c ./CommonRx/mlrs-rx.o
                0x080050a8                _fmavX_payload_compress(unsigned char*, unsigned char*, unsigned char*, unsigned char)
 .text._ZL22fmavX_msg_to_frame_bufPhP13_fmav_message
                0x08005324      0x278 ./CommonRx/mlrs-rx.o
 .text._Z25_fmavX_payload_decompressPhS_h
                0x0800559c      0xa50 ./CommonRx/mlrs-rx.o
                0x0800559c                _fmavX_payload_decompress(unsigned char*, unsigned char*, unsigned char)
 .text._ZL34fmavX_parse_and_check_to_frame_bufP12_fmav_resultPhP12_fmav_statush.isra.0
                0x08005fec      0x7e4 ./CommonRx/mlrs-rx.o
 .text._ZN10tRxMavlink4InitEv
                0x080067d0       0x90 ./CommonRx/mlrs-rx.o
                0x080067d0                tRxMavlink::Init()
 .text._ZN10tRxMavlink10SendRcDataEP7tRcDatab
                0x08006860       0x54 ./CommonRx/mlrs-rx.o
                0x08006860                tRxMavlink::SendRcData(tRcData*, bool)
 .text._ZN10tRxMavlink4getcEv
                0x080068b4       0x3a ./CommonRx/mlrs-rx.o
                0x080068b4                tRxMavlink::getc()
 *fill*         0x080068ee        0x2 
 .text._ZN11tRxSxSerial4getcEv
                0x080068f0       0x20 ./CommonRx/mlrs-rx.o
                0x080068f0                tRxSxSerial::getc()
 .text._ZN10tRxMavlink5flushEv
                0x08006910       0x2c ./CommonRx/mlrs-rx.o
                0x08006910                tRxMavlink::flush()
 .text._ZN11tRxSxSerial5flushEv
                0x0800693c       0x30 ./CommonRx/mlrs-rx.o
                0x0800693c                tRxSxSerial::flush()
 .text._ZN10tRxMavlink19send_msg_serial_outEv
                0x0800696c       0x2c ./CommonRx/mlrs-rx.o
                0x0800696c                tRxMavlink::send_msg_serial_out()
 .text._ZN10tRxMavlink4putcEc
                0x08006998       0xc0 ./CommonRx/mlrs-rx.o
                0x08006998                tRxMavlink::putc(char)
 .text._ZN11tRxSxSerial4putcEc
                0x08006a58       0x20 ./CommonRx/mlrs-rx.o
                0x08006a58                tRxSxSerial::putc(char)
 .text._ZN10tRxMavlink21generate_radio_statusEv
                0x08006a78       0xa0 ./CommonRx/mlrs-rx.o
                0x08006a78                tRxMavlink::generate_radio_status()
 .text._ZN10tRxMavlink29generate_rc_channels_overrideEv
                0x08006b18       0xea ./CommonRx/mlrs-rx.o
                0x08006b18                tRxMavlink::generate_rc_channels_override()
 .text._ZN10tRxMavlink26generate_radio_rc_channelsEv
                0x08006c02       0xa0 ./CommonRx/mlrs-rx.o
                0x08006c02                tRxMavlink::generate_radio_rc_channels()
 *fill*         0x08006ca2        0x2 
 .text._ZN10tRxMavlink25generate_radio_link_statsEv
                0x08006ca4      0x128 ./CommonRx/mlrs-rx.o
                0x08006ca4                tRxMavlink::generate_radio_link_stats()
 .text._ZN10tRxMavlink16generate_cmd_ackEv
                0x08006dcc       0x86 ./CommonRx/mlrs-rx.o
                0x08006dcc                tRxMavlink::generate_cmd_ack()
 *fill*         0x08006e52        0x2 
 .text._ZN10tRxMavlink15handle_cmd_longEv
                0x08006e54       0xf8 ./CommonRx/mlrs-rx.o
                0x08006e54                tRxMavlink::handle_cmd_long()
 .text._Z4initv
                0x08006f4c       0x94 ./CommonRx/mlrs-rx.o
                0x08006f4c                init()
 .text.SUBGHZ_Radio_IRQHandler
                0x08006fe0       0x6c ./CommonRx/mlrs-rx.o
                0x08006fe0                SUBGHZ_Radio_IRQHandler
 .text._Z14link_task_initv
                0x0800704c       0x1c ./CommonRx/mlrs-rx.o
                0x0800704c                link_task_init()
 .text._Z15link_task_resetv
                0x08007068       0x14 ./CommonRx/mlrs-rx.o
                0x08007068                link_task_reset()
 .text._Z27process_received_txcmdframeP8tTxFrame
                0x0800707c       0x40 ./CommonRx/mlrs-rx.o
                0x0800707c                process_received_txcmdframe(tTxFrame*)
 .text._Z15pack_rxcmdframeP8tRxFrameP11tFrameStats
                0x080070bc       0x14 ./CommonRx/mlrs-rx.o
                0x080070bc                pack_rxcmdframe(tRxFrame*, tFrameStats*)
 .text._Z22process_received_framebP8tTxFrame
                0x080070d0       0xb4 ./CommonRx/mlrs-rx.o
                0x080070d0                process_received_frame(bool, tTxFrame*)
 .text._Z14handle_receiveh
                0x08007184       0xb0 ./CommonRx/mlrs-rx.o
                0x08007184                handle_receive(unsigned char)
 .text._Z19handle_receive_nonev
                0x08007234       0x10 ./CommonRx/mlrs-rx.o
                0x08007234                handle_receive_none()
 .text._Z10do_receivehb
                0x08007244       0xb4 ./CommonRx/mlrs-rx.o
                0x08007244                do_receive(unsigned char, bool)
 .text._ZN8FifoBaseIcLt512EE9AvailableEv
                0x080072f8       0x18 ./CommonRx/mlrs-rx.o
                0x080072f8                FifoBase<char, (unsigned short)512>::Available()
 .text._ZN10tRxMavlink9availableEv
                0x08007310       0x12 ./CommonRx/mlrs-rx.o
                0x08007310                tRxMavlink::available()
 *fill*         0x08007322        0x2 
 .text._ZN11tRxSxSerial9availableEv
                0x08007324       0x38 ./CommonRx/mlrs-rx.o
                0x08007324                tRxSxSerial::available()
 .text._Z22prepare_transmit_framehh
                0x0800735c       0xd4 ./CommonRx/mlrs-rx.o
                0x0800735c                prepare_transmit_frame(unsigned char, unsigned char)
 .text._Z11do_transmith
                0x08007430       0x4c ./CommonRx/mlrs-rx.o
                0x08007430                do_transmit(unsigned char)
 .text._ZN10tRxMavlink19serial_in_availableEv
                0x0800747c       0x1e ./CommonRx/mlrs-rx.o
                0x0800747c                tRxMavlink::serial_in_available()
 *fill*         0x0800749a        0x2 
 .text._ZN10tRxMavlink22handle_txbuf_ardupilotEm
                0x0800749c      0x104 ./CommonRx/mlrs-rx.o
                0x0800749c                tRxMavlink::handle_txbuf_ardupilot(unsigned long)
 .text._ZN10tRxMavlink21handle_txbuf_method_bEm
                0x080075a0      0x10c ./CommonRx/mlrs-rx.o
                0x080075a0                tRxMavlink::handle_txbuf_method_b(unsigned long)
 .text._ZN10tRxMavlink2DoEv
                0x080076ac      0x208 ./CommonRx/mlrs-rx.o
                0x080076ac                tRxMavlink::Do()
 .text._Z9main_mainv
                0x080078b4      0x838 ./CommonRx/mlrs-rx.o
                0x080078b4                main_main()
 .text.startup._GLOBAL__sub_I_rcc_init_afio
                0x080080ec       0x5c ./CommonRx/mlrs-rx.o
 .text._ZN7OutBase4putcEc
                0x08008148        0x2 ./CommonRx/out.o
                0x08008148                OutBase::putc(char)
 .text._ZN7OutBase11config_sbusEb
                0x0800814a        0x4 ./CommonRx/out.o
                0x0800814a                OutBase::config_sbus(bool)
 .text._ZN7OutBase11config_crsfEb
                0x0800814e        0x4 ./CommonRx/out.o
                0x0800814e                OutBase::config_crsf(bool)
 .text._ZN7OutBase20config_sbus_invertedEb
                0x08008152        0x4 ./CommonRx/out.o
                0x08008152                OutBase::config_sbus_inverted(bool)
 *fill*         0x08008156        0x2 
 .text._ZN7OutBaseC2Ev
                0x08008158       0x18 ./CommonRx/out.o
                0x08008158                OutBase::OutBase()
                0x08008158                OutBase::OutBase()
 .text._ZN7OutBase4InitEP8tRxSetup
                0x08008170       0x1a ./CommonRx/out.o
                0x08008170                OutBase::Init(tRxSetup*)
 .text._ZN7OutBase9ConfigureEh
                0x0800818a       0x56 ./CommonRx/out.o
                0x0800818a                OutBase::Configure(unsigned char)
 .text._ZN7OutBase15SetChannelOrderEh
                0x080081e0        0x6 ./CommonRx/out.o
                0x080081e0                OutBase::SetChannelOrder(unsigned char)
 .text._ZN7OutBase18SendLinkStatisticsEP13tOutLinkStats
                0x080081e6       0x28 ./CommonRx/out.o
                0x080081e6                OutBase::SendLinkStatistics(tOutLinkStats*)
 .text._ZN7OutBase30SendLinkStatisticsDisconnectedEv
                0x0800820e       0x20 ./CommonRx/out.o
                0x0800820e                OutBase::SendLinkStatisticsDisconnected()
 .text._ZN7OutBase6putbufEPht
                0x0800822e       0x1c ./CommonRx/out.o
                0x0800822e                OutBase::putbuf(unsigned char*, unsigned short)
 .text._ZN7OutBase16send_sbus_rcdataEP7tRcDatabb
                0x0800824a      0x182 ./CommonRx/out.o
                0x0800824a                OutBase::send_sbus_rcdata(tRcData*, bool, bool)
 .text._ZN7OutBase16send_crsf_rcdataEP7tRcData
                0x080083cc      0x1d2 ./CommonRx/out.o
                0x080083cc                OutBase::send_crsf_rcdata(tRcData*)
 .text._ZN7OutBase10SendRcDataEP7tRcDatabbah
                0x0800859e      0x140 ./CommonRx/out.o
                0x0800859e                OutBase::SendRcData(tRcData*, bool, bool, signed char, unsigned char)
 .text._ZN7OutBase24send_crsf_linkstatisticsEP13tOutLinkStats
                0x080086de       0xcc ./CommonRx/out.o
                0x080086de                OutBase::send_crsf_linkstatistics(tOutLinkStats*)
 .text._ZN7OutBase7do_crsfEv
                0x080087aa       0x34 ./CommonRx/out.o
                0x080087aa                OutBase::do_crsf()
 .text._ZN7OutBase2DoEv
                0x080087de       0x10 ./CommonRx/out.o
                0x080087de                OutBase::Do()
 *fill*         0x080087ee        0x2 
 .text._Z18SystemClock_Configv
                0x080087f0       0x90 ./Core/Src/main.o
                0x080087f0                SystemClock_Config()
 .text.startup.main
                0x08008880       0x2a ./Core/Src/main.o
                0x08008880                main
 .text.HAL_MspInit
                0x080088aa        0x2 ./Core/Src/stm32wlxx_hal_msp.o
                0x080088aa                HAL_MspInit
 .text.NMI_Handler
                0x080088ac        0x2 ./Core/Src/stm32wlxx_it.o
                0x080088ac                NMI_Handler
 .text.HardFault_Handler
                0x080088ae        0x2 ./Core/Src/stm32wlxx_it.o
                0x080088ae                HardFault_Handler
 .text.MemManage_Handler
                0x080088b0        0x2 ./Core/Src/stm32wlxx_it.o
                0x080088b0                MemManage_Handler
 .text.BusFault_Handler
                0x080088b2        0x2 ./Core/Src/stm32wlxx_it.o
                0x080088b2                BusFault_Handler
 .text.UsageFault_Handler
                0x080088b4        0x2 ./Core/Src/stm32wlxx_it.o
                0x080088b4                UsageFault_Handler
 .text.SVC_Handler
                0x080088b6        0x2 ./Core/Src/stm32wlxx_it.o
                0x080088b6                SVC_Handler
 .text.DebugMon_Handler
                0x080088b8        0x2 ./Core/Src/stm32wlxx_it.o
                0x080088b8                DebugMon_Handler
 .text.PendSV_Handler
                0x080088ba        0x2 ./Core/Src/stm32wlxx_it.o
                0x080088ba                PendSV_Handler
 .text.SysTick_Handler
                0x080088bc        0x4 ./Core/Src/stm32wlxx_it.o
                0x080088bc                SysTick_Handler
 .text.SystemInit
                0x080088c0        0x2 ./Core/Src/system_stm32wlxx.o
                0x080088c0                SystemInit
 *fill*         0x080088c2        0x2 
 .text.Reset_Handler
                0x080088c4       0x50 ./Core/Startup/startup_stm32wle5ccux.o
                0x080088c4                Reset_Handler
 .text.Default_Handler
                0x08008914        0x2 ./Core/Startup/startup_stm32wle5ccux.o
                0x08008914                RTC_Alarm_IRQHandler
                0x08008914                EXTI2_IRQHandler
                0x08008914                TIM1_CC_IRQHandler
                0x08008914                EXTI3_IRQHandler
                0x08008914                LPTIM2_IRQHandler
                0x08008914                I2C3_ER_IRQHandler
                0x08008914                LPTIM3_IRQHandler
                0x08008914                EXTI0_IRQHandler
                0x08008914                I2C2_EV_IRQHandler
                0x08008914                TAMP_STAMP_LSECSS_SSRU_IRQHandler
                0x08008914                SPI1_IRQHandler
                0x08008914                DMA2_Channel2_IRQHandler
                0x08008914                DMA1_Channel4_IRQHandler
                0x08008914                PKA_IRQHandler
                0x08008914                DMA1_Channel7_IRQHandler
                0x08008914                SUBGHZSPI_IRQHandler
                0x08008914                DMA2_Channel1_IRQHandler
                0x08008914                I2C1_EV_IRQHandler
                0x08008914                DMAMUX1_OVR_IRQHandler
                0x08008914                DMA1_Channel6_IRQHandler
                0x08008914                TIM16_IRQHandler
                0x08008914                DMA2_Channel4_IRQHandler
                0x08008914                RCC_IRQHandler
                0x08008914                TIM1_TRG_COM_IRQHandler
                0x08008914                DMA1_Channel1_IRQHandler
                0x08008914                Default_Handler
                0x08008914                DMA2_Channel7_IRQHandler
                0x08008914                EXTI15_10_IRQHandler
                0x08008914                ADC_IRQHandler
                0x08008914                I2C3_EV_IRQHandler
                0x08008914                EXTI9_5_IRQHandler
                0x08008914                RTC_WKUP_IRQHandler
                0x08008914                PVD_PVM_IRQHandler
                0x08008914                SPI2_IRQHandler
                0x08008914                DMA2_Channel5_IRQHandler
                0x08008914                DMA1_Channel5_IRQHandler
                0x08008914                EXTI4_IRQHandler
                0x08008914                RNG_IRQHandler
                0x08008914                DMA1_Channel3_IRQHandler
                0x08008914                COMP_IRQHandler
                0x08008914                HSEM_IRQHandler
                0x08008914                TIM1_UP_IRQHandler
                0x08008914                WWDG_IRQHandler
                0x08008914                LPUART1_IRQHandler
                0x08008914                DMA2_Channel6_IRQHandler
                0x08008914                TIM1_BRK_IRQHandler
                0x08008914                DAC_IRQHandler
                0x08008914                EXTI1_IRQHandler
                0x08008914                AES_IRQHandler
                0x08008914                I2C2_ER_IRQHandler
                0x08008914                DMA1_Channel2_IRQHandler
                0x08008914                FLASH_IRQHandler
                0x08008914                I2C1_ER_IRQHandler
                0x08008914                LPTIM1_IRQHandler
                0x08008914                DMA2_Channel3_IRQHandler
 .text.HAL_MspDeInit
                0x08008916        0x2 ./Drivers/STM32WLxx_HAL_Driver/Src/stm32wlxx_hal.o
                0x08008916                HAL_MspDeInit
 .text.HAL_DeInit
                0x08008918       0x4c ./Drivers/STM32WLxx_HAL_Driver/Src/stm32wlxx_hal.o
                0x08008918                HAL_DeInit
 .text.HAL_InitTick
                0x08008964       0x4c ./Drivers/STM32WLxx_HAL_Driver/Src/stm32wlxx_hal.o
                0x08008964                HAL_InitTick
 .text.HAL_Init
                0x080089b0       0x2c ./Drivers/STM32WLxx_HAL_Driver/Src/stm32wlxx_hal.o
                0x080089b0                HAL_Init
 .text.HAL_GetTick
                0x080089dc        0xc ./Drivers/STM32WLxx_HAL_Driver/Src/stm32wlxx_hal.o
                0x080089dc                HAL_GetTick
 .text.HAL_NVIC_SetPriorityGrouping
                0x080089e8       0x24 ./Drivers/STM32WLxx_HAL_Driver/Src/stm32wlxx_hal_cortex.o
                0x080089e8                HAL_NVIC_SetPriorityGrouping
 .text.HAL_NVIC_SetPriority
                0x08008a0c       0x64 ./Drivers/STM32WLxx_HAL_Driver/Src/stm32wlxx_hal_cortex.o
                0x08008a0c                HAL_NVIC_SetPriority
 .text.HAL_SYSTICK_Config
                0x08008a70       0x28 ./Drivers/STM32WLxx_HAL_Driver/Src/stm32wlxx_hal_cortex.o
                0x08008a70                HAL_SYSTICK_Config
 .text.FLASH_Program_Fast
                0x08008a98       0x30 ./Drivers/STM32WLxx_HAL_Driver/Src/stm32wlxx_hal_flash.o
 .text.HAL_FLASH_Unlock
                0x08008ac8       0x24 ./Drivers/STM32WLxx_HAL_Driver/Src/stm32wlxx_hal_flash.o
                0x08008ac8                HAL_FLASH_Unlock
 .text.HAL_FLASH_Lock
                0x08008aec       0x18 ./Drivers/STM32WLxx_HAL_Driver/Src/stm32wlxx_hal_flash.o
                0x08008aec                HAL_FLASH_Lock
 .text.FLASH_WaitForLastOperation
                0x08008b04       0x5c ./Drivers/STM32WLxx_HAL_Driver/Src/stm32wlxx_hal_flash.o
                0x08008b04                FLASH_WaitForLastOperation
 .text.HAL_FLASH_Program
                0x08008b60       0x70 ./Drivers/STM32WLxx_HAL_Driver/Src/stm32wlxx_hal_flash.o
                0x08008b60                HAL_FLASH_Program
 .text.FLASH_PageErase
                0x08008bd0       0x1c ./Drivers/STM32WLxx_HAL_Driver/Src/stm32wlxx_hal_flash_ex.o
                0x08008bd0                FLASH_PageErase
 .text.HAL_FLASHEx_Erase
                0x08008bec       0x9c ./Drivers/STM32WLxx_HAL_Driver/Src/stm32wlxx_hal_flash_ex.o
                0x08008bec                HAL_FLASHEx_Erase
 .text.HAL_PWR_EnableBkUpAccess
                0x08008c88       0x10 ./Drivers/STM32WLxx_HAL_Driver/Src/stm32wlxx_hal_pwr.o
                0x08008c88                HAL_PWR_EnableBkUpAccess
 .text.HAL_PWREx_GetVoltageRange
                0x08008c98       0x10 ./Drivers/STM32WLxx_HAL_Driver/Src/stm32wlxx_hal_pwr_ex.o
                0x08008c98                HAL_PWREx_GetVoltageRange
 .text.LL_RCC_HSE_IsReady
                0x08008ca8        0xc ./Drivers/STM32WLxx_HAL_Driver/Src/stm32wlxx_hal_rcc.o
 .text.LL_RCC_MSI_IsReady
                0x08008cb4        0xc ./Drivers/STM32WLxx_HAL_Driver/Src/stm32wlxx_hal_rcc.o
 .text.LL_RCC_MSI_SetCalibTrimming
                0x08008cc0       0x12 ./Drivers/STM32WLxx_HAL_Driver/Src/stm32wlxx_hal_rcc.o
 .text.LL_RCC_PLL_IsReady
                0x08008cd2        0xc ./Drivers/STM32WLxx_HAL_Driver/Src/stm32wlxx_hal_rcc.o
 *fill*         0x08008cde        0x2 
 .text.RCC_SetFlashLatencyFromMSIRange
                0x08008ce0       0xd4 ./Drivers/STM32WLxx_HAL_Driver/Src/stm32wlxx_hal_rcc.o
 .text.HAL_RCC_GetSysClockFreq
                0x08008db4       0xdc ./Drivers/STM32WLxx_HAL_Driver/Src/stm32wlxx_hal_rcc.o
                0x08008db4                HAL_RCC_GetSysClockFreq
 .text.HAL_RCC_GetHCLKFreq
                0x08008e90       0x20 ./Drivers/STM32WLxx_HAL_Driver/Src/stm32wlxx_hal_rcc.o
                0x08008e90                HAL_RCC_GetHCLKFreq
 .text.HAL_RCC_OscConfig
                0x08008eb0      0x534 ./Drivers/STM32WLxx_HAL_Driver/Src/stm32wlxx_hal_rcc.o
                0x08008eb0                HAL_RCC_OscConfig
 .text.HAL_RCC_ClockConfig
                0x080093e4      0x1c0 ./Drivers/STM32WLxx_HAL_Driver/Src/stm32wlxx_hal_rcc.o
                0x080093e4                HAL_RCC_ClockConfig
 .text.LL_GPIO_SetPinMode
                0x080095a4       0x2a ./Drivers/STM32WLxx_HAL_Driver/Src/stm32wlxx_ll_gpio.o
 *fill*         0x080095ce        0x2 
 .text.LL_GPIO_DeInit
                0x080095d0       0x7c ./Drivers/STM32WLxx_HAL_Driver/Src/stm32wlxx_ll_gpio.o
                0x080095d0                LL_GPIO_DeInit
 .text.LL_GPIO_Init
                0x0800964c      0x10e ./Drivers/STM32WLxx_HAL_Driver/Src/stm32wlxx_ll_gpio.o
                0x0800964c                LL_GPIO_Init
 .text.LL_RCC_HSE_IsEnabledDiv2
                0x0800975a        0xc ./Drivers/STM32WLxx_HAL_Driver/Src/stm32wlxx_ll_rcc.o
 .text.LL_RCC_HSI_IsReady
                0x08009766        0xc ./Drivers/STM32WLxx_HAL_Driver/Src/stm32wlxx_ll_rcc.o
 .text.LL_RCC_LSE_IsReady
                0x08009772        0xe ./Drivers/STM32WLxx_HAL_Driver/Src/stm32wlxx_ll_rcc.o
 .text.LL_RCC_MSI_IsEnabledRangeSelect
                0x08009780        0xc ./Drivers/STM32WLxx_HAL_Driver/Src/stm32wlxx_ll_rcc.o
 .text.LL_RCC_PLL_IsReady
                0x0800978c        0xc ./Drivers/STM32WLxx_HAL_Driver/Src/stm32wlxx_ll_rcc.o
 .text.RCC_GetHCLK1ClockFreq
                0x08009798       0x1c ./Drivers/STM32WLxx_HAL_Driver/Src/stm32wlxx_ll_rcc.o
 .text.RCC_GetPCLK1ClockFreq
                0x080097b4       0x18 ./Drivers/STM32WLxx_HAL_Driver/Src/stm32wlxx_ll_rcc.o
 .text.RCC_GetSystemClockFreq
                0x080097cc      0x138 ./Drivers/STM32WLxx_HAL_Driver/Src/stm32wlxx_ll_rcc.o
 .text.LL_RCC_DeInit
                0x08009904       0x8c ./Drivers/STM32WLxx_HAL_Driver/Src/stm32wlxx_ll_rcc.o
                0x08009904                LL_RCC_DeInit
 .text.LL_RCC_GetUSARTClockFreq
                0x08009990       0x9c ./Drivers/STM32WLxx_HAL_Driver/Src/stm32wlxx_ll_rcc.o
                0x08009990                LL_RCC_GetUSARTClockFreq
 .text.LL_SPI_Init
                0x08009a2c       0x74 ./Drivers/STM32WLxx_HAL_Driver/Src/stm32wlxx_ll_spi.o
                0x08009a2c                LL_SPI_Init
 .text.LL_TIM_Init
                0x08009aa0       0x74 ./Drivers/STM32WLxx_HAL_Driver/Src/stm32wlxx_ll_tim.o
                0x08009aa0                LL_TIM_Init
 .text.LL_TIM_OC_Init
                0x08009b14      0x2a8 ./Drivers/STM32WLxx_HAL_Driver/Src/stm32wlxx_ll_tim.o
                0x08009b14                LL_TIM_OC_Init
 .text.LL_USART_DeInit
                0x08009dbc       0x48 ./Drivers/STM32WLxx_HAL_Driver/Src/stm32wlxx_ll_usart.o
                0x08009dbc                LL_USART_DeInit
 .text.LL_USART_Init
                0x08009e04       0xbc ./Drivers/STM32WLxx_HAL_Driver/Src/stm32wlxx_ll_usart.o
                0x08009e04                LL_USART_Init
 .text.u16toBCD
                0x08009ec0       0x60 ./modules/stm32ll-lib/src/stdstm32.o
                0x08009ec0                u16toBCD
 .text.u16toBCDstr
                0x08009f20       0x1c ./modules/stm32ll-lib/src/stdstm32.o
                0x08009f20                u16toBCDstr
 .text.u8toHEXstr
                0x08009f3c       0x20 ./modules/stm32ll-lib/src/stdstm32.o
                0x08009f3c                u8toHEXstr
 .text.u16toHEXstr
                0x08009f5c       0x2c ./modules/stm32ll-lib/src/stdstm32.o
                0x08009f5c                u16toHEXstr
 .text.u8toHEX_s
                0x08009f88       0x10 ./modules/stm32ll-lib/src/stdstm32.o
                0x08009f88                u8toHEX_s
 .text.u16toHEX_s
                0x08009f98       0x14 ./modules/stm32ll-lib/src/stdstm32.o
                0x08009f98                u16toHEX_s
 .text._ZN16Sx126xDriverBase11SpiTransferEhPh
                0x08009fac       0x16 ./modules/sx12xx-lib/src/sx126x.o
                0x08009fac                Sx126xDriverBase::SpiTransfer(unsigned char, unsigned char*)
 .text._ZN16Sx126xDriverBase7SpiReadEPhh
                0x08009fc2       0x28 ./modules/sx12xx-lib/src/sx126x.o
                0x08009fc2                Sx126xDriverBase::SpiRead(unsigned char*, unsigned char)
 .text._ZN16Sx126xDriverBase8SpiWriteEPhh
                0x08009fea       0x22 ./modules/sx12xx-lib/src/sx126x.o
                0x08009fea                Sx126xDriverBase::SpiWrite(unsigned char*, unsigned char)
 .text._ZN16Sx126xDriverBase8SpiWriteEh
                0x0800a00c       0x16 ./modules/sx12xx-lib/src/sx126x.o
                0x0800a00c                Sx126xDriverBase::SpiWrite(unsigned char)
 .text._ZN16Sx126xDriverBase12WriteCommandEhPhh
                0x0800a022       0x46 ./modules/sx12xx-lib/src/sx126x.o
                0x0800a022                Sx126xDriverBase::WriteCommand(unsigned char, unsigned char*, unsigned char)
 .text._ZN16Sx126xDriverBase11ReadCommandEhPhh
                0x0800a068       0x42 ./modules/sx12xx-lib/src/sx126x.o
                0x0800a068                Sx126xDriverBase::ReadCommand(unsigned char, unsigned char*, unsigned char)
 .text._ZN16Sx126xDriverBase13WriteRegisterEtPhh
                0x0800a0aa       0x54 ./modules/sx12xx-lib/src/sx126x.o
                0x0800a0aa                Sx126xDriverBase::WriteRegister(unsigned short, unsigned char*, unsigned char)
 .text._ZN16Sx126xDriverBase13WriteRegisterEth
                0x0800a0fe       0x16 ./modules/sx12xx-lib/src/sx126x.o
                0x0800a0fe                Sx126xDriverBase::WriteRegister(unsigned short, unsigned char)
 .text._ZN16Sx126xDriverBase12ReadRegisterEtPhh
                0x0800a114       0x52 ./modules/sx12xx-lib/src/sx126x.o
                0x0800a114                Sx126xDriverBase::ReadRegister(unsigned short, unsigned char*, unsigned char)
 .text._ZN16Sx126xDriverBase12ReadRegisterEt
                0x0800a166       0x16 ./modules/sx12xx-lib/src/sx126x.o
                0x0800a166                Sx126xDriverBase::ReadRegister(unsigned short)
 .text._ZN16Sx126xDriverBase11WriteBufferEhPhh
                0x0800a17c       0x4c ./modules/sx12xx-lib/src/sx126x.o
                0x0800a17c                Sx126xDriverBase::WriteBuffer(unsigned char, unsigned char*, unsigned char)
 .text._ZN16Sx126xDriverBase10ReadBufferEhPhh
                0x0800a1c8       0x4a ./modules/sx12xx-lib/src/sx126x.o
                0x0800a1c8                Sx126xDriverBase::ReadBuffer(unsigned char, unsigned char*, unsigned char)
 .text._ZN16Sx126xDriverBase9GetStatusEv
                0x0800a212       0x12 ./modules/sx12xx-lib/src/sx126x.o
                0x0800a212                Sx126xDriverBase::GetStatus()
 .text._ZN16Sx126xDriverBase10SetStandbyEh
                0x0800a224       0x2e ./modules/sx12xx-lib/src/sx126x.o
                0x0800a224                Sx126xDriverBase::SetStandby(unsigned char)
 .text._ZN16Sx126xDriverBase13SetPacketTypeEh
                0x0800a252       0x18 ./modules/sx12xx-lib/src/sx126x.o
                0x0800a252                Sx126xDriverBase::SetPacketType(unsigned char)
 .text._ZN16Sx126xDriverBase14SetRfFrequencyEm
                0x0800a26a       0x18 ./modules/sx12xx-lib/src/sx126x.o
                0x0800a26a                Sx126xDriverBase::SetRfFrequency(unsigned long)
 .text._ZN16Sx126xDriverBase20SetBufferBaseAddressEhh
                0x0800a282       0x1a ./modules/sx12xx-lib/src/sx126x.o
                0x0800a282                Sx126xDriverBase::SetBufferBaseAddress(unsigned char, unsigned char)
 .text._ZN16Sx126xDriverBase19SetModulationParamsEhhh
                0x0800a29c       0x2a ./modules/sx12xx-lib/src/sx126x.o
                0x0800a29c                Sx126xDriverBase::SetModulationParams(unsigned char, unsigned char, unsigned char)
 .text._ZN16Sx126xDriverBase15SetPacketParamsEhhhhh
                0x0800a2c6       0x5e ./modules/sx12xx-lib/src/sx126x.o
                0x0800a2c6                Sx126xDriverBase::SetPacketParams(unsigned char, unsigned char, unsigned char, unsigned char, unsigned char)
 .text._ZN16Sx126xDriverBase15SetDioIrqParamsEtttt
                0x0800a324       0x2e ./modules/sx12xx-lib/src/sx126x.o
                0x0800a324                Sx126xDriverBase::SetDioIrqParams(unsigned short, unsigned short, unsigned short, unsigned short)
 .text._ZN16Sx126xDriverBase12GetIrqStatusEv
                0x0800a352       0x1a ./modules/sx12xx-lib/src/sx126x.o
                0x0800a352                Sx126xDriverBase::GetIrqStatus()
 .text._ZN16Sx126xDriverBase14ClearIrqStatusEt
                0x0800a36c       0x18 ./modules/sx12xx-lib/src/sx126x.o
                0x0800a36c                Sx126xDriverBase::ClearIrqStatus(unsigned short)
 .text._ZN16Sx126xDriverBase11SetTxParamsEhh
                0x0800a384       0x1a ./modules/sx12xx-lib/src/sx126x.o
                0x0800a384                Sx126xDriverBase::SetTxParams(unsigned char, unsigned char)
 .text._ZN16Sx126xDriverBase5SetTxEm
                0x0800a39e       0x62 ./modules/sx12xx-lib/src/sx126x.o
                0x0800a39e                Sx126xDriverBase::SetTx(unsigned long)
 .text._ZN16Sx126xDriverBase5SetRxEm
                0x0800a400       0x36 ./modules/sx12xx-lib/src/sx126x.o
                0x0800a400                Sx126xDriverBase::SetRx(unsigned long)
 .text._ZN16Sx126xDriverBase15GetPacketStatusEPsPa
                0x0800a436       0x2c ./modules/sx12xx-lib/src/sx126x.o
                0x0800a436                Sx126xDriverBase::GetPacketStatus(short*, signed char*)
 .text._ZN16Sx126xDriverBase17GetRxBufferStatusEPhS0_
                0x0800a462       0x20 ./modules/sx12xx-lib/src/sx126x.o
                0x0800a462                Sx126xDriverBase::GetRxBufferStatus(unsigned char*, unsigned char*)
 .text._ZN16Sx126xDriverBase12ClearRxEventEv
                0x0800a482       0x48 ./modules/sx12xx-lib/src/sx126x.o
                0x0800a482                Sx126xDriverBase::ClearRxEvent()
 .text._ZN16Sx126xDriverBase20GetAndClearIrqStatusEt
                0x0800a4ca       0x22 ./modules/sx12xx-lib/src/sx126x.o
                0x0800a4ca                Sx126xDriverBase::GetAndClearIrqStatus(unsigned short)
 .text._ZN16Sx126xDriverBase9SetAutoFsEh
                0x0800a4ec       0x20 ./modules/sx12xx-lib/src/sx126x.o
                0x0800a4ec                Sx126xDriverBase::SetAutoFs(unsigned char)
 .text._ZN16Sx126xDriverBase5SetFsEv
                0x0800a50c       0x1c ./modules/sx12xx-lib/src/sx126x.o
                0x0800a50c                Sx126xDriverBase::SetFs()
 .text._ZN16Sx126xDriverBase14GetFirmwareRevEv
                0x0800a528        0x8 ./modules/sx12xx-lib/src/sx126x.o
                0x0800a528                Sx126xDriverBase::GetFirmwareRev()
 .text._ZN16Sx126xDriverBase16ClearDeviceErrorEv
                0x0800a530       0x18 ./modules/sx12xx-lib/src/sx126x.o
                0x0800a530                Sx126xDriverBase::ClearDeviceError()
 .text._ZN16Sx126xDriverBase20SetDio3AsTcxoControlEhm
                0x0800a548       0x24 ./modules/sx12xx-lib/src/sx126x.o
                0x0800a548                Sx126xDriverBase::SetDio3AsTcxoControl(unsigned char, unsigned long)
 .text._ZN16Sx126xDriverBase17SetSymbNumTimeoutEh
                0x0800a56c       0x56 ./modules/sx12xx-lib/src/sx126x.o
                0x0800a56c                Sx126xDriverBase::SetSymbNumTimeout(unsigned char)
 .text._ZN16Sx126xDriverBase9SetRxGainEh
                0x0800a5c2        0xe ./modules/sx12xx-lib/src/sx126x.o
                0x0800a5c2                Sx126xDriverBase::SetRxGain(unsigned char)
 .text._ZN16Sx126xDriverBase24SetOverCurrentProtectionEh
                0x0800a5d0        0xe ./modules/sx12xx-lib/src/sx126x.o
                0x0800a5d0                Sx126xDriverBase::SetOverCurrentProtection(unsigned char)
 *fill*         0x0800a5de        0x2 
 .text._ZN16Sx126xDriverBase17SetPaConfig_22dbmEv
                0x0800a5e0       0x1c ./modules/sx12xx-lib/src/sx126x.o
                0x0800a5e0                Sx126xDriverBase::SetPaConfig_22dbm()
 .text._ZN16Sx126xDriverBase14CalibrateImageEhh
                0x0800a5fc       0x1a ./modules/sx12xx-lib/src/sx126x.o
                0x0800a5fc                Sx126xDriverBase::CalibrateImage(unsigned char, unsigned char)
 *fill*         0x0800a616        0x2 
 .text._ZN16Sx126xDriverBase23SetModulationParamsGFSKEmhhm
                0x0800a618       0x64 ./modules/sx12xx-lib/src/sx126x.o
                0x0800a618                Sx126xDriverBase::SetModulationParamsGFSK(unsigned long, unsigned char, unsigned char, unsigned long)
 .text._ZN16Sx126xDriverBase19SetPacketParamsGFSKEthhhhhhh
                0x0800a67c       0x48 ./modules/sx12xx-lib/src/sx126x.o
                0x0800a67c                Sx126xDriverBase::SetPacketParamsGFSK(unsigned short, unsigned char, unsigned char, unsigned char, unsigned char, unsigned char, unsigned char, unsigned char)
 .text._ZN16Sx126xDriverBase15SetSyncWordGFSKEt
                0x0800a6c4       0x22 ./modules/sx12xx-lib/src/sx126x.o
                0x0800a6c4                Sx126xDriverBase::SetSyncWordGFSK(unsigned short)
 .text._ZN16Sx126xDriverBase19GetPacketStatusGFSKEPs
                0x0800a6e6       0x1c ./modules/sx12xx-lib/src/sx126x.o
                0x0800a6e6                Sx126xDriverBase::GetPacketStatusGFSK(short*)
 .text.memmove  0x0800a702       0x34 C:/ST/STM32CubeIDE_1.15.0/STM32CubeIDE/plugins/com.st.stm32cube.ide.mcu.externaltools.gnu-tools-for-stm32.12.3.rel1.win32_1.0.100.202403111256/tools/bin/../lib/gcc/arm-none-eabi/12.3.1/../../../../arm-none-eabi/lib/thumb/v7e-m/nofp\libc_nano.a(libc_a-memmove.o)
                0x0800a702                memmove
 .text.memset   0x0800a736       0x10 C:/ST/STM32CubeIDE_1.15.0/STM32CubeIDE/plugins/com.st.stm32cube.ide.mcu.externaltools.gnu-tools-for-stm32.12.3.rel1.win32_1.0.100.202403111256/tools/bin/../lib/gcc/arm-none-eabi/12.3.1/../../../../arm-none-eabi/lib/thumb/v7e-m/nofp\libc_nano.a(libc_a-memset.o)
                0x0800a736                memset
 .text.strcat   0x0800a746       0x1e C:/ST/STM32CubeIDE_1.15.0/STM32CubeIDE/plugins/com.st.stm32cube.ide.mcu.externaltools.gnu-tools-for-stm32.12.3.rel1.win32_1.0.100.202403111256/tools/bin/../lib/gcc/arm-none-eabi/12.3.1/../../../../arm-none-eabi/lib/thumb/v7e-m/nofp\libc_nano.a(libc_a-strcat.o)
                0x0800a746                strcat
 .text.strchr   0x0800a764       0x1a C:/ST/STM32CubeIDE_1.15.0/STM32CubeIDE/plugins/com.st.stm32cube.ide.mcu.externaltools.gnu-tools-for-stm32.12.3.rel1.win32_1.0.100.202403111256/tools/bin/../lib/gcc/arm-none-eabi/12.3.1/../../../../arm-none-eabi/lib/thumb/v7e-m/nofp\libc_nano.a(libc_a-strchr.o)
                0x0800a764                strchr
 .text.strncmp  0x0800a77e       0x24 C:/ST/STM32CubeIDE_1.15.0/STM32CubeIDE/plugins/com.st.stm32cube.ide.mcu.externaltools.gnu-tools-for-stm32.12.3.rel1.win32_1.0.100.202403111256/tools/bin/../lib/gcc/arm-none-eabi/12.3.1/../../../../arm-none-eabi/lib/thumb/v7e-m/nofp\libc_nano.a(libc_a-strncmp.o)
                0x0800a77e                strncmp
 *fill*         0x0800a7a2        0x2 
 .text.__libc_init_array
                0x0800a7a4       0x48 C:/ST/STM32CubeIDE_1.15.0/STM32CubeIDE/plugins/com.st.stm32cube.ide.mcu.externaltools.gnu-tools-for-stm32.12.3.rel1.win32_1.0.100.202403111256/tools/bin/../lib/gcc/arm-none-eabi/12.3.1/../../../../arm-none-eabi/lib/thumb/v7e-m/nofp\libc_nano.a(libc_a-init.o)
                0x0800a7a4                __libc_init_array
 .text.strcpy   0x0800a7ec       0x10 C:/ST/STM32CubeIDE_1.15.0/STM32CubeIDE/plugins/com.st.stm32cube.ide.mcu.externaltools.gnu-tools-for-stm32.12.3.rel1.win32_1.0.100.202403111256/tools/bin/../lib/gcc/arm-none-eabi/12.3.1/../../../../arm-none-eabi/lib/thumb/v7e-m/nofp\libc_nano.a(libc_a-strcpy.o)
                0x0800a7ec                strcpy
 .text.memcpy   0x0800a7fc       0x1c C:/ST/STM32CubeIDE_1.15.0/STM32CubeIDE/plugins/com.st.stm32cube.ide.mcu.externaltools.gnu-tools-for-stm32.12.3.rel1.win32_1.0.100.202403111256/tools/bin/../lib/gcc/arm-none-eabi/12.3.1/../../../../arm-none-eabi/lib/thumb/v7e-m/nofp\libc_nano.a(libc_a-memcpy-stub.o)
                0x0800a7fc                memcpy
 *(.glue_7)
 .glue_7        0x0800a818        0x0 linker stubs
 *(.glue_7t)
 .glue_7t       0x0800a818        0x0 linker stubs
 *(.eh_frame)
 .eh_frame      0x0800a818        0x0 C:/ST/STM32CubeIDE_1.15.0/STM32CubeIDE/plugins/com.st.stm32cube.ide.mcu.externaltools.gnu-tools-for-stm32.12.3.rel1.win32_1.0.100.202403111256/tools/bin/../lib/gcc/arm-none-eabi/12.3.1/thumb/v7e-m/nofp/crtbegin.o
 *(.init)
 .init          0x0800a818        0x4 C:/ST/STM32CubeIDE_1.15.0/STM32CubeIDE/plugins/com.st.stm32cube.ide.mcu.externaltools.gnu-tools-for-stm32.12.3.rel1.win32_1.0.100.202403111256/tools/bin/../lib/gcc/arm-none-eabi/12.3.1/thumb/v7e-m/nofp/crti.o
                0x0800a818                _init
 .init          0x0800a81c        0x8 C:/ST/STM32CubeIDE_1.15.0/STM32CubeIDE/plugins/com.st.stm32cube.ide.mcu.externaltools.gnu-tools-for-stm32.12.3.rel1.win32_1.0.100.202403111256/tools/bin/../lib/gcc/arm-none-eabi/12.3.1/thumb/v7e-m/nofp/crtn.o
 *(.fini)
 .fini          0x0800a824        0x4 C:/ST/STM32CubeIDE_1.15.0/STM32CubeIDE/plugins/com.st.stm32cube.ide.mcu.externaltools.gnu-tools-for-stm32.12.3.rel1.win32_1.0.100.202403111256/tools/bin/../lib/gcc/arm-none-eabi/12.3.1/thumb/v7e-m/nofp/crti.o
                0x0800a824                _fini
 .fini          0x0800a828        0x8 C:/ST/STM32CubeIDE_1.15.0/STM32CubeIDE/plugins/com.st.stm32cube.ide.mcu.externaltools.gnu-tools-for-stm32.12.3.rel1.win32_1.0.100.202403111256/tools/bin/../lib/gcc/arm-none-eabi/12.3.1/thumb/v7e-m/nofp/crtn.o
                0x0800a830                        . = ALIGN (0x4)
                0x0800a830                        _etext = .

.vfp11_veneer   0x0800a830        0x0
 .vfp11_veneer  0x0800a830        0x0 linker stubs

.v4_bx          0x0800a830        0x0
 .v4_bx         0x0800a830        0x0 linker stubs

.iplt           0x0800a830        0x0
 .iplt          0x0800a830        0x0 C:/ST/STM32CubeIDE_1.15.0/STM32CubeIDE/plugins/com.st.stm32cube.ide.mcu.externaltools.gnu-tools-for-stm32.12.3.rel1.win32_1.0.100.202403111256/tools/bin/../lib/gcc/arm-none-eabi/12.3.1/thumb/v7e-m/nofp/crtbegin.o

.rodata         0x0800a830     0x19cc
                0x0800a830                        . = ALIGN (0x4)
 *(.rodata)
 .rodata        0x0800a830        0xc ./Drivers/STM32WLxx_HAL_Driver/Src/stm32wlxx_hal_rcc.o
 *(.rodata*)
 .rodata._Z28power_optstr_from_power_listPcPshh.str1.1
                0x0800a83c        0xe ./Common/common_types.o
 .rodata.CSWTCH.34
                0x0800a84a        0x5 ./Common/common_types.o
 .rodata._ZL15crsf_crc8_table
                0x0800a84f      0x100 ./Common/common_types.o
 .rodata._ZL16bindphrase_chars
                0x0800a94f       0x29 ./Common/common_types.o
 .rodata.str1.1
                0x0800a978       0x14 ./Common/link_types.o
                                 0x18 (size before relaxing)
 .rodata._Z24setup_configure_metadatav.str1.1
                0x0800a98c       0x14 ./CommonRx/mlrs-rx.o
                                  0x1 (size before relaxing)
 .rodata._Z13setup_defaulth.str1.1
                0x0800a98c        0x7 ./CommonRx/mlrs-rx.o
 .rodata._Z10setup_initv.str1.1
                0x0800a993       0x17 ./CommonRx/mlrs-rx.o
 .rodata._Z27pack_rxcmdframe_rxsetupdataP8tRxFrameP11tFrameStats.str1.1
                0x0800a9aa        0xc ./CommonRx/mlrs-rx.o
 .rodata._ZN8BindBase4InitEv.str1.1
                0x0800a9b6       0x12 ./CommonRx/mlrs-rx.o
 .rodata._Z11fail_do_dbgP11tSerialBasePKc.str1.1
                0x0800a9c8        0x2 ./CommonRx/mlrs-rx.o
 .rodata._Z17FAILALWAYS_WSTATEhPKcthhh.str1.1
                0x0800a9ca       0x1a ./CommonRx/mlrs-rx.o
 .rodata._ZN10tRxMavlink4putcEc.str1.1
                0x0800a9e4       0x11 ./CommonRx/mlrs-rx.o
 .rodata._Z14handle_receiveh.str1.1
                0x0800a9f5       0x12 ./CommonRx/mlrs-rx.o
 .rodata._Z10do_receivehb.str1.1
                0x0800aa07       0x2b ./CommonRx/mlrs-rx.o
 .rodata._Z9main_mainv.str1.1
                0x0800aa32       0x3b ./CommonRx/mlrs-rx.o
 .rodata.CSWTCH.796
                0x0800aa6d        0x6 ./CommonRx/mlrs-rx.o
 *fill*         0x0800aa73        0x1 
 .rodata._ZTV12Sx126xDriver
                0x0800aa74       0x20 ./CommonRx/mlrs-rx.o
                0x0800aa74                vtable for Sx126xDriver
 .rodata._ZTV7StatsLQ
                0x0800aa94        0xc ./CommonRx/mlrs-rx.o
                0x0800aa94                vtable for StatsLQ
 .rodata._ZTV10StatsBytes
                0x0800aaa0        0xc ./CommonRx/mlrs-rx.o
                0x0800aaa0                vtable for StatsBytes
 .rodata._ZTV11tSerialPort
                0x0800aaac       0x28 ./CommonRx/mlrs-rx.o
                0x0800aaac                vtable for tSerialPort
 .rodata._ZTV10tDebugPort
                0x0800aad4       0x28 ./CommonRx/mlrs-rx.o
                0x0800aad4                vtable for tDebugPort
 .rodata._ZTV4tOut
                0x0800aafc       0x18 ./CommonRx/mlrs-rx.o
                0x0800aafc                vtable for tOut
 .rodata._ZTV11tRxSxSerial
                0x0800ab14       0x28 ./CommonRx/mlrs-rx.o
                0x0800ab14                vtable for tRxSxSerial
 .rodata._ZL16fmavx_crc8_table
                0x0800ab3c      0x100 ./CommonRx/mlrs-rx.o
 .rodata._ZL11fhss_config
                0x0800ac3c       0x60 ./CommonRx/mlrs-rx.o
 .rodata._ZL30fhss_bind_channel_list_915_fcc
                0x0800ac9c        0x1 ./CommonRx/mlrs-rx.o
 *fill*         0x0800ac9d        0x3 
 .rodata._ZL22fhss_freq_list_915_fcc
                0x0800aca0       0xac ./CommonRx/mlrs-rx.o
 .rodata._ZL26fhss_bind_channel_list_868
                0x0800ad4c        0x1 ./CommonRx/mlrs-rx.o
 *fill*         0x0800ad4d        0x3 
 .rodata._ZL18fhss_freq_list_868
                0x0800ad50       0x28 ./CommonRx/mlrs-rx.o
 .rodata._ZL23Sx126xGfskConfiguration
                0x0800ad78       0x20 ./CommonRx/mlrs-rx.o
 .rodata._ZL23Sx126xLoraConfiguration
                0x0800ad98       0x20 ./CommonRx/mlrs-rx.o
 .rodata._ZL18_fmav_message_crcs
                0x0800adb8     0x111c ./CommonRx/mlrs-rx.o
 .rodata._ZL22fmav_crc_table_MCRF4XX
                0x0800bed4      0x200 ./CommonRx/mlrs-rx.o
 .rodata._ZL12rfpower_list
                0x0800c0d4       0x14 ./CommonRx/mlrs-rx.o
 .rodata._ZL16bindphrase_chars
                0x0800c0e8       0x29 ./CommonRx/mlrs-rx.o
 *fill*         0x0800c111        0x3 
 .rodata._ZTV7OutBase
                0x0800c114       0x18 ./CommonRx/out.o
                0x0800c114                vtable for OutBase
 .rodata.MSIRangeTable
                0x0800c12c       0x40 ./Core/Src/system_stm32wlxx.o
                0x0800c12c                MSIRangeTable
 .rodata.APBPrescTable
                0x0800c16c       0x20 ./Core/Src/system_stm32wlxx.o
                0x0800c16c                APBPrescTable
 .rodata.AHBPrescTable
                0x0800c18c       0x40 ./Core/Src/system_stm32wlxx.o
                0x0800c18c                AHBPrescTable
 .rodata.USART_PRESCALER_TAB
                0x0800c1cc       0x30 ./Drivers/STM32WLxx_HAL_Driver/Src/stm32wlxx_ll_usart.o
                0x0800c1fc                        . = ALIGN (0x4)

.ARM.extab      0x0800c1fc        0x0
                0x0800c1fc                        . = ALIGN (0x4)
 *(.ARM.extab* .gnu.linkonce.armextab.*)
                0x0800c1fc                        . = ALIGN (0x4)

.ARM            0x0800c1fc        0x8
                0x0800c1fc                        . = ALIGN (0x4)
                0x0800c1fc                        __exidx_start = .
 *(.ARM.exidx*)
 .ARM.exidx     0x0800c1fc        0x8 C:/ST/STM32CubeIDE_1.15.0/STM32CubeIDE/plugins/com.st.stm32cube.ide.mcu.externaltools.gnu-tools-for-stm32.12.3.rel1.win32_1.0.100.202403111256/tools/bin/../lib/gcc/arm-none-eabi/12.3.1/../../../../arm-none-eabi/lib/thumb/v7e-m/nofp\libc_nano.a(libc_a-strlen.o)
                0x0800c204                        __exidx_end = .
                0x0800c204                        . = ALIGN (0x4)

.rel.dyn        0x0800c204        0x0
 .rel.iplt      0x0800c204        0x0 C:/ST/STM32CubeIDE_1.15.0/STM32CubeIDE/plugins/com.st.stm32cube.ide.mcu.externaltools.gnu-tools-for-stm32.12.3.rel1.win32_1.0.100.202403111256/tools/bin/../lib/gcc/arm-none-eabi/12.3.1/thumb/v7e-m/nofp/crtbegin.o

.preinit_array  0x0800c204        0x0
                0x0800c204                        . = ALIGN (0x4)
                0x0800c204                        PROVIDE (__preinit_array_start = .)
 *(.preinit_array*)
                0x0800c204                        PROVIDE (__preinit_array_end = .)
                0x0800c204                        . = ALIGN (0x4)

.init_array     0x0800c204        0x8
                0x0800c204                        . = ALIGN (0x4)
                0x0800c204                        PROVIDE (__init_array_start = .)
 *(SORT_BY_NAME(.init_array.*))
 *(.init_array*)
 .init_array    0x0800c204        0x4 C:/ST/STM32CubeIDE_1.15.0/STM32CubeIDE/plugins/com.st.stm32cube.ide.mcu.externaltools.gnu-tools-for-stm32.12.3.rel1.win32_1.0.100.202403111256/tools/bin/../lib/gcc/arm-none-eabi/12.3.1/thumb/v7e-m/nofp/crtbegin.o
 .init_array    0x0800c208        0x4 ./CommonRx/mlrs-rx.o
                0x0800c20c                        PROVIDE (__init_array_end = .)
                0x0800c20c                        . = ALIGN (0x4)

.fini_array     0x0800c20c        0x4
                0x0800c20c                        . = ALIGN (0x4)
                [!provide]                        PROVIDE (__fini_array_start = .)
 *(SORT_BY_NAME(.fini_array.*))
 *(.fini_array*)
 .fini_array    0x0800c20c        0x4 C:/ST/STM32CubeIDE_1.15.0/STM32CubeIDE/plugins/com.st.stm32cube.ide.mcu.externaltools.gnu-tools-for-stm32.12.3.rel1.win32_1.0.100.202403111256/tools/bin/../lib/gcc/arm-none-eabi/12.3.1/thumb/v7e-m/nofp/crtbegin.o
                [!provide]                        PROVIDE (__fini_array_end = .)
                0x0800c210                        . = ALIGN (0x4)
                0x0800c210                        _sidata = LOADADDR (.data)

.data           0x20000000       0x44 load address 0x0800c210
                0x20000000                        . = ALIGN (0x4)
                0x20000000                        _sdata = .
 *(.data)
 *(.data*)
 .data.rxstatus_str
                0x20000000       0x10 ./Common/link_types.o
                0x20000000                rxstatus_str
 .data.linkstate_str
                0x20000010       0x10 ./Common/link_types.o
                0x20000010                linkstate_str
 .data.sx_serial
                0x20000020        0x4 ./CommonRx/mlrs-rx.o
                0x20000020                sx_serial
 *fill*         0x20000024        0x4 
 .data._ZL25powerup_counter_signature
                0x20000028        0x8 ./CommonRx/mlrs-rx.o
 .data.dbg      0x20000030        0x4 ./CommonRx/mlrs-rx.o
                0x20000030                dbg
 .data.serial   0x20000034        0x4 ./CommonRx/mlrs-rx.o
                0x20000034                serial
 .data.SystemCoreClock
                0x20000038        0x4 ./Core/Src/system_stm32wlxx.o
                0x20000038                SystemCoreClock
 .data.uwTickFreq
                0x2000003c        0x1 ./Drivers/STM32WLxx_HAL_Driver/Src/stm32wlxx_hal.o
                0x2000003c                uwTickFreq
 *fill*         0x2000003d        0x3 
 .data.uwTickPrio
                0x20000040        0x4 ./Drivers/STM32WLxx_HAL_Driver/Src/stm32wlxx_hal.o
                0x20000040                uwTickPrio
 *(.RamFunc)
 *(.RamFunc*)
                0x20000044                        . = ALIGN (0x4)
                0x20000044                        _edata = .

.igot.plt       0x20000044        0x0 load address 0x0800c254
 .igot.plt      0x20000044        0x0 C:/ST/STM32CubeIDE_1.15.0/STM32CubeIDE/plugins/com.st.stm32cube.ide.mcu.externaltools.gnu-tools-for-stm32.12.3.rel1.win32_1.0.100.202403111256/tools/bin/../lib/gcc/arm-none-eabi/12.3.1/thumb/v7e-m/nofp/crtbegin.o
                0x20000044                        . = ALIGN (0x4)

.bss            0x20000048     0x209c load address 0x0800c254
                0x20000048                        _sbss = .
                0x20000048                        __bss_start__ = _sbss
 *(.bss)
 .bss           0x20000048       0x1c C:/ST/STM32CubeIDE_1.15.0/STM32CubeIDE/plugins/com.st.stm32cube.ide.mcu.externaltools.gnu-tools-for-stm32.12.3.rel1.win32_1.0.100.202403111256/tools/bin/../lib/gcc/arm-none-eabi/12.3.1/thumb/v7e-m/nofp/crtbegin.o
 *(.bss*)
 .bss.frame_missed
                0x20000064        0x1 ./CommonRx/mlrs-rx.o
                0x20000064                frame_missed
 .bss.doPostReceive2
                0x20000065        0x1 ./CommonRx/mlrs-rx.o
                0x20000065                doPostReceive2
 .bss.doPostReceive2_cnt
                0x20000066        0x1 ./CommonRx/mlrs-rx.o
                0x20000066                doPostReceive2_cnt
 .bss.connect_occured_once
                0x20000067        0x1 ./CommonRx/mlrs-rx.o
                0x20000067                connect_occured_once
 .bss.connect_listen_cnt
                0x20000068        0x1 ./CommonRx/mlrs-rx.o
                0x20000068                connect_listen_cnt
 .bss.connect_sync_cnt