D:/mLRS/mLRS/Common/thirdparty/gdisp.c:390:6:gdisp_setpixel_rot180_	4	static
D:/mLRS/mLRS/Common/thirdparty/gdisp.c:367:6:gdisp_setpixel_	4	static
D:/mLRS/mLRS/Common/thirdparty/gdisp.c:395:6:gdisp_setpixel_rot270_	4	static
D:/mLRS/mLRS/Common/thirdparty/gdisp.c:385:6:gdisp_setpixel_rot90_	4	static
D:/mLRS/mLRS/Common/thirdparty/gdisp.c:159:6:ssd1306_init	8	static
D:/mLRS/mLRS/Common/thirdparty/gdisp.c:166:6:ssd1306_cmd2	16	static
D:/mLRS/mLRS/Common/thirdparty/gdisp.c:173:6:ssd1306_cmdhome	16	static
D:/mLRS/mLRS/Common/thirdparty/gdisp.c:180:6:ssd1306_contraststart	16	static
D:/mLRS/mLRS/Common/thirdparty/gdisp.c:187:6:ssd1306_contrastend	16	static
D:/mLRS/mLRS/Common/thirdparty/gdisp.c:195:6:ssd1306_contrast	16	static
D:/mLRS/mLRS/Common/thirdparty/gdisp.c:209:19:ssd1306_put_noblock	24	static
D:/mLRS/mLRS/Common/thirdparty/gdisp.c:227:6:gdisp_hal_init	8	static
D:/mLRS/mLRS/Common/thirdparty/gdisp.c:238:6:gdisp_hal_cmdhome	16	static
D:/mLRS/mLRS/Common/thirdparty/gdisp.c:247:19:gdisp_hal_put	24	static
D:/mLRS/mLRS/Common/thirdparty/gdisp.c:257:6:gdisp_hal_contraststart	16	static
D:/mLRS/mLRS/Common/thirdparty/gdisp.c:266:6:gdisp_hal_contrastend	16	static
D:/mLRS/mLRS/Common/thirdparty/gdisp.c:275:6:gdisp_hal_contrast	16	static
D:/mLRS/mLRS/Common/thirdparty/gdisp.c:290:6:gdisp_update	16	static
D:/mLRS/mLRS/Common/thirdparty/gdisp.c:315:9:gdisp_update_completed	8	static
D:/mLRS/mLRS/Common/thirdparty/gdisp.c:323:6:gdisp_setrotation	8	static
D:/mLRS/mLRS/Common/thirdparty/gdisp.c:401:6:gdisp_setpixelfuncptr_	0	static
D:/mLRS/mLRS/Common/thirdparty/gdisp.c:419:6:gdisp_clear	0	static
D:/mLRS/mLRS/Common/thirdparty/gdisp.c:426:6:gdisp_drawpixel	0	static
D:/mLRS/mLRS/Common/thirdparty/gdisp.c:436:6:gdisp_drawbitmap	56	static
D:/mLRS/mLRS/Common/thirdparty/gdisp.c:460:6:gdisp_writeline	0	static
D:/mLRS/mLRS/Common/thirdparty/gdisp.c:466:6:gdisp_drawline_H	32	static
D:/mLRS/mLRS/Common/thirdparty/gdisp.c:476:6:gdisp_drawline_V	32	static
D:/mLRS/mLRS/Common/thirdparty/gdisp.c:486:6:gdisp_drawline	32	static
D:/mLRS/mLRS/Common/thirdparty/gdisp.c:501:6:gdisp_drawrect_WH	56	static
D:/mLRS/mLRS/Common/thirdparty/gdisp.c:512:6:gdisp_drawrect	56	static
D:/mLRS/mLRS/Common/thirdparty/gdisp.c:518:6:gdisp_fillrect_WH	40	static
D:/mLRS/mLRS/Common/thirdparty/gdisp.c:528:6:gdisp_fillrect	40	static
D:/mLRS/mLRS/Common/thirdparty/gdisp.c:539:6:gdisp_setfontbackground	0	static
D:/mLRS/mLRS/Common/thirdparty/gdisp.c:540:6:gdisp_unsetfontbackground	0	static
D:/mLRS/mLRS/Common/thirdparty/gdisp.c:541:6:gdisp_setfont	0	static
D:/mLRS/mLRS/Common/thirdparty/gdisp.c:542:6:gdisp_unsetfont	0	static
D:/mLRS/mLRS/Common/thirdparty/gdisp.c:544:6:gdisp_setkerning	0	static
D:/mLRS/mLRS/Common/thirdparty/gdisp.c:545:6:gdisp_unsetkerning	0	static
D:/mLRS/mLRS/Common/thirdparty/gdisp.c:547:6:gdisp_setinverted	0	static
D:/mLRS/mLRS/Common/thirdparty/gdisp.c:548:6:gdisp_unsetinverted	0	static
D:/mLRS/mLRS/Common/thirdparty/gdisp.c:550:6:gdisp_setcurX	0	static
D:/mLRS/mLRS/Common/thirdparty/gdisp.c:551:6:gdisp_setcurY	0	static
D:/mLRS/mLRS/Common/thirdparty/gdisp.c:552:6:gdisp_setcurXY	0	static
D:/mLRS/mLRS/Common/thirdparty/gdisp.c:553:6:gdisp_movecurX	0	static
D:/mLRS/mLRS/Common/thirdparty/gdisp.c:554:6:gdisp_movecurY	0	static
D:/mLRS/mLRS/Common/thirdparty/gdisp.c:557:6:gdisp_w	40	static
D:/mLRS/mLRS/Common/thirdparty/gdisp.c:595:6:gdisp_wf	72	static
D:/mLRS/mLRS/Common/thirdparty/gdisp.c:639:10:gdisp_strwidth	16	static
D:/mLRS/mLRS/Common/thirdparty/gdisp.c:659:6:gdisp_putc	0	static
D:/mLRS/mLRS/Common/thirdparty/gdisp.c:665:6:gdisp_puts	16	static
D:/mLRS/mLRS/Common/thirdparty/gdisp.c:671:6:gdisp_puts_XCentered	24	static
D:/mLRS/mLRS/Common/thirdparty/gdisp.c:683:6:gdisp_init	24	static
