D:/mLRS/mLRS/modules/sx12xx-lib/src/sx126x.h:60:10:void Sx126xDriverBase::SpiTransfer(uint8_t, uint8_t*)	16	static
D:/mLRS/mLRS/modules/sx12xx-lib/src/sx126x.cpp:16:6:void Sx126xDriverBase::SpiRead(uint8_t*, uint8_t)	24	static
D:/mLRS/mLRS/modules/sx12xx-lib/src/sx126x.cpp:28:6:void Sx126xDriverBase::SpiWrite(uint8_t*, uint8_t)	24	static
D:/mLRS/mLRS/modules/sx12xx-lib/src/sx126x.h:62:10:void Sx126xDriverBase::SpiWrite(uint8_t)	16	static
D:/mLRS/mLRS/modules/sx12xx-lib/src/sx126x.cpp:42:6:void Sx126xDriverBase::WriteCommand(uint8_t, uint8_t*, uint8_t)	24	static
D:/mLRS/mLRS/modules/sx12xx-lib/src/sx126x.cpp:53:6:void Sx126xDriverBase::ReadCommand(uint8_t, uint8_t*, uint8_t)	24	static
D:/mLRS/mLRS/modules/sx12xx-lib/src/sx126x.cpp:65:6:void Sx126xDriverBase::WriteRegister(uint16_t, uint8_t*, uint8_t)	24	static
D:/mLRS/mLRS/modules/sx12xx-lib/src/sx126x.h:75:10:void Sx126xDriverBase::WriteRegister(uint16_t, uint8_t)	16	static
D:/mLRS/mLRS/modules/sx12xx-lib/src/sx126x.cpp:78:6:void Sx126xDriverBase::ReadRegister(uint16_t, uint8_t*, uint8_t)	24	static
D:/mLRS/mLRS/modules/sx12xx-lib/src/sx126x.h:76:13:uint8_t Sx126xDriverBase::ReadRegister(uint16_t)	16	static
D:/mLRS/mLRS/modules/sx12xx-lib/src/sx126x.cpp:92:6:void Sx126xDriverBase::WriteBuffer(uint8_t, uint8_t*, uint8_t)	24	static
D:/mLRS/mLRS/modules/sx12xx-lib/src/sx126x.cpp:104:6:void Sx126xDriverBase::ReadBuffer(uint8_t, uint8_t*, uint8_t)	24	static
D:/mLRS/mLRS/modules/sx12xx-lib/src/sx126x.cpp:119:9:uint8_t Sx126xDriverBase::GetStatus()	8	static
D:/mLRS/mLRS/modules/sx12xx-lib/src/sx126x.cpp:126:6:void Sx126xDriverBase::SetStandby(uint8_t)	24	static
D:/mLRS/mLRS/modules/sx12xx-lib/src/sx126x.cpp:139:6:void Sx126xDriverBase::SetPacketType(uint8_t)	16	static
D:/mLRS/mLRS/modules/sx12xx-lib/src/sx126x.cpp:145:6:void Sx126xDriverBase::SetRfFrequency(uint32_t)	16	static
D:/mLRS/mLRS/modules/sx12xx-lib/src/sx126x.cpp:158:6:void Sx126xDriverBase::SetBufferBaseAddress(uint8_t, uint8_t)	16	static
D:/mLRS/mLRS/modules/sx12xx-lib/src/sx126x.cpp:169:6:void Sx126xDriverBase::SetModulationParams(uint8_t, uint8_t, uint8_t)	24	static
D:/mLRS/mLRS/modules/sx12xx-lib/src/sx126x.cpp:184:6:void Sx126xDriverBase::SetPacketParams(uint8_t, uint8_t, uint8_t, uint8_t, uint8_t)	24	static
D:/mLRS/mLRS/modules/sx12xx-lib/src/sx126x.cpp:213:6:void Sx126xDriverBase::SetDioIrqParams(uint16_t, uint16_t, uint16_t, uint16_t)	16	static
D:/mLRS/mLRS/modules/sx12xx-lib/src/sx126x.cpp:233:10:uint16_t Sx126xDriverBase::GetIrqStatus()	16	static
D:/mLRS/mLRS/modules/sx12xx-lib/src/sx126x.cpp:242:6:void Sx126xDriverBase::ClearIrqStatus(uint16_t)	16	static
D:/mLRS/mLRS/modules/sx12xx-lib/src/sx126x.cpp:269:6:void Sx126xDriverBase::SetTxParams(uint8_t, uint8_t)	16	static
D:/mLRS/mLRS/modules/sx12xx-lib/src/sx126x.cpp:280:6:void Sx126xDriverBase::SetTx(uint32_t)	24	static
D:/mLRS/mLRS/modules/sx12xx-lib/src/sx126x.cpp:315:6:void Sx126xDriverBase::SetRx(uint32_t)	16	static
D:/mLRS/mLRS/modules/sx12xx-lib/src/sx126x.cpp:332:6:void Sx126xDriverBase::GetPacketStatus(int16_t*, int8_t*)	24	static
D:/mLRS/mLRS/modules/sx12xx-lib/src/sx126x.cpp:343:6:void Sx126xDriverBase::GetRxBufferStatus(uint8_t*, uint8_t*)	24	static
D:/mLRS/mLRS/modules/sx12xx-lib/src/sx126x.cpp:354:6:void Sx126xDriverBase::ClearRxEvent()	16	static
D:/mLRS/mLRS/modules/sx12xx-lib/src/sx126x.cpp:253:10:uint16_t Sx126xDriverBase::GetAndClearIrqStatus(uint16_t)	16	static
D:/mLRS/mLRS/modules/sx12xx-lib/src/sx126x.cpp:373:6:void Sx126xDriverBase::SetRegulatorMode(uint8_t)	16	static
D:/mLRS/mLRS/modules/sx12xx-lib/src/sx126x.cpp:379:6:void Sx126xDriverBase::SetAutoFs(uint8_t)	16	static
D:/mLRS/mLRS/modules/sx12xx-lib/src/sx126x.cpp:388:6:void Sx126xDriverBase::SetFs()	8	static
D:/mLRS/mLRS/modules/sx12xx-lib/src/sx126x.cpp:395:10:uint16_t Sx126xDriverBase::GetFirmwareRev()	8	static
D:/mLRS/mLRS/modules/sx12xx-lib/src/sx126x.cpp:401:6:void Sx126xDriverBase::SetSyncWord(uint16_t)	16	static
D:/mLRS/mLRS/modules/sx12xx-lib/src/sx126x.cpp:412:6:void Sx126xDriverBase::ClearDeviceError()	16	static
D:/mLRS/mLRS/modules/sx12xx-lib/src/sx126x.cpp:420:10:uint16_t Sx126xDriverBase::GetDeviceError()	16	static
D:/mLRS/mLRS/modules/sx12xx-lib/src/sx126x.cpp:431:6:void Sx126xDriverBase::SetDio3AsTcxoControl(uint8_t, uint32_t)	16	static
D:/mLRS/mLRS/modules/sx12xx-lib/src/sx126x.cpp:445:6:void Sx126xDriverBase::SetDio2AsRfSwitchControl(uint8_t)	16	static
D:/mLRS/mLRS/modules/sx12xx-lib/src/sx126x.cpp:452:6:void Sx126xDriverBase::SetSymbNumTimeout(uint8_t)	32	static
D:/mLRS/mLRS/modules/sx12xx-lib/src/sx126x.cpp:473:6:void Sx126xDriverBase::SetRxGain(uint8_t)	8	static
D:/mLRS/mLRS/modules/sx12xx-lib/src/sx126x.cpp:479:6:void Sx126xDriverBase::SetOverCurrentProtection(uint8_t)	8	static
D:/mLRS/mLRS/modules/sx12xx-lib/src/sx126x.cpp:485:7:void Sx126xDriverBase::SetPaConfig(uint8_t, uint8_t, uint8_t, uint8_t)	16	static
D:/mLRS/mLRS/modules/sx12xx-lib/src/sx126x.cpp:498:6:void Sx126xDriverBase::SetPaConfig_22dbm()	16	static
D:/mLRS/mLRS/modules/sx12xx-lib/src/sx126x.cpp:511:6:void Sx126xDriverBase::CalibrateImage(uint8_t, uint8_t)	16	static
D:/mLRS/mLRS/modules/sx12xx-lib/src/sx126x.cpp:528:6:void Sx126xDriverBase::CalibrateImage_mhz(uint16_t, uint16_t)	0	static
D:/mLRS/mLRS/modules/sx12xx-lib/src/sx126x.cpp:539:6:void Sx126xDriverBase::SetModulationParamsGFSK(uint32_t, uint8_t, uint8_t, uint32_t)	24	static
D:/mLRS/mLRS/modules/sx12xx-lib/src/sx126x.cpp:563:6:void Sx126xDriverBase::SetPacketParamsGFSK(uint16_t, uint8_t, uint8_t, uint8_t, uint8_t, uint8_t, uint8_t, uint8_t)	24	static
D:/mLRS/mLRS/modules/sx12xx-lib/src/sx126x.cpp:580:6:void Sx126xDriverBase::SetSyncWordGFSK(uint16_t)	16	static
D:/mLRS/mLRS/modules/sx12xx-lib/src/sx126x.cpp:596:6:void Sx126xDriverBase::GetPacketStatusGFSK(int16_t*)	16	static
